<?xml version="1.0"?>
<link_info>
   <banner>MSP430 Linker Unix v16.9.0.LTS</banner>
   <copyright>Copyright (c) 2003-2015 Texas Instruments Incorporated</copyright>
   <link_time>0x5ae4de30</link_time>
   <link_errors>0x0</link_errors>
   <output_file>VT_Build_System.out</output_file>
   <entry_point>
      <name>_c_int00_noargs</name>
      <address>0x4820</address>
   </entry_point>
   <input_file_list>
      <input_file id="fl-2">
         <path>./</path>
         <kind>object</kind>
         <file>main.obj</file>
         <name>main.obj</name>
      </input_file>
      <input_file id="fl-3">
         <path>./CCS_Only/</path>
         <kind>object</kind>
         <file>RegTest.obj</file>
         <name>RegTest.obj</name>
      </input_file>
      <input_file id="fl-4">
         <path>./FreeRTOS_Source/</path>
         <kind>object</kind>
         <file>croutine.obj</file>
         <name>croutine.obj</name>
      </input_file>
      <input_file id="fl-5">
         <path>./FreeRTOS_Source/</path>
         <kind>object</kind>
         <file>event_groups.obj</file>
         <name>event_groups.obj</name>
      </input_file>
      <input_file id="fl-6">
         <path>./FreeRTOS_Source/</path>
         <kind>object</kind>
         <file>list.obj</file>
         <name>list.obj</name>
      </input_file>
      <input_file id="fl-7">
         <path>./FreeRTOS_Source/</path>
         <kind>object</kind>
         <file>queue.obj</file>
         <name>queue.obj</name>
      </input_file>
      <input_file id="fl-8">
         <path>./FreeRTOS_Source/</path>
         <kind>object</kind>
         <file>stream_buffer.obj</file>
         <name>stream_buffer.obj</name>
      </input_file>
      <input_file id="fl-9">
         <path>./FreeRTOS_Source/</path>
         <kind>object</kind>
         <file>tasks.obj</file>
         <name>tasks.obj</name>
      </input_file>
      <input_file id="fl-a">
         <path>./FreeRTOS_Source/</path>
         <kind>object</kind>
         <file>timers.obj</file>
         <name>timers.obj</name>
      </input_file>
      <input_file id="fl-b">
         <path>./FreeRTOS_Source/portable/CCS/MSP430X/</path>
         <kind>object</kind>
         <file>port.obj</file>
         <name>port.obj</name>
      </input_file>
      <input_file id="fl-c">
         <path>./FreeRTOS_Source/portable/CCS/MSP430X/</path>
         <kind>object</kind>
         <file>portext.obj</file>
         <name>portext.obj</name>
      </input_file>
      <input_file id="fl-d">
         <path>./FreeRTOS_Source/portable/Common/</path>
         <kind>object</kind>
         <file>mpu_wrappers.obj</file>
         <name>mpu_wrappers.obj</name>
      </input_file>
      <input_file id="fl-e">
         <path>./driverlib/MSP430FR5xx_6xx/</path>
         <kind>object</kind>
         <file>adc12_b.obj</file>
         <name>adc12_b.obj</name>
      </input_file>
      <input_file id="fl-f">
         <path>./driverlib/MSP430FR5xx_6xx/</path>
         <kind>object</kind>
         <file>aes256.obj</file>
         <name>aes256.obj</name>
      </input_file>
      <input_file id="fl-10">
         <path>./driverlib/MSP430FR5xx_6xx/</path>
         <kind>object</kind>
         <file>comp_e.obj</file>
         <name>comp_e.obj</name>
      </input_file>
      <input_file id="fl-11">
         <path>./driverlib/MSP430FR5xx_6xx/</path>
         <kind>object</kind>
         <file>crc.obj</file>
         <name>crc.obj</name>
      </input_file>
      <input_file id="fl-12">
         <path>./driverlib/MSP430FR5xx_6xx/</path>
         <kind>object</kind>
         <file>crc32.obj</file>
         <name>crc32.obj</name>
      </input_file>
      <input_file id="fl-13">
         <path>./driverlib/MSP430FR5xx_6xx/</path>
         <kind>object</kind>
         <file>cs.obj</file>
         <name>cs.obj</name>
      </input_file>
      <input_file id="fl-14">
         <path>./driverlib/MSP430FR5xx_6xx/</path>
         <kind>object</kind>
         <file>dma.obj</file>
         <name>dma.obj</name>
      </input_file>
      <input_file id="fl-15">
         <path>./driverlib/MSP430FR5xx_6xx/</path>
         <kind>object</kind>
         <file>esi.obj</file>
         <name>esi.obj</name>
      </input_file>
      <input_file id="fl-16">
         <path>./driverlib/MSP430FR5xx_6xx/</path>
         <kind>object</kind>
         <file>eusci_a_spi.obj</file>
         <name>eusci_a_spi.obj</name>
      </input_file>
      <input_file id="fl-17">
         <path>./driverlib/MSP430FR5xx_6xx/</path>
         <kind>object</kind>
         <file>eusci_a_uart.obj</file>
         <name>eusci_a_uart.obj</name>
      </input_file>
      <input_file id="fl-18">
         <path>./driverlib/MSP430FR5xx_6xx/</path>
         <kind>object</kind>
         <file>eusci_b_i2c.obj</file>
         <name>eusci_b_i2c.obj</name>
      </input_file>
      <input_file id="fl-19">
         <path>./driverlib/MSP430FR5xx_6xx/</path>
         <kind>object</kind>
         <file>eusci_b_spi.obj</file>
         <name>eusci_b_spi.obj</name>
      </input_file>
      <input_file id="fl-1a">
         <path>./driverlib/MSP430FR5xx_6xx/</path>
         <kind>object</kind>
         <file>framctl.obj</file>
         <name>framctl.obj</name>
      </input_file>
      <input_file id="fl-1b">
         <path>./driverlib/MSP430FR5xx_6xx/</path>
         <kind>object</kind>
         <file>gpio.obj</file>
         <name>gpio.obj</name>
      </input_file>
      <input_file id="fl-1c">
         <path>./driverlib/MSP430FR5xx_6xx/</path>
         <kind>object</kind>
         <file>lcd_c.obj</file>
         <name>lcd_c.obj</name>
      </input_file>
      <input_file id="fl-1d">
         <path>./driverlib/MSP430FR5xx_6xx/</path>
         <kind>object</kind>
         <file>mpu.obj</file>
         <name>mpu.obj</name>
      </input_file>
      <input_file id="fl-1e">
         <path>./driverlib/MSP430FR5xx_6xx/</path>
         <kind>object</kind>
         <file>mpy32.obj</file>
         <name>mpy32.obj</name>
      </input_file>
      <input_file id="fl-1f">
         <path>./driverlib/MSP430FR5xx_6xx/</path>
         <kind>object</kind>
         <file>pmm.obj</file>
         <name>pmm.obj</name>
      </input_file>
      <input_file id="fl-20">
         <path>./driverlib/MSP430FR5xx_6xx/</path>
         <kind>object</kind>
         <file>ram.obj</file>
         <name>ram.obj</name>
      </input_file>
      <input_file id="fl-21">
         <path>./driverlib/MSP430FR5xx_6xx/</path>
         <kind>object</kind>
         <file>ref_a.obj</file>
         <name>ref_a.obj</name>
      </input_file>
      <input_file id="fl-22">
         <path>./driverlib/MSP430FR5xx_6xx/</path>
         <kind>object</kind>
         <file>rtc_b.obj</file>
         <name>rtc_b.obj</name>
      </input_file>
      <input_file id="fl-23">
         <path>./driverlib/MSP430FR5xx_6xx/</path>
         <kind>object</kind>
         <file>rtc_c.obj</file>
         <name>rtc_c.obj</name>
      </input_file>
      <input_file id="fl-24">
         <path>./driverlib/MSP430FR5xx_6xx/</path>
         <kind>object</kind>
         <file>sfr.obj</file>
         <name>sfr.obj</name>
      </input_file>
      <input_file id="fl-25">
         <path>./driverlib/MSP430FR5xx_6xx/</path>
         <kind>object</kind>
         <file>sysctl.obj</file>
         <name>sysctl.obj</name>
      </input_file>
      <input_file id="fl-26">
         <path>./driverlib/MSP430FR5xx_6xx/</path>
         <kind>object</kind>
         <file>timer_a.obj</file>
         <name>timer_a.obj</name>
      </input_file>
      <input_file id="fl-27">
         <path>./driverlib/MSP430FR5xx_6xx/</path>
         <kind>object</kind>
         <file>timer_b.obj</file>
         <name>timer_b.obj</name>
      </input_file>
      <input_file id="fl-28">
         <path>./driverlib/MSP430FR5xx_6xx/</path>
         <kind>object</kind>
         <file>tlv.obj</file>
         <name>tlv.obj</name>
      </input_file>
      <input_file id="fl-29">
         <path>./driverlib/MSP430FR5xx_6xx/</path>
         <kind>object</kind>
         <file>wdt_a.obj</file>
         <name>wdt_a.obj</name>
      </input_file>
      <input_file id="fl-2a">
         <path>./hal/</path>
         <kind>object</kind>
         <file>gpio_native.obj</file>
         <name>gpio_native.obj</name>
      </input_file>
      <input_file id="fl-2b">
         <path>./hal/</path>
         <kind>object</kind>
         <file>i2c.obj</file>
         <name>i2c.obj</name>
      </input_file>
      <input_file id="fl-2c">
         <path>./hal/</path>
         <kind>object</kind>
         <file>imu.obj</file>
         <name>imu.obj</name>
      </input_file>
      <input_file id="fl-2d">
         <path>./hal/</path>
         <kind>object</kind>
         <file>mmc.obj</file>
         <name>mmc.obj</name>
      </input_file>
      <input_file id="fl-2e">
         <path>./hal/</path>
         <kind>object</kind>
         <file>spi.obj</file>
         <name>spi.obj</name>
      </input_file>
      <input_file id="fl-2f">
         <path>./hal/</path>
         <kind>object</kind>
         <file>uart.obj</file>
         <name>uart.obj</name>
      </input_file>
      <input_file id="fl-30">
         <path>./hal/hal_eusci/</path>
         <kind>object</kind>
         <file>i2c_eusci_native.obj</file>
         <name>i2c_eusci_native.obj</name>
      </input_file>
      <input_file id="fl-31">
         <path>./hal/hal_eusci/</path>
         <kind>object</kind>
         <file>spi_eusci_native.obj</file>
         <name>spi_eusci_native.obj</name>
      </input_file>
      <input_file id="fl-32">
         <path>./hal/hal_eusci/</path>
         <kind>object</kind>
         <file>uart_eusci_native.obj</file>
         <name>uart_eusci_native.obj</name>
      </input_file>
      <input_file id="fl-53">
         <path>/opt/ti/ccsv7/tools/compiler/ti-cgt-msp430_16.9.0.LTS/lib/</path>
         <kind>archive</kind>
         <file>rts430x_lc_ld_eabi.lib</file>
         <name>copy_decompress_lzss.obj</name>
      </input_file>
      <input_file id="fl-54">
         <path>/opt/ti/ccsv7/tools/compiler/ti-cgt-msp430_16.9.0.LTS/lib/</path>
         <kind>archive</kind>
         <file>rts430x_lc_ld_eabi.lib</file>
         <name>copy_decompress_none.obj</name>
      </input_file>
      <input_file id="fl-55">
         <path>/opt/ti/ccsv7/tools/compiler/ti-cgt-msp430_16.9.0.LTS/lib/</path>
         <kind>archive</kind>
         <file>rts430x_lc_ld_eabi.lib</file>
         <name>int30.obj</name>
      </input_file>
      <input_file id="fl-56">
         <path>/opt/ti/ccsv7/tools/compiler/ti-cgt-msp430_16.9.0.LTS/lib/</path>
         <kind>archive</kind>
         <file>rts430x_lc_ld_eabi.lib</file>
         <name>isr_trap.obj</name>
      </input_file>
      <input_file id="fl-57">
         <path>/opt/ti/ccsv7/tools/compiler/ti-cgt-msp430_16.9.0.LTS/lib/</path>
         <kind>archive</kind>
         <file>rts430x_lc_ld_eabi.lib</file>
         <name>int31.obj</name>
      </input_file>
      <input_file id="fl-58">
         <path>/opt/ti/ccsv7/tools/compiler/ti-cgt-msp430_16.9.0.LTS/lib/</path>
         <kind>archive</kind>
         <file>rts430x_lc_ld_eabi.lib</file>
         <name>int32.obj</name>
      </input_file>
      <input_file id="fl-59">
         <path>/opt/ti/ccsv7/tools/compiler/ti-cgt-msp430_16.9.0.LTS/lib/</path>
         <kind>archive</kind>
         <file>rts430x_lc_ld_eabi.lib</file>
         <name>int33.obj</name>
      </input_file>
      <input_file id="fl-5a">
         <path>/opt/ti/ccsv7/tools/compiler/ti-cgt-msp430_16.9.0.LTS/lib/</path>
         <kind>archive</kind>
         <file>rts430x_lc_ld_eabi.lib</file>
         <name>int34.obj</name>
      </input_file>
      <input_file id="fl-5b">
         <path>/opt/ti/ccsv7/tools/compiler/ti-cgt-msp430_16.9.0.LTS/lib/</path>
         <kind>archive</kind>
         <file>rts430x_lc_ld_eabi.lib</file>
         <name>int35.obj</name>
      </input_file>
      <input_file id="fl-5c">
         <path>/opt/ti/ccsv7/tools/compiler/ti-cgt-msp430_16.9.0.LTS/lib/</path>
         <kind>archive</kind>
         <file>rts430x_lc_ld_eabi.lib</file>
         <name>int36.obj</name>
      </input_file>
      <input_file id="fl-5d">
         <path>/opt/ti/ccsv7/tools/compiler/ti-cgt-msp430_16.9.0.LTS/lib/</path>
         <kind>archive</kind>
         <file>rts430x_lc_ld_eabi.lib</file>
         <name>int37.obj</name>
      </input_file>
      <input_file id="fl-5e">
         <path>/opt/ti/ccsv7/tools/compiler/ti-cgt-msp430_16.9.0.LTS/lib/</path>
         <kind>archive</kind>
         <file>rts430x_lc_ld_eabi.lib</file>
         <name>int38.obj</name>
      </input_file>
      <input_file id="fl-5f">
         <path>/opt/ti/ccsv7/tools/compiler/ti-cgt-msp430_16.9.0.LTS/lib/</path>
         <kind>archive</kind>
         <file>rts430x_lc_ld_eabi.lib</file>
         <name>int39.obj</name>
      </input_file>
      <input_file id="fl-60">
         <path>/opt/ti/ccsv7/tools/compiler/ti-cgt-msp430_16.9.0.LTS/lib/</path>
         <kind>archive</kind>
         <file>rts430x_lc_ld_eabi.lib</file>
         <name>int41.obj</name>
      </input_file>
      <input_file id="fl-61">
         <path>/opt/ti/ccsv7/tools/compiler/ti-cgt-msp430_16.9.0.LTS/lib/</path>
         <kind>archive</kind>
         <file>rts430x_lc_ld_eabi.lib</file>
         <name>int42.obj</name>
      </input_file>
      <input_file id="fl-62">
         <path>/opt/ti/ccsv7/tools/compiler/ti-cgt-msp430_16.9.0.LTS/lib/</path>
         <kind>archive</kind>
         <file>rts430x_lc_ld_eabi.lib</file>
         <name>int44.obj</name>
      </input_file>
      <input_file id="fl-63">
         <path>/opt/ti/ccsv7/tools/compiler/ti-cgt-msp430_16.9.0.LTS/lib/</path>
         <kind>archive</kind>
         <file>rts430x_lc_ld_eabi.lib</file>
         <name>int46.obj</name>
      </input_file>
      <input_file id="fl-64">
         <path>/opt/ti/ccsv7/tools/compiler/ti-cgt-msp430_16.9.0.LTS/lib/</path>
         <kind>archive</kind>
         <file>rts430x_lc_ld_eabi.lib</file>
         <name>int47.obj</name>
      </input_file>
      <input_file id="fl-65">
         <path>/opt/ti/ccsv7/tools/compiler/ti-cgt-msp430_16.9.0.LTS/lib/</path>
         <kind>archive</kind>
         <file>rts430x_lc_ld_eabi.lib</file>
         <name>int49.obj</name>
      </input_file>
      <input_file id="fl-66">
         <path>/opt/ti/ccsv7/tools/compiler/ti-cgt-msp430_16.9.0.LTS/lib/</path>
         <kind>archive</kind>
         <file>rts430x_lc_ld_eabi.lib</file>
         <name>int50.obj</name>
      </input_file>
      <input_file id="fl-67">
         <path>/opt/ti/ccsv7/tools/compiler/ti-cgt-msp430_16.9.0.LTS/lib/</path>
         <kind>archive</kind>
         <file>rts430x_lc_ld_eabi.lib</file>
         <name>int51.obj</name>
      </input_file>
      <input_file id="fl-68">
         <path>/opt/ti/ccsv7/tools/compiler/ti-cgt-msp430_16.9.0.LTS/lib/</path>
         <kind>archive</kind>
         <file>rts430x_lc_ld_eabi.lib</file>
         <name>int52.obj</name>
      </input_file>
      <input_file id="fl-69">
         <path>/opt/ti/ccsv7/tools/compiler/ti-cgt-msp430_16.9.0.LTS/lib/</path>
         <kind>archive</kind>
         <file>rts430x_lc_ld_eabi.lib</file>
         <name>int53.obj</name>
      </input_file>
      <input_file id="fl-6a">
         <path>/opt/ti/ccsv7/tools/compiler/ti-cgt-msp430_16.9.0.LTS/lib/</path>
         <kind>archive</kind>
         <file>rts430x_lc_ld_eabi.lib</file>
         <name>int54.obj</name>
      </input_file>
      <input_file id="fl-6b">
         <path>/opt/ti/ccsv7/tools/compiler/ti-cgt-msp430_16.9.0.LTS/lib/</path>
         <kind>archive</kind>
         <file>rts430x_lc_ld_eabi.lib</file>
         <name>copy_zero_init.obj</name>
      </input_file>
      <input_file id="fl-6c">
         <path>/opt/ti/ccsv7/tools/compiler/ti-cgt-msp430_16.9.0.LTS/lib/</path>
         <kind>archive</kind>
         <file>rts430x_lc_ld_eabi.lib</file>
         <name>div16s.obj</name>
      </input_file>
      <input_file id="fl-6d">
         <path>/opt/ti/ccsv7/tools/compiler/ti-cgt-msp430_16.9.0.LTS/lib/</path>
         <kind>archive</kind>
         <file>rts430x_lc_ld_eabi.lib</file>
         <name>div32s.obj</name>
      </input_file>
      <input_file id="fl-6e">
         <path>/opt/ti/ccsv7/tools/compiler/ti-cgt-msp430_16.9.0.LTS/lib/</path>
         <kind>archive</kind>
         <file>rts430x_lc_ld_eabi.lib</file>
         <name>div16u.obj</name>
      </input_file>
      <input_file id="fl-6f">
         <path>/opt/ti/ccsv7/tools/compiler/ti-cgt-msp430_16.9.0.LTS/lib/</path>
         <kind>archive</kind>
         <file>rts430x_lc_ld_eabi.lib</file>
         <name>div32u.obj</name>
      </input_file>
      <input_file id="fl-70">
         <path>/opt/ti/ccsv7/tools/compiler/ti-cgt-msp430_16.9.0.LTS/lib/</path>
         <kind>archive</kind>
         <file>rts430x_lc_ld_eabi.lib</file>
         <name>mult16.obj</name>
      </input_file>
      <input_file id="fl-71">
         <path>/opt/ti/ccsv7/tools/compiler/ti-cgt-msp430_16.9.0.LTS/lib/</path>
         <kind>archive</kind>
         <file>rts430x_lc_ld_eabi.lib</file>
         <name>mult16_f5hw.obj</name>
      </input_file>
      <input_file id="fl-72">
         <path>/opt/ti/ccsv7/tools/compiler/ti-cgt-msp430_16.9.0.LTS/lib/</path>
         <kind>archive</kind>
         <file>rts430x_lc_ld_eabi.lib</file>
         <name>mult32.obj</name>
      </input_file>
      <input_file id="fl-73">
         <path>/opt/ti/ccsv7/tools/compiler/ti-cgt-msp430_16.9.0.LTS/lib/</path>
         <kind>archive</kind>
         <file>rts430x_lc_ld_eabi.lib</file>
         <name>mult32_f5hw.obj</name>
      </input_file>
      <input_file id="fl-74">
         <path>/opt/ti/ccsv7/tools/compiler/ti-cgt-msp430_16.9.0.LTS/lib/</path>
         <kind>archive</kind>
         <file>rts430x_lc_ld_eabi.lib</file>
         <name>mult64_f5hw.obj</name>
      </input_file>
      <input_file id="fl-75">
         <path>/opt/ti/ccsv7/tools/compiler/ti-cgt-msp430_16.9.0.LTS/lib/</path>
         <kind>archive</kind>
         <file>rts430x_lc_ld_eabi.lib</file>
         <name>mult1632_f5hw.obj</name>
      </input_file>
      <input_file id="fl-76">
         <path>/opt/ti/ccsv7/tools/compiler/ti-cgt-msp430_16.9.0.LTS/lib/</path>
         <kind>archive</kind>
         <file>rts430x_lc_ld_eabi.lib</file>
         <name>mult3264_f5hw.obj</name>
      </input_file>
      <input_file id="fl-77">
         <path>/opt/ti/ccsv7/tools/compiler/ti-cgt-msp430_16.9.0.LTS/lib/</path>
         <kind>archive</kind>
         <file>rts430x_lc_ld_eabi.lib</file>
         <name>lsl16.obj</name>
      </input_file>
      <input_file id="fl-78">
         <path>/opt/ti/ccsv7/tools/compiler/ti-cgt-msp430_16.9.0.LTS/lib/</path>
         <kind>archive</kind>
         <file>rts430x_lc_ld_eabi.lib</file>
         <name>lsl32.obj</name>
      </input_file>
      <input_file id="fl-79">
         <path>/opt/ti/ccsv7/tools/compiler/ti-cgt-msp430_16.9.0.LTS/lib/</path>
         <kind>archive</kind>
         <file>rts430x_lc_ld_eabi.lib</file>
         <name>lsr32.obj</name>
      </input_file>
      <input_file id="fl-7a">
         <path>/opt/ti/ccsv7/tools/compiler/ti-cgt-msp430_16.9.0.LTS/lib/</path>
         <kind>archive</kind>
         <file>rts430x_lc_ld_eabi.lib</file>
         <name>assert.obj</name>
      </input_file>
      <input_file id="fl-7b">
         <path>/opt/ti/ccsv7/tools/compiler/ti-cgt-msp430_16.9.0.LTS/lib/</path>
         <kind>archive</kind>
         <file>rts430x_lc_ld_eabi.lib</file>
         <name>boot.obj</name>
      </input_file>
      <input_file id="fl-7c">
         <path>/opt/ti/ccsv7/tools/compiler/ti-cgt-msp430_16.9.0.LTS/lib/</path>
         <kind>archive</kind>
         <file>rts430x_lc_ld_eabi.lib</file>
         <name>args_main.obj</name>
      </input_file>
      <input_file id="fl-7d">
         <path>/opt/ti/ccsv7/tools/compiler/ti-cgt-msp430_16.9.0.LTS/lib/</path>
         <kind>archive</kind>
         <file>rts430x_lc_ld_eabi.lib</file>
         <name>autoinit_wdt.obj</name>
      </input_file>
      <input_file id="fl-7e">
         <path>/opt/ti/ccsv7/tools/compiler/ti-cgt-msp430_16.9.0.LTS/lib/</path>
         <kind>archive</kind>
         <file>rts430x_lc_ld_eabi.lib</file>
         <name>asr32.obj</name>
      </input_file>
      <input_file id="fl-7f">
         <path>/opt/ti/ccsv7/tools/compiler/ti-cgt-msp430_16.9.0.LTS/lib/</path>
         <kind>archive</kind>
         <file>rts430x_lc_ld_eabi.lib</file>
         <name>boot_special.obj</name>
      </input_file>
      <input_file id="fl-80">
         <path>/opt/ti/ccsv7/tools/compiler/ti-cgt-msp430_16.9.0.LTS/lib/</path>
         <kind>archive</kind>
         <file>rts430x_lc_ld_eabi.lib</file>
         <name>mpu_init.obj</name>
      </input_file>
      <input_file id="fl-81">
         <path>/opt/ti/ccsv7/tools/compiler/ti-cgt-msp430_16.9.0.LTS/lib/</path>
         <kind>archive</kind>
         <file>rts430x_lc_ld_eabi.lib</file>
         <name>defs.obj</name>
      </input_file>
      <input_file id="fl-82">
         <path>/opt/ti/ccsv7/tools/compiler/ti-cgt-msp430_16.9.0.LTS/lib/</path>
         <kind>archive</kind>
         <file>rts430x_lc_ld_eabi.lib</file>
         <name>startup.obj</name>
      </input_file>
      <input_file id="fl-83">
         <path>/opt/ti/ccsv7/tools/compiler/ti-cgt-msp430_16.9.0.LTS/lib/</path>
         <kind>archive</kind>
         <file>rts430x_lc_ld_eabi.lib</file>
         <name>pre_init.obj</name>
      </input_file>
      <input_file id="fl-84">
         <path>/opt/ti/ccsv7/tools/compiler/ti-cgt-msp430_16.9.0.LTS/lib/</path>
         <kind>archive</kind>
         <file>rts430x_lc_ld_eabi.lib</file>
         <name>exit.obj</name>
      </input_file>
      <input_file id="fl-85">
         <path>/opt/ti/ccsv7/tools/compiler/ti-cgt-msp430_16.9.0.LTS/lib/</path>
         <kind>archive</kind>
         <file>rts430x_lc_ld_eabi.lib</file>
         <name>exit_gvars.obj</name>
      </input_file>
      <input_file id="fl-86">
         <path>/opt/ti/ccsv7/tools/compiler/ti-cgt-msp430_16.9.0.LTS/lib/</path>
         <kind>archive</kind>
         <file>rts430x_lc_ld_eabi.lib</file>
         <name>_lock.obj</name>
      </input_file>
      <input_file id="fl-87">
         <path>/opt/ti/ccsv7/tools/compiler/ti-cgt-msp430_16.9.0.LTS/lib/</path>
         <kind>archive</kind>
         <file>rts430x_lc_ld_eabi.lib</file>
         <name>cpy_tbl.obj</name>
      </input_file>
      <input_file id="fl-88">
         <path>/opt/ti/ccsv7/tools/compiler/ti-cgt-msp430_16.9.0.LTS/lib/</path>
         <kind>archive</kind>
         <file>rts430x_lc_ld_eabi.lib</file>
         <name>fflush.obj</name>
      </input_file>
      <input_file id="fl-89">
         <path>/opt/ti/ccsv7/tools/compiler/ti-cgt-msp430_16.9.0.LTS/lib/</path>
         <kind>archive</kind>
         <file>rts430x_lc_ld_eabi.lib</file>
         <name>fputs.obj</name>
      </input_file>
      <input_file id="fl-8a">
         <path>/opt/ti/ccsv7/tools/compiler/ti-cgt-msp430_16.9.0.LTS/lib/</path>
         <kind>archive</kind>
         <file>rts430x_lc_ld_eabi.lib</file>
         <name>_io_perm.obj</name>
      </input_file>
      <input_file id="fl-8b">
         <path>/opt/ti/ccsv7/tools/compiler/ti-cgt-msp430_16.9.0.LTS/lib/</path>
         <kind>archive</kind>
         <file>rts430x_lc_ld_eabi.lib</file>
         <name>fseek.obj</name>
      </input_file>
      <input_file id="fl-8c">
         <path>/opt/ti/ccsv7/tools/compiler/ti-cgt-msp430_16.9.0.LTS/lib/</path>
         <kind>archive</kind>
         <file>rts430x_lc_ld_eabi.lib</file>
         <name>lowlev.obj</name>
      </input_file>
      <input_file id="fl-8d">
         <path>/opt/ti/ccsv7/tools/compiler/ti-cgt-msp430_16.9.0.LTS/lib/</path>
         <kind>archive</kind>
         <file>rts430x_lc_ld_eabi.lib</file>
         <name>trgdrv.obj</name>
      </input_file>
      <input_file id="fl-8e">
         <path>/opt/ti/ccsv7/tools/compiler/ti-cgt-msp430_16.9.0.LTS/lib/</path>
         <kind>archive</kind>
         <file>rts430x_lc_ld_eabi.lib</file>
         <name>trgmsg.obj</name>
      </input_file>
      <input_file id="fl-8f">
         <path>/opt/ti/ccsv7/tools/compiler/ti-cgt-msp430_16.9.0.LTS/lib/</path>
         <kind>archive</kind>
         <file>rts430x_lc_ld_eabi.lib</file>
         <name>memchr.obj</name>
      </input_file>
      <input_file id="fl-90">
         <path>/opt/ti/ccsv7/tools/compiler/ti-cgt-msp430_16.9.0.LTS/lib/</path>
         <kind>archive</kind>
         <file>rts430x_lc_ld_eabi.lib</file>
         <name>memcpy.obj</name>
      </input_file>
      <input_file id="fl-91">
         <path>/opt/ti/ccsv7/tools/compiler/ti-cgt-msp430_16.9.0.LTS/lib/</path>
         <kind>archive</kind>
         <file>rts430x_lc_ld_eabi.lib</file>
         <name>memset.obj</name>
      </input_file>
      <input_file id="fl-92">
         <path>/opt/ti/ccsv7/tools/compiler/ti-cgt-msp430_16.9.0.LTS/lib/</path>
         <kind>archive</kind>
         <file>rts430x_lc_ld_eabi.lib</file>
         <name>setvbuf.obj</name>
      </input_file>
      <input_file id="fl-93">
         <path>/opt/ti/ccsv7/tools/compiler/ti-cgt-msp430_16.9.0.LTS/lib/</path>
         <kind>archive</kind>
         <file>rts430x_lc_ld_eabi.lib</file>
         <name>fopen.obj</name>
      </input_file>
      <input_file id="fl-94">
         <path>/opt/ti/ccsv7/tools/compiler/ti-cgt-msp430_16.9.0.LTS/lib/</path>
         <kind>archive</kind>
         <file>rts430x_lc_ld_eabi.lib</file>
         <name>fclose.obj</name>
      </input_file>
      <input_file id="fl-95">
         <path>/opt/ti/ccsv7/tools/compiler/ti-cgt-msp430_16.9.0.LTS/lib/</path>
         <kind>archive</kind>
         <file>rts430x_lc_ld_eabi.lib</file>
         <name>memory.obj</name>
      </input_file>
      <input_file id="fl-96">
         <path>/opt/ti/ccsv7/tools/compiler/ti-cgt-msp430_16.9.0.LTS/lib/</path>
         <kind>archive</kind>
         <file>rts430x_lc_ld_eabi.lib</file>
         <name>remove.obj</name>
      </input_file>
      <input_file id="fl-97">
         <path>/opt/ti/ccsv7/tools/compiler/ti-cgt-msp430_16.9.0.LTS/lib/</path>
         <kind>archive</kind>
         <file>rts430x_lc_ld_eabi.lib</file>
         <name>snprintf.obj</name>
      </input_file>
      <input_file id="fl-98">
         <path>/opt/ti/ccsv7/tools/compiler/ti-cgt-msp430_16.9.0.LTS/lib/</path>
         <kind>archive</kind>
         <file>rts430x_lc_ld_eabi.lib</file>
         <name>_printfi.obj</name>
      </input_file>
      <input_file id="fl-99">
         <path>/opt/ti/ccsv7/tools/compiler/ti-cgt-msp430_16.9.0.LTS/lib/</path>
         <kind>archive</kind>
         <file>rts430x_lc_ld_eabi.lib</file>
         <name>cmpd.obj</name>
      </input_file>
      <input_file id="fl-9a">
         <path>/opt/ti/ccsv7/tools/compiler/ti-cgt-msp430_16.9.0.LTS/lib/</path>
         <kind>archive</kind>
         <file>rts430x_lc_ld_eabi.lib</file>
         <name>divd.obj</name>
      </input_file>
      <input_file id="fl-9b">
         <path>/opt/ti/ccsv7/tools/compiler/ti-cgt-msp430_16.9.0.LTS/lib/</path>
         <kind>archive</kind>
         <file>rts430x_lc_ld_eabi.lib</file>
         <name>frcdivd.obj</name>
      </input_file>
      <input_file id="fl-9c">
         <path>/opt/ti/ccsv7/tools/compiler/ti-cgt-msp430_16.9.0.LTS/lib/</path>
         <kind>archive</kind>
         <file>rts430x_lc_ld_eabi.lib</file>
         <name>div64u.obj</name>
      </input_file>
      <input_file id="fl-9d">
         <path>/opt/ti/ccsv7/tools/compiler/ti-cgt-msp430_16.9.0.LTS/lib/</path>
         <kind>archive</kind>
         <file>rts430x_lc_ld_eabi.lib</file>
         <name>fixdi.obj</name>
      </input_file>
      <input_file id="fl-9e">
         <path>/opt/ti/ccsv7/tools/compiler/ti-cgt-msp430_16.9.0.LTS/lib/</path>
         <kind>archive</kind>
         <file>rts430x_lc_ld_eabi.lib</file>
         <name>fixdli.obj</name>
      </input_file>
      <input_file id="fl-9f">
         <path>/opt/ti/ccsv7/tools/compiler/ti-cgt-msp430_16.9.0.LTS/lib/</path>
         <kind>archive</kind>
         <file>rts430x_lc_ld_eabi.lib</file>
         <name>fltid.obj</name>
      </input_file>
      <input_file id="fl-a0">
         <path>/opt/ti/ccsv7/tools/compiler/ti-cgt-msp430_16.9.0.LTS/lib/</path>
         <kind>archive</kind>
         <file>rts430x_lc_ld_eabi.lib</file>
         <name>fltlid.obj</name>
      </input_file>
      <input_file id="fl-a1">
         <path>/opt/ti/ccsv7/tools/compiler/ti-cgt-msp430_16.9.0.LTS/lib/</path>
         <kind>archive</kind>
         <file>rts430x_lc_ld_eabi.lib</file>
         <name>mpyd.obj</name>
      </input_file>
      <input_file id="fl-a2">
         <path>/opt/ti/ccsv7/tools/compiler/ti-cgt-msp430_16.9.0.LTS/lib/</path>
         <kind>archive</kind>
         <file>rts430x_lc_ld_eabi.lib</file>
         <name>frcmpyd.obj</name>
      </input_file>
      <input_file id="fl-a3">
         <path>/opt/ti/ccsv7/tools/compiler/ti-cgt-msp430_16.9.0.LTS/lib/</path>
         <kind>archive</kind>
         <file>rts430x_lc_ld_eabi.lib</file>
         <name>negd.obj</name>
      </input_file>
      <input_file id="fl-a4">
         <path>/opt/ti/ccsv7/tools/compiler/ti-cgt-msp430_16.9.0.LTS/lib/</path>
         <kind>archive</kind>
         <file>rts430x_lc_ld_eabi.lib</file>
         <name>lsl64.obj</name>
      </input_file>
      <input_file id="fl-a5">
         <path>/opt/ti/ccsv7/tools/compiler/ti-cgt-msp430_16.9.0.LTS/lib/</path>
         <kind>archive</kind>
         <file>rts430x_lc_ld_eabi.lib</file>
         <name>lsr64.obj</name>
      </input_file>
      <input_file id="fl-a6">
         <path>/opt/ti/ccsv7/tools/compiler/ti-cgt-msp430_16.9.0.LTS/lib/</path>
         <kind>archive</kind>
         <file>rts430x_lc_ld_eabi.lib</file>
         <name>subd.obj</name>
      </input_file>
      <input_file id="fl-a7">
         <path>/opt/ti/ccsv7/tools/compiler/ti-cgt-msp430_16.9.0.LTS/lib/</path>
         <kind>archive</kind>
         <file>rts430x_lc_ld_eabi.lib</file>
         <name>addd.obj</name>
      </input_file>
      <input_file id="fl-a8">
         <path>/opt/ti/ccsv7/tools/compiler/ti-cgt-msp430_16.9.0.LTS/lib/</path>
         <kind>archive</kind>
         <file>rts430x_lc_ld_eabi.lib</file>
         <name>frcaddd.obj</name>
      </input_file>
      <input_file id="fl-a9">
         <path>/opt/ti/ccsv7/tools/compiler/ti-cgt-msp430_16.9.0.LTS/lib/</path>
         <kind>archive</kind>
         <file>rts430x_lc_ld_eabi.lib</file>
         <name>renormd.obj</name>
      </input_file>
      <input_file id="fl-aa">
         <path>/opt/ti/ccsv7/tools/compiler/ti-cgt-msp430_16.9.0.LTS/lib/</path>
         <kind>archive</kind>
         <file>rts430x_lc_ld_eabi.lib</file>
         <name>abs.obj</name>
      </input_file>
      <input_file id="fl-ab">
         <path>/opt/ti/ccsv7/tools/compiler/ti-cgt-msp430_16.9.0.LTS/lib/</path>
         <kind>archive</kind>
         <file>rts430x_lc_ld_eabi.lib</file>
         <name>atoi.obj</name>
      </input_file>
      <input_file id="fl-ac">
         <path>/opt/ti/ccsv7/tools/compiler/ti-cgt-msp430_16.9.0.LTS/lib/</path>
         <kind>archive</kind>
         <file>rts430x_lc_ld_eabi.lib</file>
         <name>ctype.obj</name>
      </input_file>
      <input_file id="fl-ad">
         <path>/opt/ti/ccsv7/tools/compiler/ti-cgt-msp430_16.9.0.LTS/lib/</path>
         <kind>archive</kind>
         <file>rts430x_lc_ld_eabi.lib</file>
         <name>s_frexp.obj</name>
      </input_file>
      <input_file id="fl-ae">
         <path>/opt/ti/ccsv7/tools/compiler/ti-cgt-msp430_16.9.0.LTS/lib/</path>
         <kind>archive</kind>
         <file>rts430x_lc_ld_eabi.lib</file>
         <name>s_scalbn.obj</name>
      </input_file>
      <input_file id="fl-af">
         <path>/opt/ti/ccsv7/tools/compiler/ti-cgt-msp430_16.9.0.LTS/lib/</path>
         <kind>archive</kind>
         <file>rts430x_lc_ld_eabi.lib</file>
         <name>s_copysign.obj</name>
      </input_file>
      <input_file id="fl-b0">
         <path>/opt/ti/ccsv7/tools/compiler/ti-cgt-msp430_16.9.0.LTS/lib/</path>
         <kind>archive</kind>
         <file>rts430x_lc_ld_eabi.lib</file>
         <name>errno.obj</name>
      </input_file>
      <input_file id="fl-b1">
         <path>/opt/ti/ccsv7/tools/compiler/ti-cgt-msp430_16.9.0.LTS/lib/</path>
         <kind>archive</kind>
         <file>rts430x_lc_ld_eabi.lib</file>
         <name>ltoa.obj</name>
      </input_file>
      <input_file id="fl-b2">
         <path>/opt/ti/ccsv7/tools/compiler/ti-cgt-msp430_16.9.0.LTS/lib/</path>
         <kind>archive</kind>
         <file>rts430x_lc_ld_eabi.lib</file>
         <name>memccpy.obj</name>
      </input_file>
      <input_file id="fl-b3">
         <path>/opt/ti/ccsv7/tools/compiler/ti-cgt-msp430_16.9.0.LTS/lib/</path>
         <kind>archive</kind>
         <file>rts430x_lc_ld_eabi.lib</file>
         <name>strchr.obj</name>
      </input_file>
      <input_file id="fl-b4">
         <path>/opt/ti/ccsv7/tools/compiler/ti-cgt-msp430_16.9.0.LTS/lib/</path>
         <kind>archive</kind>
         <file>rts430x_lc_ld_eabi.lib</file>
         <name>strcmp.obj</name>
      </input_file>
      <input_file id="fl-b5">
         <path>/opt/ti/ccsv7/tools/compiler/ti-cgt-msp430_16.9.0.LTS/lib/</path>
         <kind>archive</kind>
         <file>rts430x_lc_ld_eabi.lib</file>
         <name>strcpy.obj</name>
      </input_file>
      <input_file id="fl-b6">
         <path>/opt/ti/ccsv7/tools/compiler/ti-cgt-msp430_16.9.0.LTS/lib/</path>
         <kind>archive</kind>
         <file>rts430x_lc_ld_eabi.lib</file>
         <name>strlen.obj</name>
      </input_file>
      <input_file id="fl-b7">
         <path>/opt/ti/ccsv7/tools/compiler/ti-cgt-msp430_16.9.0.LTS/lib/</path>
         <kind>archive</kind>
         <file>rts430x_lc_ld_eabi.lib</file>
         <name>strncpy.obj</name>
      </input_file>
      <input_file id="fl-b8">
         <path>/opt/ti/ccsv7/tools/compiler/ti-cgt-msp430_16.9.0.LTS/lib/</path>
         <kind>archive</kind>
         <file>rts430x_lc_ld_eabi.lib</file>
         <name>toupper.obj</name>
      </input_file>
   </input_file_list>
   <object_component_list>
      <object_component id="oc-b8c">
         <name>.cio</name>
         <uninitialized>true</uninitialized>
         <run_address>0x4400</run_address>
         <size>0x120</size>
         <input_file_ref idref="fl-8e"/>
      </object_component>
      <object_component id="oc-3fc">
         <name>.sysmem</name>
         <uninitialized>true</uninitialized>
         <run_address>0x4520</run_address>
         <size>0x8</size>
         <input_file_ref idref="fl-95"/>
      </object_component>
      <object_component id="oc-cec">
         <name>.sysmem</name>
         <uninitialized>true</uninitialized>
         <run_address>0x4520</run_address>
         <size>0x0</size>
      </object_component>
      <object_component id="oc-ce9">
         <name>.cinit..data.load</name>
         <load_address>0x89f4</load_address>
         <run_address>0x89f4</run_address>
         <size>0x63</size>
      </object_component>
      <object_component id="oc-ce6">
         <name>__TI_handler_table</name>
         <load_address>0x8a58</load_address>
         <run_address>0x8a58</run_address>
         <size>0xc</size>
      </object_component>
      <object_component id="oc-ce8">
         <name>.cinit..bss.load</name>
         <load_address>0x8a64</load_address>
         <run_address>0x8a64</run_address>
         <size>0x6</size>
      </object_component>
      <object_component id="oc-cea">
         <name>.cinit..persistent.load</name>
         <load_address>0x8a6a</load_address>
         <run_address>0x8a6a</run_address>
         <size>0x6</size>
      </object_component>
      <object_component id="oc-ce7">
         <name>__TI_cinit_table</name>
         <load_address>0x8a70</load_address>
         <run_address>0x8a70</run_address>
         <size>0x18</size>
      </object_component>
      <object_component id="oc-591">
         <name>.const:.string</name>
         <load_address>0x7eec</load_address>
         <run_address>0x7eec</run_address>
         <size>0x14a</size>
         <input_file_ref idref="fl-32"/>
      </object_component>
      <object_component id="oc-a87">
         <name>.const:.string:_ctypes_</name>
         <load_address>0x8036</load_address>
         <run_address>0x8036</run_address>
         <size>0x101</size>
         <input_file_ref idref="fl-ac"/>
      </object_component>
      <object_component id="oc-4e2">
         <name>.const:.string</name>
         <load_address>0x8138</load_address>
         <run_address>0x8138</run_address>
         <size>0xe2</size>
         <input_file_ref idref="fl-2"/>
      </object_component>
      <object_component id="oc-78e">
         <name>.const:.string</name>
         <load_address>0x821a</load_address>
         <run_address>0x821a</run_address>
         <size>0x60</size>
         <input_file_ref idref="fl-30"/>
      </object_component>
      <object_component id="oc-7f8">
         <name>.const:.string</name>
         <load_address>0x827a</load_address>
         <run_address>0x827a</run_address>
         <size>0x46</size>
         <input_file_ref idref="fl-2b"/>
      </object_component>
      <object_component id="oc-9b1">
         <name>.const:.string</name>
         <load_address>0x82c0</load_address>
         <run_address>0x82c0</run_address>
         <size>0x26</size>
         <input_file_ref idref="fl-98"/>
      </object_component>
      <object_component id="oc-666">
         <name>.const:GPIO_PORT_TO_BASE</name>
         <load_address>0x82e6</load_address>
         <run_address>0x82e6</run_address>
         <size>0x1c</size>
         <input_file_ref idref="fl-1b"/>
      </object_component>
      <object_component id="oc-58e">
         <name>.const:$P$T0$1</name>
         <load_address>0x8302</load_address>
         <run_address>0x8302</run_address>
         <size>0x10</size>
         <input_file_ref idref="fl-32"/>
      </object_component>
      <object_component id="oc-78f">
         <name>.const:$P$T0$1</name>
         <load_address>0x8312</load_address>
         <run_address>0x8312</run_address>
         <size>0xc</size>
         <input_file_ref idref="fl-30"/>
      </object_component>
      <object_component id="oc-6ae">
         <name>.const:.string:$P$T0$1</name>
         <load_address>0x831e</load_address>
         <run_address>0x831e</run_address>
         <size>0x9</size>
         <input_file_ref idref="fl-2"/>
      </object_component>
      <object_component id="oc-70d">
         <name>.const:.string</name>
         <load_address>0x8328</load_address>
         <run_address>0x8328</run_address>
         <size>0x8</size>
         <input_file_ref idref="fl-a"/>
      </object_component>
      <object_component id="oc-5e8">
         <name>.const:.string</name>
         <load_address>0x8330</load_address>
         <run_address>0x8330</run_address>
         <size>0x6</size>
         <input_file_ref idref="fl-9"/>
      </object_component>
      <object_component id="oc-6af">
         <name>.const:.string:$P$T1$2</name>
         <load_address>0x8336</load_address>
         <run_address>0x8336</run_address>
         <size>0x2</size>
         <input_file_ref idref="fl-2"/>
      </object_component>
      <object_component id="oc-42e">
         <name>.text:_isr:USCI_A0_ISR</name>
         <load_address>0x4800</load_address>
         <run_address>0x4800</run_address>
         <size>0x20</size>
         <input_file_ref idref="fl-32"/>
      </object_component>
      <object_component id="oc-a8">
         <name>.text:_isr:_c_int00_noargs</name>
         <load_address>0x4820</load_address>
         <run_address>0x4820</run_address>
         <size>0x1c</size>
         <input_file_ref idref="fl-7f"/>
      </object_component>
      <object_component id="oc-422">
         <name>.text:_isr:USCI_A1_ISR</name>
         <load_address>0x483c</load_address>
         <run_address>0x483c</run_address>
         <size>0x1a</size>
         <input_file_ref idref="fl-32"/>
      </object_component>
      <object_component id="oc-41c">
         <name>.text:_isr:run_time_stats_isr</name>
         <load_address>0x4856</load_address>
         <run_address>0x4856</run_address>
         <size>0x14</size>
         <input_file_ref idref="fl-2"/>
      </object_component>
      <object_component id="oc-428">
         <name>.text:_isr:vTickISREntry</name>
         <load_address>0x486a</load_address>
         <run_address>0x486a</run_address>
         <size>0x10</size>
         <input_file_ref idref="fl-b"/>
      </object_component>
      <object_component id="oc-417">
         <name>.text:_isr:__TI_ISR_TRAP</name>
         <load_address>0x487a</load_address>
         <run_address>0x487a</run_address>
         <size>0x8</size>
         <input_file_ref idref="fl-56"/>
      </object_component>
      <object_component id="oc-980">
         <name>.text:malloc</name>
         <load_address>0x4882</load_address>
         <run_address>0x4882</run_address>
         <size>0xf6</size>
         <input_file_ref idref="fl-95"/>
      </object_component>
      <object_component id="oc-909">
         <name>.text:vTaskPriorityDisinheritAfterTimeout</name>
         <load_address>0x4978</load_address>
         <run_address>0x4978</run_address>
         <size>0xec</size>
         <input_file_ref idref="fl-9"/>
      </object_component>
      <object_component id="oc-8a4">
         <name>.text:privateCSAComputeCLKFrequency</name>
         <load_address>0x4a64</load_address>
         <run_address>0x4a64</run_address>
         <size>0xe0</size>
         <input_file_ref idref="fl-13"/>
      </object_component>
      <object_component id="oc-7b3">
         <name>.text:xQueueGenericCreateStatic</name>
         <load_address>0x4b44</load_address>
         <run_address>0x4b44</run_address>
         <size>0xde</size>
         <input_file_ref idref="fl-7"/>
      </object_component>
      <object_component id="oc-4cd">
         <name>.text:hardware_config</name>
         <load_address>0x4c22</load_address>
         <run_address>0x4c22</run_address>
         <size>0xdc</size>
         <input_file_ref idref="fl-2"/>
      </object_component>
      <object_component id="oc-ac2">
         <name>.text:__mspabi_cmpd</name>
         <load_address>0x4cfe</load_address>
         <run_address>0x4cfe</run_address>
         <size>0xd8</size>
         <input_file_ref idref="fl-99"/>
      </object_component>
      <object_component id="oc-5cd">
         <name>.text:xTaskCreateStatic</name>
         <load_address>0x4dd6</load_address>
         <run_address>0x4dd6</run_address>
         <size>0xd2</size>
         <input_file_ref idref="fl-9"/>
      </object_component>
      <object_component id="oc-97a">
         <name>.text:free</name>
         <load_address>0x4ea8</load_address>
         <run_address>0x4ea8</run_address>
         <size>0xca</size>
         <input_file_ref idref="fl-95"/>
      </object_component>
      <object_component id="oc-8fd">
         <name>.text:xTaskCheckForTimeOut</name>
         <load_address>0x4f72</load_address>
         <run_address>0x4f72</run_address>
         <size>0xc6</size>
         <input_file_ref idref="fl-9"/>
      </object_component>
      <object_component id="oc-b79">
         <name>.text:xTaskPriorityDisinherit</name>
         <load_address>0x5038</load_address>
         <run_address>0x5038</run_address>
         <size>0xc4</size>
         <input_file_ref idref="fl-9"/>
      </object_component>
      <object_component id="oc-8d9">
         <name>.text:xTaskPriorityInherit</name>
         <load_address>0x50fc</load_address>
         <run_address>0x50fc</run_address>
         <size>0xc4</size>
         <input_file_ref idref="fl-9"/>
      </object_component>
      <object_component id="oc-9dc">
         <name>.text:xQueueGenericReset</name>
         <load_address>0x51c0</load_address>
         <run_address>0x51c0</run_address>
         <size>0xbe</size>
         <input_file_ref idref="fl-7"/>
      </object_component>
      <object_component id="oc-a35">
         <name>.text:xQueueGenericSendFromISR</name>
         <load_address>0x527e</load_address>
         <run_address>0x527e</run_address>
         <size>0xbe</size>
         <input_file_ref idref="fl-7"/>
      </object_component>
      <object_component id="oc-a19">
         <name>.text:prvSwitchTimerLists</name>
         <load_address>0x533c</load_address>
         <run_address>0x533c</run_address>
         <size>0xba</size>
         <input_file_ref idref="fl-a"/>
      </object_component>
      <object_component id="oc-4e9">
         <name>.text:vTaskStartScheduler</name>
         <load_address>0x53f6</load_address>
         <run_address>0x53f6</run_address>
         <size>0xb6</size>
         <input_file_ref idref="fl-9"/>
      </object_component>
      <object_component id="oc-a6e">
         <name>.text:HOSTlseek</name>
         <load_address>0x54ac</load_address>
         <run_address>0x54ac</run_address>
         <size>0xb4</size>
         <input_file_ref idref="fl-8d"/>
      </object_component>
      <object_component id="oc-b42">
         <name>.text:_mcpy</name>
         <load_address>0x5560</load_address>
         <run_address>0x5560</run_address>
         <size>0xb4</size>
         <input_file_ref idref="fl-98"/>
      </object_component>
      <object_component id="oc-88c">
         <name>.text:_pproc_str</name>
         <load_address>0x5614</load_address>
         <run_address>0x5614</run_address>
         <size>0xb4</size>
         <input_file_ref idref="fl-98"/>
      </object_component>
      <object_component id="oc-c6e">
         <name>.text:__TI_renormd</name>
         <load_address>0x56c8</load_address>
         <run_address>0x56c8</run_address>
         <size>0xb2</size>
         <input_file_ref idref="fl-a9"/>
      </object_component>
      <object_component id="oc-b63">
         <name>.text:frexp</name>
         <load_address>0x577a</load_address>
         <run_address>0x577a</run_address>
         <size>0xb2</size>
         <input_file_ref idref="fl-ad"/>
      </object_component>
      <object_component id="oc-4d6">
         <name>.text:uart_open</name>
         <load_address>0x582c</load_address>
         <run_address>0x582c</run_address>
         <size>0xb2</size>
         <input_file_ref idref="fl-32"/>
      </object_component>
      <object_component id="oc-6a8">
         <name>.text:i2c_open</name>
         <load_address>0x58de</load_address>
         <run_address>0x58de</run_address>
         <size>0xae</size>
         <input_file_ref idref="fl-30"/>
      </object_component>
      <object_component id="oc-6d7">
         <name>.text:prvAddNewTaskToReadyList</name>
         <load_address>0x598c</load_address>
         <run_address>0x598c</run_address>
         <size>0xae</size>
         <input_file_ref idref="fl-9"/>
      </object_component>
      <object_component id="oc-441">
         <name>.text:_auto_init_hold_wdt</name>
         <load_address>0x5a3a</load_address>
         <run_address>0x5a3a</run_address>
         <size>0xa8</size>
         <input_file_ref idref="fl-7d"/>
      </object_component>
      <object_component id="oc-497">
         <name>.text</name>
         <load_address>0x5ae2</load_address>
         <run_address>0x5ae2</run_address>
         <size>0xa6</size>
         <input_file_ref idref="fl-c"/>
      </object_component>
      <object_component id="oc-915">
         <name>.text:xTaskRemoveFromEventList</name>
         <load_address>0x5b88</load_address>
         <run_address>0x5b88</run_address>
         <size>0xa6</size>
         <input_file_ref idref="fl-9"/>
      </object_component>
      <object_component id="oc-958">
         <name>.text:xTimerGenericCommand</name>
         <load_address>0x5c2e</load_address>
         <run_address>0x5c2e</run_address>
         <size>0xa2</size>
         <input_file_ref idref="fl-a"/>
      </object_component>
      <object_component id="oc-8e5">
         <name>.text:prvUnlockQueue</name>
         <load_address>0x5cd0</load_address>
         <run_address>0x5cd0</run_address>
         <size>0xa0</size>
         <input_file_ref idref="fl-7"/>
      </object_component>
      <object_component id="oc-baf">
         <name>.text:__mspabi_fltlid</name>
         <load_address>0x5d70</load_address>
         <run_address>0x5d70</run_address>
         <size>0x9e</size>
         <input_file_ref idref="fl-a0"/>
      </object_component>
      <object_component id="oc-adc">
         <name>.text:prvCopyDataToQueue</name>
         <load_address>0x5e0e</load_address>
         <run_address>0x5e0e</run_address>
         <size>0x9e</size>
         <input_file_ref idref="fl-7"/>
      </object_component>
      <object_component id="oc-5e9">
         <name>.text:xTimerCreateTimerTask</name>
         <load_address>0x5eac</load_address>
         <run_address>0x5eac</run_address>
         <size>0x9e</size>
         <input_file_ref idref="fl-a"/>
      </object_component>
      <object_component id="oc-5a1">
         <name>.text:EUSCI_A_UART_init</name>
         <load_address>0x5f4a</load_address>
         <run_address>0x5f4a</run_address>
         <size>0x9a</size>
         <input_file_ref idref="fl-17"/>
      </object_component>
      <object_component id="oc-945">
         <name>.text:prvProcessExpiredTimer</name>
         <load_address>0x5fe4</load_address>
         <run_address>0x5fe4</run_address>
         <size>0x98</size>
         <input_file_ref idref="fl-a"/>
      </object_component>
      <object_component id="oc-ba9">
         <name>.text:ltoa</name>
         <load_address>0x607c</load_address>
         <run_address>0x607c</run_address>
         <size>0x96</size>
         <input_file_ref idref="fl-b1"/>
      </object_component>
      <object_component id="oc-b3c">
         <name>.text:_ecpy</name>
         <load_address>0x6112</load_address>
         <run_address>0x6112</run_address>
         <size>0x90</size>
         <input_file_ref idref="fl-98"/>
      </object_component>
      <object_component id="oc-9f3">
         <name>.text:prvAddCurrentTaskToDelayedList</name>
         <load_address>0x61a2</load_address>
         <run_address>0x61a2</run_address>
         <size>0x90</size>
         <input_file_ref idref="fl-9"/>
      </object_component>
      <object_component id="oc-6b2">
         <name>.text:i2c_read_bytes</name>
         <load_address>0x6232</load_address>
         <run_address>0x6232</run_address>
         <size>0x88</size>
         <input_file_ref idref="fl-30"/>
      </object_component>
      <object_component id="oc-73d">
         <name>.text:__TI_wrt_ok</name>
         <load_address>0x62ba</load_address>
         <run_address>0x62ba</run_address>
         <size>0x86</size>
         <input_file_ref idref="fl-8a"/>
      </object_component>
      <object_component id="oc-94c">
         <name>.text:prvInsertTimerInActiveList</name>
         <load_address>0x6340</load_address>
         <run_address>0x6340</run_address>
         <size>0x7a</size>
         <input_file_ref idref="fl-a"/>
      </object_component>
      <object_component id="oc-844">
         <name>.text:prvProcessTimerOrBlockTask</name>
         <load_address>0x63ba</load_address>
         <run_address>0x63ba</run_address>
         <size>0x7a</size>
         <input_file_ref idref="fl-a"/>
      </object_component>
      <object_component id="oc-ab0">
         <name>.text:_pconv_f</name>
         <load_address>0x6434</load_address>
         <run_address>0x6434</run_address>
         <size>0x78</size>
         <input_file_ref idref="fl-98"/>
      </object_component>
      <object_component id="oc-69c">
         <name>.text:snprintf</name>
         <load_address>0x64ac</load_address>
         <run_address>0x64ac</run_address>
         <size>0x78</size>
         <input_file_ref idref="fl-97"/>
      </object_component>
      <object_component id="oc-71">
         <name>.text:decompress:lzss:__TI_decompress_lzss</name>
         <load_address>0x6524</load_address>
         <run_address>0x6524</run_address>
         <size>0x76</size>
         <input_file_ref idref="fl-53"/>
      </object_component>
      <object_component id="oc-a7a">
         <name>.text:HOSTrename</name>
         <load_address>0x659a</load_address>
         <run_address>0x659a</run_address>
         <size>0x74</size>
         <input_file_ref idref="fl-8d"/>
      </object_component>
      <object_component id="oc-860">
         <name>.text:fseek</name>
         <load_address>0x660e</load_address>
         <run_address>0x660e</run_address>
         <size>0x74</size>
         <input_file_ref idref="fl-8b"/>
      </object_component>
      <object_component id="oc-562">
         <name>.text:GPIO_setAsPeripheralModuleFunctionInputPin</name>
         <load_address>0x6682</load_address>
         <run_address>0x6682</run_address>
         <size>0x72</size>
         <input_file_ref idref="fl-1b"/>
      </object_component>
      <object_component id="oc-568">
         <name>.text:GPIO_setAsPeripheralModuleFunctionOutputPin</name>
         <load_address>0x66f4</load_address>
         <run_address>0x66f4</run_address>
         <size>0x72</size>
         <input_file_ref idref="fl-1b"/>
      </object_component>
      <object_component id="oc-4a1">
         <name>.text:copy_in</name>
         <load_address>0x6766</load_address>
         <run_address>0x6766</run_address>
         <size>0x72</size>
         <input_file_ref idref="fl-87"/>
      </object_component>
      <object_component id="oc-815">
         <name>.text:prvInitialiseTaskLists</name>
         <load_address>0x67d8</load_address>
         <run_address>0x67d8</run_address>
         <size>0x72</size>
         <input_file_ref idref="fl-9"/>
      </object_component>
      <object_component id="oc-a56">
         <name>.text:HOSTopen</name>
         <load_address>0x684a</load_address>
         <run_address>0x684a</run_address>
         <size>0x70</size>
         <input_file_ref idref="fl-8d"/>
      </object_component>
      <object_component id="oc-a4d">
         <name>.text:__TI_closefile</name>
         <load_address>0x68ba</load_address>
         <run_address>0x68ba</run_address>
         <size>0x70</size>
         <input_file_ref idref="fl-94"/>
      </object_component>
      <object_component id="oc-a68">
         <name>.text:HOSTwrite</name>
         <load_address>0x692a</load_address>
         <run_address>0x692a</run_address>
         <size>0x6c</size>
         <input_file_ref idref="fl-8d"/>
      </object_component>
      <object_component id="oc-76c">
         <name>.text:_outs</name>
         <load_address>0x6996</load_address>
         <run_address>0x6996</run_address>
         <size>0x6c</size>
         <input_file_ref idref="fl-97"/>
      </object_component>
      <object_component id="oc-a62">
         <name>.text:HOSTread</name>
         <load_address>0x6a02</load_address>
         <run_address>0x6a02</run_address>
         <size>0x6a</size>
         <input_file_ref idref="fl-8d"/>
      </object_component>
      <object_component id="oc-ae9">
         <name>.text:close</name>
         <load_address>0x6a6c</load_address>
         <run_address>0x6a6c</run_address>
         <size>0x68</size>
         <input_file_ref idref="fl-8c"/>
      </object_component>
      <object_component id="oc-6be">
         <name>.text:i2c_read_byte</name>
         <load_address>0x6ad4</load_address>
         <run_address>0x6ad4</run_address>
         <size>0x68</size>
         <input_file_ref idref="fl-30"/>
      </object_component>
      <object_component id="oc-6f5">
         <name>.text:prvCheckForValidListAndQueue</name>
         <load_address>0x6b3c</load_address>
         <run_address>0x6b3c</run_address>
         <size>0x68</size>
         <input_file_ref idref="fl-a"/>
      </object_component>
      <object_component id="oc-57a">
         <name>.text:CS_initClockSignal</name>
         <load_address>0x6ba4</load_address>
         <run_address>0x6ba4</run_address>
         <size>0x66</size>
         <input_file_ref idref="fl-13"/>
      </object_component>
      <object_component id="oc-bc1">
         <name>.text:__mspabi_fixdli</name>
         <load_address>0x6c0a</load_address>
         <run_address>0x6c0a</run_address>
         <size>0x66</size>
         <input_file_ref idref="fl-9e"/>
      </object_component>
      <object_component id="oc-9aa">
         <name>.text:atoi</name>
         <load_address>0x6c70</load_address>
         <run_address>0x6c70</run_address>
         <size>0x62</size>
         <input_file_ref idref="fl-ab"/>
      </object_component>
      <object_component id="oc-b81">
         <name>.text:getdevice</name>
         <load_address>0x6cd2</load_address>
         <run_address>0x6cd2</run_address>
         <size>0x62</size>
         <input_file_ref idref="fl-8c"/>
      </object_component>
      <object_component id="oc-798">
         <name>.text:EUSCI_B_I2C_initMaster</name>
         <load_address>0x6d34</load_address>
         <run_address>0x6d34</run_address>
         <size>0x60</size>
         <input_file_ref idref="fl-18"/>
      </object_component>
      <object_component id="oc-74f">
         <name>.text:__TI_doflush</name>
         <load_address>0x6d94</load_address>
         <run_address>0x6d94</run_address>
         <size>0x60</size>
         <input_file_ref idref="fl-88"/>
      </object_component>
      <object_component id="oc-a46">
         <name>.text:minit</name>
         <load_address>0x6df4</load_address>
         <run_address>0x6df4</run_address>
         <size>0x60</size>
         <input_file_ref idref="fl-95"/>
      </object_component>
      <object_component id="oc-7e4">
         <name>.text:EUSCI_B_I2C_masterSendSingleByte</name>
         <load_address>0x6e54</load_address>
         <run_address>0x6e54</run_address>
         <size>0x5c</size>
         <input_file_ref idref="fl-18"/>
      </object_component>
      <object_component id="oc-684">
         <name>.text:fflush</name>
         <load_address>0x6eb0</load_address>
         <run_address>0x6eb0</run_address>
         <size>0x58</size>
         <input_file_ref idref="fl-88"/>
      </object_component>
      <object_component id="oc-8ab">
         <name>.text</name>
         <load_address>0x6f08</load_address>
         <run_address>0x6f08</run_address>
         <size>0x58</size>
         <input_file_ref idref="fl-6f"/>
      </object_component>
      <object_component id="oc-9ed">
         <name>.text:vListInsert</name>
         <load_address>0x6f60</load_address>
         <run_address>0x6f60</run_address>
         <size>0x54</size>
         <input_file_ref idref="fl-6"/>
      </object_component>
      <object_component id="oc-972">
         <name>.text:lseek</name>
         <load_address>0x6fb4</load_address>
         <run_address>0x6fb4</run_address>
         <size>0x50</size>
         <input_file_ref idref="fl-8c"/>
      </object_component>
      <object_component id="oc-a5c">
         <name>.text:HOSTclose</name>
         <load_address>0x7004</load_address>
         <run_address>0x7004</run_address>
         <size>0x4e</size>
         <input_file_ref idref="fl-8d"/>
      </object_component>
      <object_component id="oc-b4f">
         <name>.text:_fcpy</name>
         <load_address>0x7052</load_address>
         <run_address>0x7052</run_address>
         <size>0x4e</size>
         <input_file_ref idref="fl-98"/>
      </object_component>
      <object_component id="oc-bfd">
         <name>.text:strncpy</name>
         <load_address>0x70a0</load_address>
         <run_address>0x70a0</run_address>
         <size>0x4e</size>
         <input_file_ref idref="fl-b7"/>
      </object_component>
      <object_component id="oc-93f">
         <name>.text:vQueueWaitForMessageRestricted</name>
         <load_address>0x70ee</load_address>
         <run_address>0x70ee</run_address>
         <size>0x4e</size>
         <input_file_ref idref="fl-7"/>
      </object_component>
      <object_component id="oc-a1f">
         <name>.text:vTaskPlaceOnEventListRestricted</name>
         <load_address>0x713c</load_address>
         <run_address>0x713c</run_address>
         <size>0x4e</size>
         <input_file_ref idref="fl-9"/>
      </object_component>
      <object_component id="oc-44d">
         <name>.text:exit</name>
         <load_address>0x718a</load_address>
         <run_address>0x718a</run_address>
         <size>0x4a</size>
         <input_file_ref idref="fl-84"/>
      </object_component>
      <object_component id="oc-755">
         <name>.text:write</name>
         <load_address>0x71d4</load_address>
         <run_address>0x71d4</run_address>
         <size>0x4a</size>
         <input_file_ref idref="fl-8c"/>
      </object_component>
      <object_component id="oc-a74">
         <name>.text:HOSTunlink</name>
         <load_address>0x721e</load_address>
         <run_address>0x721e</run_address>
         <size>0x46</size>
         <input_file_ref idref="fl-8d"/>
      </object_component>
      <object_component id="oc-5d4">
         <name>.text:uart_write_byte</name>
         <load_address>0x7264</load_address>
         <run_address>0x7264</run_address>
         <size>0x46</size>
         <input_file_ref idref="fl-32"/>
      </object_component>
      <object_component id="oc-6e8">
         <name>.text:prvCheckTasksWaitingTermination</name>
         <load_address>0x72aa</load_address>
         <run_address>0x72aa</run_address>
         <size>0x44</size>
         <input_file_ref idref="fl-9"/>
      </object_component>
      <object_component id="oc-6a2">
         <name>.text:uart_write_bytes</name>
         <load_address>0x72ee</load_address>
         <run_address>0x72ee</run_address>
         <size>0x44</size>
         <input_file_ref idref="fl-2f"/>
      </object_component>
      <object_component id="oc-8df">
         <name>.text:vTaskPlaceOnEventList</name>
         <load_address>0x7332</load_address>
         <run_address>0x7332</run_address>
         <size>0x44</size>
         <input_file_ref idref="fl-9"/>
      </object_component>
      <object_component id="oc-9c8">
         <name>.text</name>
         <load_address>0x7376</load_address>
         <run_address>0x7376</run_address>
         <size>0x40</size>
         <input_file_ref idref="fl-6d"/>
      </object_component>
      <object_component id="oc-4a7">
         <name>.text:l_asr_const</name>
         <load_address>0x73b6</load_address>
         <run_address>0x73b6</run_address>
         <size>0x3e</size>
         <input_file_ref idref="fl-7e"/>
      </object_component>
      <object_component id="oc-b0c">
         <name>.text:l_lsl_const</name>
         <load_address>0x73f4</load_address>
         <run_address>0x73f4</run_address>
         <size>0x3e</size>
         <input_file_ref idref="fl-78"/>
      </object_component>
      <object_component id="oc-c16">
         <name>.text:l_lsr_const</name>
         <load_address>0x7432</load_address>
         <run_address>0x7432</run_address>
         <size>0x3e</size>
         <input_file_ref idref="fl-79"/>
      </object_component>
      <object_component id="oc-580">
         <name>.text:CS_turnOnLFXT</name>
         <load_address>0x7470</load_address>
         <run_address>0x7470</run_address>
         <size>0x3a</size>
         <input_file_ref idref="fl-13"/>
      </object_component>
      <object_component id="oc-b99">
         <name>.text:__mspabi_sllll</name>
         <load_address>0x74aa</load_address>
         <run_address>0x74aa</run_address>
         <size>0x3a</size>
         <input_file_ref idref="fl-a4"/>
      </object_component>
      <object_component id="oc-b27">
         <name>.text:__mspabi_srlll</name>
         <load_address>0x74e4</load_address>
         <run_address>0x74e4</run_address>
         <size>0x3a</size>
         <input_file_ref idref="fl-a5"/>
      </object_component>
      <object_component id="oc-4dc">
         <name>.text:task_i2c_start</name>
         <load_address>0x751e</load_address>
         <run_address>0x751e</run_address>
         <size>0x3a</size>
         <input_file_ref idref="fl-2"/>
      </object_component>
      <object_component id="oc-636">
         <name>.text:uxListRemove</name>
         <load_address>0x7558</load_address>
         <run_address>0x7558</run_address>
         <size>0x3a</size>
         <input_file_ref idref="fl-6"/>
      </object_component>
      <object_component id="oc-93d">
         <name>.text:prvSampleTimeNow</name>
         <load_address>0x7592</load_address>
         <run_address>0x7592</run_address>
         <size>0x38</size>
         <input_file_ref idref="fl-a"/>
      </object_component>
      <object_component id="oc-986">
         <name>.text:__TI_cleanup</name>
         <load_address>0x75ca</load_address>
         <run_address>0x75ca</run_address>
         <size>0x36</size>
         <input_file_ref idref="fl-93"/>
      </object_component>
      <object_component id="oc-afb">
         <name>.text:__TI_writemsg</name>
         <load_address>0x7600</load_address>
         <run_address>0x7600</run_address>
         <size>0x36</size>
         <input_file_ref idref="fl-8e"/>
      </object_component>
      <object_component id="oc-c03">
         <name>.text:finddevice</name>
         <load_address>0x7636</load_address>
         <run_address>0x7636</run_address>
         <size>0x36</size>
         <input_file_ref idref="fl-8c"/>
      </object_component>
      <object_component id="oc-55c">
         <name>.text:GPIO_setAsOutputPin</name>
         <load_address>0x766c</load_address>
         <run_address>0x766c</run_address>
         <size>0x34</size>
         <input_file_ref idref="fl-1b"/>
      </object_component>
      <object_component id="oc-a28">
         <name>.text:prvCopyDataFromQueue</name>
         <load_address>0x76a0</load_address>
         <run_address>0x76a0</run_address>
         <size>0x34</size>
         <input_file_ref idref="fl-7"/>
      </object_component>
      <object_component id="oc-b01">
         <name>.text:__TI_readmsg</name>
         <load_address>0x76d4</load_address>
         <run_address>0x76d4</run_address>
         <size>0x32</size>
         <input_file_ref idref="fl-8e"/>
      </object_component>
      <object_component id="oc-bb5">
         <name>.text:__mspabi_subd</name>
         <load_address>0x7706</load_address>
         <run_address>0x7706</run_address>
         <size>0x32</size>
         <input_file_ref idref="fl-a6"/>
      </object_component>
      <object_component id="oc-6b8">
         <name>.text:i2c_write_byte</name>
         <load_address>0x7738</load_address>
         <run_address>0x7738</run_address>
         <size>0x32</size>
         <input_file_ref idref="fl-30"/>
      </object_component>
      <object_component id="oc-6c4">
         <name>.text:i2c_error_string</name>
         <load_address>0x776a</load_address>
         <run_address>0x776a</run_address>
         <size>0x30</size>
         <input_file_ref idref="fl-2b"/>
      </object_component>
      <object_component id="oc-af0">
         <name>.text:unlink</name>
         <load_address>0x779a</load_address>
         <run_address>0x779a</run_address>
         <size>0x30</size>
         <input_file_ref idref="fl-8c"/>
      </object_component>
      <object_component id="oc-51f">
         <name>.text:vApplicationSetupTimerInterrupt</name>
         <load_address>0x77ca</load_address>
         <run_address>0x77ca</run_address>
         <size>0x30</size>
         <input_file_ref idref="fl-2"/>
      </object_component>
      <object_component id="oc-aa4">
         <name>.text:__mspabi_negd</name>
         <load_address>0x77fa</load_address>
         <run_address>0x77fa</run_address>
         <size>0x2e</size>
         <input_file_ref idref="fl-a3"/>
      </object_component>
      <object_component id="oc-772">
         <name>.text:_outc</name>
         <load_address>0x7828</load_address>
         <run_address>0x7828</run_address>
         <size>0x2e</size>
         <input_file_ref idref="fl-97"/>
      </object_component>
      <object_component id="oc-c34">
         <name>.text:copysign</name>
         <load_address>0x7856</load_address>
         <run_address>0x7856</run_address>
         <size>0x2e</size>
         <input_file_ref idref="fl-af"/>
      </object_component>
      <object_component id="oc-83e">
         <name>.text:prvGetNextExpireTime</name>
         <load_address>0x7884</load_address>
         <run_address>0x7884</run_address>
         <size>0x2e</size>
         <input_file_ref idref="fl-a"/>
      </object_component>
      <object_component id="oc-ad6">
         <name>.text:prvIsQueueFull</name>
         <load_address>0x78b2</load_address>
         <run_address>0x78b2</run_address>
         <size>0x2e</size>
         <input_file_ref idref="fl-7"/>
      </object_component>
      <object_component id="oc-630">
         <name>.text:prvResetNextTaskUnblockTime</name>
         <load_address>0x78e0</load_address>
         <run_address>0x78e0</run_address>
         <size>0x2e</size>
         <input_file_ref idref="fl-9"/>
      </object_component>
      <object_component id="oc-8d3">
         <name>.text:prvIsQueueEmpty</name>
         <load_address>0x790e</load_address>
         <run_address>0x790e</run_address>
         <size>0x2c</size>
         <input_file_ref idref="fl-7"/>
      </object_component>
      <object_component id="oc-9d3">
         <name>.text</name>
         <load_address>0x793a</load_address>
         <run_address>0x793a</run_address>
         <size>0x2c</size>
         <input_file_ref idref="fl-6c"/>
      </object_component>
      <object_component id="oc-825">
         <name>.text:vListInitialise</name>
         <load_address>0x7966</load_address>
         <run_address>0x7966</run_address>
         <size>0x2c</size>
         <input_file_ref idref="fl-6"/>
      </object_component>
      <object_component id="oc-40a">
         <name>.text:memcpy</name>
         <load_address>0x7992</load_address>
         <run_address>0x7992</run_address>
         <size>0x2a</size>
         <input_file_ref idref="fl-90"/>
      </object_component>
      <object_component id="oc-8bc">
         <name>.text:prvInitialiseNewQueue</name>
         <load_address>0x79bc</load_address>
         <run_address>0x79bc</run_address>
         <size>0x2a</size>
         <input_file_ref idref="fl-7"/>
      </object_component>
      <object_component id="oc-bbb">
         <name>.text:__mspabi_fixdi</name>
         <load_address>0x79e6</load_address>
         <run_address>0x79e6</run_address>
         <size>0x28</size>
         <input_file_ref idref="fl-9d"/>
      </object_component>
      <object_component id="oc-45b">
         <name>.text:main</name>
         <load_address>0x7a0e</load_address>
         <run_address>0x7a0e</run_address>
         <size>0x28</size>
         <input_file_ref idref="fl-2"/>
      </object_component>
      <object_component id="oc-a13">
         <name>.text:xTaskGetTickCount</name>
         <load_address>0x7a36</load_address>
         <run_address>0x7a36</run_address>
         <size>0x28</size>
         <input_file_ref idref="fl-9"/>
      </object_component>
      <object_component id="oc-63f">
         <name>.text:vListInsertEnd</name>
         <load_address>0x7a5e</load_address>
         <run_address>0x7a5e</run_address>
         <size>0x26</size>
         <input_file_ref idref="fl-6"/>
      </object_component>
      <object_component id="oc-96">
         <name>.text:decompress:ZI:__TI_zero_init</name>
         <load_address>0x7a84</load_address>
         <run_address>0x7a84</run_address>
         <size>0x24</size>
         <input_file_ref idref="fl-6b"/>
      </object_component>
      <object_component id="oc-80e">
         <name>.text:pxPortInitialiseStack</name>
         <load_address>0x7aa8</load_address>
         <run_address>0x7aa8</run_address>
         <size>0x24</size>
         <input_file_ref idref="fl-b"/>
      </object_component>
      <object_component id="oc-526">
         <name>.text</name>
         <load_address>0x7acc</load_address>
         <run_address>0x7acc</run_address>
         <size>0x24</size>
         <input_file_ref idref="fl-73"/>
      </object_component>
      <object_component id="oc-5b3">
         <name>.text:EUSCI_A_UART_enableInterrupt</name>
         <load_address>0x7af0</load_address>
         <run_address>0x7af0</run_address>
         <size>0x22</size>
         <input_file_ref idref="fl-17"/>
      </object_component>
      <object_component id="oc-6de">
         <name>.text:EUSCI_A_UART_transmitData</name>
         <load_address>0x7b12</load_address>
         <run_address>0x7b12</run_address>
         <size>0x22</size>
         <input_file_ref idref="fl-17"/>
      </object_component>
      <object_component id="oc-7f1">
         <name>.text:EUSCI_B_I2C_masterReceiveSingleByte</name>
         <load_address>0x7b34</load_address>
         <run_address>0x7b34</run_address>
         <size>0x22</size>
         <input_file_ref idref="fl-18"/>
      </object_component>
      <object_component id="oc-7fb">
         <name>.text:prvTaskCheckFreeStackSpace</name>
         <load_address>0x7b56</load_address>
         <run_address>0x7b56</run_address>
         <size>0x22</size>
         <input_file_ref idref="fl-9"/>
      </object_component>
      <object_component id="oc-4e3">
         <name>.text:uart_write_string</name>
         <load_address>0x7b78</load_address>
         <run_address>0x7b78</run_address>
         <size>0x22</size>
         <input_file_ref idref="fl-2f"/>
      </object_component>
      <object_component id="oc-48d">
         <name>.text:EUSCI_A_UART_receiveData</name>
         <load_address>0x7b9a</load_address>
         <run_address>0x7b9a</run_address>
         <size>0x20</size>
         <input_file_ref idref="fl-17"/>
      </object_component>
      <object_component id="oc-749">
         <name>.text:memchr</name>
         <load_address>0x7bba</load_address>
         <run_address>0x7bba</run_address>
         <size>0x20</size>
         <input_file_ref idref="fl-8f"/>
      </object_component>
      <object_component id="oc-802">
         <name>.text:memset</name>
         <load_address>0x7bda</load_address>
         <run_address>0x7bda</run_address>
         <size>0x20</size>
         <input_file_ref idref="fl-91"/>
      </object_component>
      <object_component id="oc-9be">
         <name>.text:memccpy</name>
         <load_address>0x7bfa</load_address>
         <run_address>0x7bfa</run_address>
         <size>0x1e</size>
         <input_file_ref idref="fl-b2"/>
      </object_component>
      <object_component id="oc-556">
         <name>.text:GPIO_setOutputLowOnPin</name>
         <load_address>0x7c18</load_address>
         <run_address>0x7c18</run_address>
         <size>0x1c</size>
         <input_file_ref idref="fl-1b"/>
      </object_component>
      <object_component id="oc-90f">
         <name>.text:pvTaskIncrementMutexHeldCount</name>
         <load_address>0x7c34</load_address>
         <run_address>0x7c34</run_address>
         <size>0x1c</size>
         <input_file_ref idref="fl-9"/>
      </object_component>
      <object_component id="oc-bef">
         <name>.text:strchr</name>
         <load_address>0x7c50</load_address>
         <run_address>0x7c50</run_address>
         <size>0x1c</size>
         <input_file_ref idref="fl-b3"/>
      </object_component>
      <object_component id="oc-c41">
         <name>.text:strcmp</name>
         <load_address>0x7c6c</load_address>
         <run_address>0x7c6c</run_address>
         <size>0x1c</size>
         <input_file_ref idref="fl-b4"/>
      </object_component>
      <object_component id="oc-792">
         <name>.text:CS_getSMCLK</name>
         <load_address>0x7c88</load_address>
         <run_address>0x7c88</run_address>
         <size>0x1a</size>
         <input_file_ref idref="fl-13"/>
      </object_component>
      <object_component id="oc-592">
         <name>.text:_abort_msg</name>
         <load_address>0x7ca2</load_address>
         <run_address>0x7ca2</run_address>
         <size>0x1a</size>
         <input_file_ref idref="fl-7a"/>
      </object_component>
      <object_component id="oc-5dc">
         <name>.text:vApplicationGetIdleTaskMemory</name>
         <load_address>0x7cbc</load_address>
         <run_address>0x7cbc</run_address>
         <size>0x1a</size>
         <input_file_ref idref="fl-2"/>
      </object_component>
      <object_component id="oc-701">
         <name>.text:vApplicationGetTimerTaskMemory</name>
         <load_address>0x7cd6</load_address>
         <run_address>0x7cd6</run_address>
         <size>0x1a</size>
         <input_file_ref idref="fl-2"/>
      </object_component>
      <object_component id="oc-a82">
         <name>.text</name>
         <load_address>0x7cf0</load_address>
         <run_address>0x7cf0</run_address>
         <size>0x18</size>
         <input_file_ref idref="fl-71"/>
      </object_component>
      <object_component id="oc-8cd">
         <name>.text:xTaskGetSchedulerState</name>
         <load_address>0x7d08</load_address>
         <run_address>0x7d08</run_address>
         <size>0x18</size>
         <input_file_ref idref="fl-9"/>
      </object_component>
      <object_component id="oc-77">
         <name>.text:decompress:none:__TI_decompress_none</name>
         <load_address>0x7d20</load_address>
         <run_address>0x7d20</run_address>
         <size>0x16</size>
         <input_file_ref idref="fl-54"/>
      </object_component>
      <object_component id="oc-903">
         <name>.text:prvGetDisinheritPriorityAfterTimeout</name>
         <load_address>0x7d36</load_address>
         <run_address>0x7d36</run_address>
         <size>0x16</size>
         <input_file_ref idref="fl-7"/>
      </object_component>
      <object_component id="oc-5e2">
         <name>.text:prvIdleTask</name>
         <load_address>0x7d4c</load_address>
         <run_address>0x7d4c</run_address>
         <size>0x16</size>
         <input_file_ref idref="fl-9"/>
      </object_component>
      <object_component id="oc-707">
         <name>.text:prvTimerTask</name>
         <load_address>0x7d62</load_address>
         <run_address>0x7d62</run_address>
         <size>0x16</size>
         <input_file_ref idref="fl-a"/>
      </object_component>
      <object_component id="oc-653">
         <name>.text</name>
         <load_address>0x7d78</load_address>
         <run_address>0x7d78</run_address>
         <size>0x16</size>
         <input_file_ref idref="fl-6e"/>
      </object_component>
      <object_component id="oc-8f1">
         <name>.text:vTaskInternalSetTimeOutState</name>
         <load_address>0x7d8e</load_address>
         <run_address>0x7d8e</run_address>
         <size>0x14</size>
         <input_file_ref idref="fl-9"/>
      </object_component>
      <object_component id="oc-56e">
         <name>.text:CS_setDCOFreq</name>
         <load_address>0x7da2</load_address>
         <run_address>0x7da2</run_address>
         <size>0x12</size>
         <input_file_ref idref="fl-13"/>
      </object_component>
      <object_component id="oc-574">
         <name>.text:CS_setExternalClockSource</name>
         <load_address>0x7db4</load_address>
         <run_address>0x7db4</run_address>
         <size>0x12</size>
         <input_file_ref idref="fl-13"/>
      </object_component>
      <object_component id="oc-b13">
         <name>.text:strcpy</name>
         <load_address>0x7dc6</load_address>
         <run_address>0x7dc6</run_address>
         <size>0x12</size>
         <input_file_ref idref="fl-b5"/>
      </object_component>
      <object_component id="oc-743">
[...]
      </symbol>
      <symbol id="sm-ba1">
         <name>__mspabi_slll_11</name>
         <value>0x7404</value>
         <object_component_ref idref="oc-b0c"/>
      </symbol>
      <symbol id="sm-ba2">
         <name>__mspabi_slll_10</name>
         <value>0x7408</value>
         <object_component_ref idref="oc-b0c"/>
      </symbol>
      <symbol id="sm-bb2">
         <name>__mspabi_srll_8</name>
         <value>0x744e</value>
         <object_component_ref idref="oc-c16"/>
      </symbol>
      <symbol id="sm-bb3">
         <name>__mspabi_srll_9</name>
         <value>0x744a</value>
         <object_component_ref idref="oc-c16"/>
      </symbol>
      <symbol id="sm-bb4">
         <name>__mspabi_srll_6</name>
         <value>0x7456</value>
         <object_component_ref idref="oc-c16"/>
      </symbol>
      <symbol id="sm-bb5">
         <name>__mspabi_srll_7</name>
         <value>0x7452</value>
         <object_component_ref idref="oc-c16"/>
      </symbol>
      <symbol id="sm-bb6">
         <name>__mspabi_srll_4</name>
         <value>0x745e</value>
         <object_component_ref idref="oc-c16"/>
      </symbol>
      <symbol id="sm-bb7">
         <name>__mspabi_srll_5</name>
         <value>0x745a</value>
         <object_component_ref idref="oc-c16"/>
      </symbol>
      <symbol id="sm-bb8">
         <name>__mspabi_srll_2</name>
         <value>0x7466</value>
         <object_component_ref idref="oc-c16"/>
      </symbol>
      <symbol id="sm-bb9">
         <name>__mspabi_srll_3</name>
         <value>0x7462</value>
         <object_component_ref idref="oc-c16"/>
      </symbol>
      <symbol id="sm-bba">
         <name>__mspabi_srll_1</name>
         <value>0x746a</value>
         <object_component_ref idref="oc-c16"/>
      </symbol>
      <symbol id="sm-bbb">
         <name>__mspabi_srll_15</name>
         <value>0x7432</value>
         <object_component_ref idref="oc-c16"/>
      </symbol>
      <symbol id="sm-bbc">
         <name>__mspabi_srll_14</name>
         <value>0x7436</value>
         <object_component_ref idref="oc-c16"/>
      </symbol>
      <symbol id="sm-bbd">
         <name>__mspabi_srll_13</name>
         <value>0x743a</value>
         <object_component_ref idref="oc-c16"/>
      </symbol>
      <symbol id="sm-bbe">
         <name>__mspabi_srll_12</name>
         <value>0x743e</value>
         <object_component_ref idref="oc-c16"/>
      </symbol>
      <symbol id="sm-bbf">
         <name>__mspabi_srll_11</name>
         <value>0x7442</value>
         <object_component_ref idref="oc-c16"/>
      </symbol>
      <symbol id="sm-bc0">
         <name>__mspabi_srll_10</name>
         <value>0x7446</value>
         <object_component_ref idref="oc-c16"/>
      </symbol>
      <symbol id="sm-bc1">
         <name>__mspabi_srll</name>
         <value>0x7e1e</value>
         <object_component_ref idref="oc-b9f"/>
      </symbol>
      <symbol id="sm-bd2">
         <name>_abort_msg</name>
         <value>0x7ca2</value>
         <object_component_ref idref="oc-592"/>
      </symbol>
      <symbol id="sm-bda">
         <name>_stack</name>
         <value>0x2360</value>
         <object_component_ref idref="oc-3f8"/>
      </symbol>
      <symbol id="sm-bdb">
         <name>_reset_vector</name>
         <value>0xfffe</value>
         <object_component_ref idref="oc-3fb"/>
      </symbol>
      <symbol id="sm-bfd">
         <name>_auto_init_hold_wdt</name>
         <value>0x5a3a</value>
         <object_component_ref idref="oc-441"/>
      </symbol>
      <symbol id="sm-c0d">
         <name>__mspabi_sral</name>
         <value>0x13ff0</value>
         <object_component_ref idref="oc-c69"/>
      </symbol>
      <symbol id="sm-c0e">
         <name>__mspabi_sral_15</name>
         <value>0x73b6</value>
         <object_component_ref idref="oc-4a7"/>
      </symbol>
      <symbol id="sm-c0f">
         <name>__mspabi_sral_14</name>
         <value>0x73ba</value>
         <object_component_ref idref="oc-4a7"/>
      </symbol>
      <symbol id="sm-c10">
         <name>__mspabi_sral_13</name>
         <value>0x73be</value>
         <object_component_ref idref="oc-4a7"/>
      </symbol>
      <symbol id="sm-c11">
         <name>__mspabi_sral_12</name>
         <value>0x73c2</value>
         <object_component_ref idref="oc-4a7"/>
      </symbol>
      <symbol id="sm-c12">
         <name>__mspabi_sral_11</name>
         <value>0x73c6</value>
         <object_component_ref idref="oc-4a7"/>
      </symbol>
      <symbol id="sm-c13">
         <name>__mspabi_sral_10</name>
         <value>0x73ca</value>
         <object_component_ref idref="oc-4a7"/>
      </symbol>
      <symbol id="sm-c14">
         <name>__mspabi_sral_8</name>
         <value>0x73d2</value>
         <object_component_ref idref="oc-4a7"/>
      </symbol>
      <symbol id="sm-c15">
         <name>__mspabi_sral_9</name>
         <value>0x73ce</value>
         <object_component_ref idref="oc-4a7"/>
      </symbol>
      <symbol id="sm-c16">
         <name>__mspabi_sral_6</name>
         <value>0x73da</value>
         <object_component_ref idref="oc-4a7"/>
      </symbol>
      <symbol id="sm-c17">
         <name>__mspabi_sral_7</name>
         <value>0x73d6</value>
         <object_component_ref idref="oc-4a7"/>
      </symbol>
      <symbol id="sm-c18">
         <name>__mspabi_sral_4</name>
         <value>0x73e2</value>
         <object_component_ref idref="oc-4a7"/>
      </symbol>
      <symbol id="sm-c19">
         <name>__mspabi_sral_5</name>
         <value>0x73de</value>
         <object_component_ref idref="oc-4a7"/>
      </symbol>
      <symbol id="sm-c1a">
         <name>__mspabi_sral_2</name>
         <value>0x73ea</value>
         <object_component_ref idref="oc-4a7"/>
      </symbol>
      <symbol id="sm-c1b">
         <name>__mspabi_sral_3</name>
         <value>0x73e6</value>
         <object_component_ref idref="oc-4a7"/>
      </symbol>
      <symbol id="sm-c1c">
         <name>__mspabi_sral_1</name>
         <value>0x73ee</value>
         <object_component_ref idref="oc-4a7"/>
      </symbol>
      <symbol id="sm-c26">
         <name>_c_int00_noargs</name>
         <value>0x4820</value>
         <object_component_ref idref="oc-a8"/>
      </symbol>
      <symbol id="sm-c37">
         <name>__TI_tmpnams</name>
         <value>0x1cc0</value>
      </symbol>
      <symbol id="sm-c38">
         <name>_ftable</name>
         <value>0x1f14</value>
         <object_component_ref idref="oc-67b"/>
      </symbol>
      <symbol id="sm-c39">
         <name>__TI_ft_end</name>
         <value>0x20e8</value>
         <object_component_ref idref="oc-75d"/>
      </symbol>
      <symbol id="sm-c42">
         <name>_system_post_cinit</name>
         <value>0x7ee4</value>
         <object_component_ref idref="oc-4ac"/>
      </symbol>
      <symbol id="sm-c4b">
         <name>_system_pre_init</name>
         <value>0x7ede</value>
         <object_component_ref idref="oc-43b"/>
      </symbol>
      <symbol id="sm-c68">
         <name>C$$EXIT</name>
         <value>0x7ecc</value>
         <object_component_ref idref="oc-463"/>
      </symbol>
      <symbol id="sm-c69">
         <name>abort</name>
         <value>0x7ecc</value>
         <object_component_ref idref="oc-463"/>
      </symbol>
      <symbol id="sm-c6a">
         <name>exit</name>
         <value>0x718a</value>
         <object_component_ref idref="oc-44d"/>
      </symbol>
      <symbol id="sm-c6b">
         <name>__TI_enable_exit_profile_output</name>
         <value>0x20ec</value>
         <object_component_ref idref="oc-4bb"/>
      </symbol>
      <symbol id="sm-c7a">
         <name>__TI_dtors_ptr</name>
         <value>0x20d6</value>
         <object_component_ref idref="oc-4c1"/>
      </symbol>
      <symbol id="sm-c7b">
         <name>__TI_cleanup_ptr</name>
         <value>0x20d2</value>
         <object_component_ref idref="oc-4c4"/>
      </symbol>
      <symbol id="sm-c91">
         <name>_nop</name>
         <value>0x7ee2</value>
         <object_component_ref idref="oc-544"/>
      </symbol>
      <symbol id="sm-c92">
         <name>_lock</name>
         <value>0x20da</value>
         <object_component_ref idref="oc-4be"/>
      </symbol>
      <symbol id="sm-c93">
         <name>_unlock</name>
         <value>0x20de</value>
         <object_component_ref idref="oc-4c7"/>
      </symbol>
      <symbol id="sm-ca9">
         <name>copy_in</name>
         <value>0x6766</value>
         <object_component_ref idref="oc-4a1"/>
      </symbol>
      <symbol id="sm-cc5">
         <name>__TI_doflush</name>
         <value>0x6d94</value>
         <object_component_ref idref="oc-74f"/>
      </symbol>
      <symbol id="sm-cc6">
         <name>fflush</name>
         <value>0x6eb0</value>
         <object_component_ref idref="oc-684"/>
      </symbol>
      <symbol id="sm-ce2">
         <name>fputs</name>
         <value>0x1360c</value>
         <object_component_ref idref="oc-67e"/>
      </symbol>
      <symbol id="sm-cfa">
         <name>__TI_wrt_ok</name>
         <value>0x62ba</value>
         <object_component_ref idref="oc-73d"/>
      </symbol>
      <symbol id="sm-d0f">
         <name>fseek</name>
         <value>0x660e</value>
         <object_component_ref idref="oc-860"/>
      </symbol>
      <symbol id="sm-d67">
         <name>lseek</name>
         <value>0x6fb4</value>
         <object_component_ref idref="oc-972"/>
      </symbol>
      <symbol id="sm-d68">
         <name>write</name>
         <value>0x71d4</value>
         <object_component_ref idref="oc-755"/>
      </symbol>
      <symbol id="sm-d69">
         <name>close</name>
         <value>0x6a6c</value>
         <object_component_ref idref="oc-ae9"/>
      </symbol>
      <symbol id="sm-d6a">
         <name>unlink</name>
         <value>0x779a</value>
         <object_component_ref idref="oc-af0"/>
      </symbol>
      <symbol id="sm-da9">
         <name>HOSTrename</name>
         <value>0x659a</value>
         <object_component_ref idref="oc-a7a"/>
      </symbol>
      <symbol id="sm-daa">
         <name>HOSTclose</name>
         <value>0x7004</value>
         <object_component_ref idref="oc-a5c"/>
      </symbol>
      <symbol id="sm-dab">
         <name>HOSTunlink</name>
         <value>0x721e</value>
         <object_component_ref idref="oc-a74"/>
      </symbol>
      <symbol id="sm-dac">
         <name>HOSTlseek</name>
         <value>0x54ac</value>
         <object_component_ref idref="oc-a6e"/>
      </symbol>
      <symbol id="sm-dad">
         <name>HOSTopen</name>
         <value>0x684a</value>
         <object_component_ref idref="oc-a56"/>
      </symbol>
      <symbol id="sm-dae">
         <name>HOSTwrite</name>
         <value>0x692a</value>
         <object_component_ref idref="oc-a68"/>
      </symbol>
      <symbol id="sm-daf">
         <name>HOSTread</name>
         <value>0x6a02</value>
         <object_component_ref idref="oc-a62"/>
      </symbol>
      <symbol id="sm-dcd">
         <name>__TI_readmsg</name>
         <value>0x76d4</value>
         <object_component_ref idref="oc-b01"/>
      </symbol>
      <symbol id="sm-dce">
         <name>C$$IO$$</name>
         <value>0x7632</value>
         <object_component_ref idref="oc-afb"/>
      </symbol>
      <symbol id="sm-dcf">
         <name>_CIOBUF_</name>
         <value>0x4400</value>
         <object_component_ref idref="oc-b8c"/>
      </symbol>
      <symbol id="sm-dd0">
         <name>__TI_writemsg</name>
         <value>0x7600</value>
         <object_component_ref idref="oc-afb"/>
      </symbol>
      <symbol id="sm-de0">
         <name>memchr</name>
         <value>0x7bba</value>
         <object_component_ref idref="oc-749"/>
      </symbol>
      <symbol id="sm-def">
         <name>memcpy</name>
         <value>0x7992</value>
         <object_component_ref idref="oc-40a"/>
      </symbol>
      <symbol id="sm-dfe">
         <name>memset</name>
         <value>0x7bda</value>
         <object_component_ref idref="oc-802"/>
      </symbol>
      <symbol id="sm-e17">
         <name>setvbuf</name>
         <value>0x13dfe</value>
         <object_component_ref idref="oc-866"/>
      </symbol>
      <symbol id="sm-e23">
         <name>__TI_cleanup</name>
         <value>0x75ca</value>
         <object_component_ref idref="oc-986"/>
      </symbol>
      <symbol id="sm-e34">
         <name>__TI_closefile</name>
         <value>0x68ba</value>
         <object_component_ref idref="oc-a4d"/>
      </symbol>
      <symbol id="sm-e82">
         <name>_sys_memory</name>
         <value>0x4520</value>
         <object_component_ref idref="oc-3fc"/>
      </symbol>
      <symbol id="sm-e83">
         <name>free</name>
         <value>0x4ea8</value>
         <object_component_ref idref="oc-97a"/>
      </symbol>
      <symbol id="sm-e84">
         <name>malloc</name>
         <value>0x4882</value>
         <object_component_ref idref="oc-980"/>
      </symbol>
      <symbol id="sm-e85">
         <name>minit</name>
         <value>0x6df4</value>
         <object_component_ref idref="oc-a46"/>
      </symbol>
      <symbol id="sm-eb2">
         <name>snprintf</name>
         <value>0x64ac</value>
         <object_component_ref idref="oc-69c"/>
      </symbol>
      <symbol id="sm-105c">
         <name>__TI_printfi</name>
         <value>0x11d40</value>
         <object_component_ref idref="oc-778"/>
      </symbol>
      <symbol id="sm-107b">
         <name>__mspabi_cmpd</name>
         <value>0x4cfe</value>
         <object_component_ref idref="oc-ac2"/>
      </symbol>
      <symbol id="sm-109c">
         <name>__mspabi_divd</name>
         <value>0x121a4</value>
         <object_component_ref idref="oc-b5c"/>
      </symbol>
      <symbol id="sm-10b7">
         <name>__TI_frcdivd</name>
         <value>0x10000</value>
         <object_component_ref idref="oc-bda"/>
      </symbol>
      <symbol id="sm-10ea">
         <name>__mspabi_divull</name>
         <value>0x10858</value>
         <object_component_ref idref="oc-b21"/>
      </symbol>
      <symbol id="sm-10f7">
         <name>__mspabi_fixdi</name>
         <value>0x79e6</value>
         <object_component_ref idref="oc-bbb"/>
      </symbol>
      <symbol id="sm-1106">
         <name>__mspabi_fixdli</name>
         <value>0x6c0a</value>
         <object_component_ref idref="oc-bc1"/>
      </symbol>
      <symbol id="sm-110f">
         <name>__mspabi_fltid</name>
         <value>0x7e96</value>
         <object_component_ref idref="oc-bf5"/>
      </symbol>
      <symbol id="sm-1127">
         <name>__mspabi_fltlid</name>
         <value>0x5d70</value>
         <object_component_ref idref="oc-baf"/>
      </symbol>
      <symbol id="sm-1147">
         <name>__mspabi_mpyd</name>
         <value>0x113c8</value>
         <object_component_ref idref="oc-b56"/>
      </symbol>
      <symbol id="sm-1158">
         <name>__TI_frcmpyd</name>
         <value>0x11142</value>
         <object_component_ref idref="oc-bd2"/>
      </symbol>
      <symbol id="sm-1161">
         <name>__mspabi_negd</name>
         <value>0x77fa</value>
         <object_component_ref idref="oc-aa4"/>
      </symbol>
      <symbol id="sm-116e">
         <name>__mspabi_sllll</name>
         <value>0x74aa</value>
         <object_component_ref idref="oc-b99"/>
      </symbol>
      <symbol id="sm-117b">
         <name>__mspabi_srlll</name>
         <value>0x74e4</value>
         <object_component_ref idref="oc-b27"/>
      </symbol>
      <symbol id="sm-1184">
         <name>__mspabi_subd</name>
         <value>0x7706</value>
         <object_component_ref idref="oc-bb5"/>
      </symbol>
      <symbol id="sm-11a6">
         <name>__mspabi_addd</name>
         <value>0x10ba6</value>
         <object_component_ref idref="oc-c1d"/>
      </symbol>
      <symbol id="sm-11c7">
         <name>__TI_frcaddd</name>
         <value>0x118aa</value>
         <object_component_ref idref="oc-c4d"/>
      </symbol>
      <symbol id="sm-11db">
         <name>__TI_renormd</name>
         <value>0x56c8</value>
         <object_component_ref idref="oc-c6e"/>
      </symbol>
      <symbol id="sm-11e5">
         <name>abs</name>
         <value>0x7ea2</value>
         <object_component_ref idref="oc-bc8"/>
      </symbol>
      <symbol id="sm-11f8">
         <name>atoi</name>
         <value>0x6c70</value>
         <object_component_ref idref="oc-9aa"/>
      </symbol>
      <symbol id="sm-1202">
         <name>_ctypes_</name>
         <value>0x8036</value>
         <object_component_ref idref="oc-a87"/>
      </symbol>
      <symbol id="sm-1219">
         <name>frexpl</name>
         <value>0x577a</value>
         <object_component_ref idref="oc-b63"/>
      </symbol>
      <symbol id="sm-121a">
         <name>frexp</name>
         <value>0x577a</value>
         <object_component_ref idref="oc-b63"/>
      </symbol>
      <symbol id="sm-1234">
         <name>scalbn</name>
         <value>0x12d24</value>
         <object_component_ref idref="oc-be9"/>
      </symbol>
      <symbol id="sm-1235">
         <name>scalbnl</name>
         <value>0x12d24</value>
         <object_component_ref idref="oc-be9"/>
      </symbol>
      <symbol id="sm-1236">
         <name>ldexpl</name>
         <value>0x12d24</value>
         <object_component_ref idref="oc-be9"/>
      </symbol>
      <symbol id="sm-1237">
         <name>ldexp</name>
         <value>0x12d24</value>
         <object_component_ref idref="oc-be9"/>
      </symbol>
      <symbol id="sm-1240">
         <name>copysign</name>
         <value>0x7856</value>
         <object_component_ref idref="oc-c34"/>
      </symbol>
      <symbol id="sm-1241">
         <name>copysignl</name>
         <value>0x7856</value>
         <object_component_ref idref="oc-c34"/>
      </symbol>
      <symbol id="sm-1248">
         <name>errno</name>
         <value>0x20ea</value>
         <object_component_ref idref="oc-c31"/>
      </symbol>
      <symbol id="sm-1257">
         <name>ltoa</name>
         <value>0x607c</value>
         <object_component_ref idref="oc-ba9"/>
      </symbol>
      <symbol id="sm-1266">
         <name>memccpy</name>
         <value>0x7bfa</value>
         <object_component_ref idref="oc-9be"/>
      </symbol>
      <symbol id="sm-1275">
         <name>strchr</name>
         <value>0x7c50</value>
         <object_component_ref idref="oc-bef"/>
      </symbol>
      <symbol id="sm-1283">
         <name>strcmp</name>
         <value>0x7c6c</value>
         <object_component_ref idref="oc-c41"/>
      </symbol>
      <symbol id="sm-1290">
         <name>strcpy</name>
         <value>0x7dc6</value>
         <object_component_ref idref="oc-b13"/>
      </symbol>
      <symbol id="sm-129d">
         <name>strlen</name>
         <value>0x7dd8</value>
         <object_component_ref idref="oc-743"/>
      </symbol>
      <symbol id="sm-12ae">
         <name>strncpy</name>
         <value>0x70a0</value>
         <object_component_ref idref="oc-bfd"/>
      </symbol>
      <symbol id="sm-12bb">
         <name>toupper</name>
         <value>0x7dea</value>
         <object_component_ref idref="oc-a9e"/>
      </symbol>
      <symbol id="sm-12c0">
         <name>__TI_BINIT_Base</name>
         <value>0x0</value>
      </symbol>
      <symbol id="sm-12c1">
         <name>__TI_BINIT_Limit</name>
         <value>0x0</value>
      </symbol>
      <symbol id="sm-12c2">
         <name>__TI_INITARRAY_Base</name>
         <value>0x0</value>
      </symbol>
      <symbol id="sm-12c3">
         <name>__TI_INITARRAY_Limit</name>
         <value>0x0</value>
      </symbol>
      <symbol id="sm-12c4">
         <name>vPortSetupTimerInterrupt</name>
         <value>0x77ca</value>
      </symbol>
      <symbol id="sm-12c5">
         <name>remove</name>
         <value>0x779a</value>
      </symbol>
   </symbol_table>
   <title>Link successful</title>
</link_info>
