******************************************************************************
                  MSP430 Linker Unix v16.9.6                   
******************************************************************************
>> Linked Tue Apr 24 00:03:14 2018

OUTPUT FILE NAME:   <RTOSDemo.out>
ENTRY POINT SYMBOL: "_c_int00_noargs_noexit"  address: 0000846a


MEMORY CONFIGURATION

         name            origin    length      used     unused   attr    fill
----------------------  --------  ---------  --------  --------  ----  --------
  SFR                   00000000   00000010  00000000  00000010  RWIX
  PERIPHERALS_8BIT      00000010   000000f0  00000000  000000f0  RWIX
  PERIPHERALS_16BIT     00000100   00000100  00000000  00000100  RWIX
  INFOD                 00001800   00000080  00000000  00000080  RWIX
  INFOC                 00001880   00000080  00000000  00000080  RWIX
  INFOB                 00001900   00000080  00000000  00000080  RWIX
  INFOA                 00001980   00000080  00000000  00000080  RWIX
  RAM                   00001c00   00000800  00000356  000004aa  RWIX
  FRAM                  00004400   0000bb80  00007b52  0000402e  RWIX
  JTAGSIGNATURE         0000ff80   00000004  00000004  00000000  RWIX  ffff 
  BSLSIGNATURE          0000ff84   00000004  00000004  00000000  RWIX  ffff 
  IPESIGNATURE          0000ff88   00000008  00000008  00000000  RWIX  ffff 
  INT00                 0000ff90   00000002  00000000  00000002  RWIX
  INT01                 0000ff92   00000002  00000000  00000002  RWIX
  INT02                 0000ff94   00000002  00000000  00000002  RWIX
  INT03                 0000ff96   00000002  00000000  00000002  RWIX
  INT04                 0000ff98   00000002  00000000  00000002  RWIX
  INT05                 0000ff9a   00000002  00000000  00000002  RWIX
  INT06                 0000ff9c   00000002  00000000  00000002  RWIX
  INT07                 0000ff9e   00000002  00000000  00000002  RWIX
  INT08                 0000ffa0   00000002  00000000  00000002  RWIX
  INT09                 0000ffa2   00000002  00000000  00000002  RWIX
  INT10                 0000ffa4   00000002  00000000  00000002  RWIX
  INT11                 0000ffa6   00000002  00000000  00000002  RWIX
  INT12                 0000ffa8   00000002  00000000  00000002  RWIX
  INT13                 0000ffaa   00000002  00000000  00000002  RWIX
  INT14                 0000ffac   00000002  00000000  00000002  RWIX
  INT15                 0000ffae   00000002  00000000  00000002  RWIX
  INT16                 0000ffb0   00000002  00000000  00000002  RWIX
  INT17                 0000ffb2   00000002  00000000  00000002  RWIX
  INT18                 0000ffb4   00000002  00000000  00000002  RWIX
  INT19                 0000ffb6   00000002  00000000  00000002  RWIX
  INT20                 0000ffb8   00000002  00000000  00000002  RWIX
  INT21                 0000ffba   00000002  00000000  00000002  RWIX
  INT22                 0000ffbc   00000002  00000000  00000002  RWIX
  INT23                 0000ffbe   00000002  00000000  00000002  RWIX
  INT24                 0000ffc0   00000002  00000000  00000002  RWIX
  INT25                 0000ffc2   00000002  00000000  00000002  RWIX
  INT26                 0000ffc4   00000002  00000000  00000002  RWIX
  INT27                 0000ffc6   00000002  00000000  00000002  RWIX
  INT28                 0000ffc8   00000002  00000000  00000002  RWIX
  INT29                 0000ffca   00000002  00000000  00000002  RWIX
  INT30                 0000ffcc   00000002  00000002  00000000  RWIX
  INT31                 0000ffce   00000002  00000002  00000000  RWIX
  INT32                 0000ffd0   00000002  00000002  00000000  RWIX
  INT33                 0000ffd2   00000002  00000002  00000000  RWIX
  INT34                 0000ffd4   00000002  00000002  00000000  RWIX
  INT35                 0000ffd6   00000002  00000002  00000000  RWIX
  INT36                 0000ffd8   00000002  00000002  00000000  RWIX
  INT37                 0000ffda   00000002  00000002  00000000  RWIX
  INT38                 0000ffdc   00000002  00000002  00000000  RWIX
  INT39                 0000ffde   00000002  00000002  00000000  RWIX
  INT40                 0000ffe0   00000002  00000002  00000000  RWIX
  INT41                 0000ffe2   00000002  00000002  00000000  RWIX
  INT42                 0000ffe4   00000002  00000002  00000000  RWIX
  INT43                 0000ffe6   00000002  00000002  00000000  RWIX
  INT44                 0000ffe8   00000002  00000002  00000000  RWIX
  INT45                 0000ffea   00000002  00000002  00000000  RWIX
  INT46                 0000ffec   00000002  00000002  00000000  RWIX
  INT47                 0000ffee   00000002  00000002  00000000  RWIX
  INT48                 0000fff0   00000002  00000002  00000000  RWIX
  INT49                 0000fff2   00000002  00000002  00000000  RWIX
  INT50                 0000fff4   00000002  00000002  00000000  RWIX
  INT51                 0000fff6   00000002  00000002  00000000  RWIX
  INT52                 0000fff8   00000002  00000002  00000000  RWIX
  INT53                 0000fffa   00000002  00000002  00000000  RWIX
  INT54                 0000fffc   00000002  00000002  00000000  RWIX
  RESET                 0000fffe   00000002  00000002  00000000  RWIX
  FRAM2                 00010000   00004000  00004000  00000000  RWIX


SECTION ALLOCATION MAP

 output                                  attributes/
section   page    origin      length       input sections
--------  ----  ----------  ----------   ----------------
.TI.persistent 
*          0    00004400    00003ddc     
                  00004400    00003800     main.obj (.TI.persistent:ucHeap)
                  00007c00    000005dc     main_full.obj (.TI.persistent:cOutputBuffer)

.ipestruct 
*          0    00004400    00000000     UNINITIALIZED

.ipe       0    00004400    00000000     UNINITIALIZED

.ipe:_isr 
*          0    00004400    00000000     UNINITIALIZED

.cio       0    000081dc    00000000     UNINITIALIZED

.sysmem    0    000081dc    00000000     UNINITIALIZED

.cinit     0    0000bf14    0000003e     
                  0000bf14    0000001b     (.cinit..data.load) [load image, compression = lzss]
                  0000bf2f    00000001     --HOLE-- [fill = 0]
                  0000bf30    0000000c     (__TI_handler_table)
                  0000bf3c    00000006     (.cinit..bss.load) [load image, compression = zero_init]
                  0000bf42    00000010     (__TI_cinit_table)

.init_array 
*          0    00004400    00000000     UNINITIALIZED

.text:_isr 
*          0    00008400    000000b0     
                  00008400    0000006a     serial.obj (.text:_isr:prvUSCI_A0_ISR)
                  0000846a    0000001a     rts430x_lc_ld_eabi.lib : boot_special.obj (.text:_isr:_c_int00_noargs_noexit)
                  00008484    00000014     main_full.obj (.text:_isr:v4RunTimeStatsTimerOverflow)
                  00008498    00000010     port.obj (.text:_isr:vTickISREntry)
                  000084a8    00000008     rts430x_lc_ld_eabi.lib : isr_trap.obj (.text:_isr:__TI_ISR_TRAP)

.bss       0    00001c00    0000019a     UNINITIALIZED
                  00001c00    0000005a     tasks.obj (.bss:pxReadyTasksLists)
                  00001c5a    00000032     UARTCommandConsole.obj (.bss:cInputString$1)
                  00001c8c    00000032     UARTCommandConsole.obj (.bss:cLastInputString$2)
                  00001cbe    00000012     timers.obj (.bss:xActiveTimerList1)
                  00001cd0    00000012     timers.obj (.bss:xActiveTimerList2)
                  00001ce2    00000012     tasks.obj (.bss:xDelayedTaskList1)
                  00001cf4    00000012     tasks.obj (.bss:xDelayedTaskList2)
                  00001d06    00000012     tasks.obj (.bss:xPendingReadyList)
                  00001d18    00000012     tasks.obj (.bss:xSuspendedTaskList)
                  00001d2a    00000012     tasks.obj (.bss:xTasksWaitingTermination)
                  00001d3c    00000010     countsem.obj (.bss:xParameters)
                  00001d4c    0000000c     dynamic.obj (.bss)
                  00001d58    0000000c     recmutex.obj (.bss)
                  00001d64    0000000a     blocktim.obj (.bss)
                  00001d6e    00000008     GenQTest.obj (.bss)
                  00001d76    00000008     serial.obj (.bss)
                  00001d7e    00000008     tasks.obj (.bss)
                  00001d86    00000008     timers.obj (.bss)
                  00001d8e    00000008     heap_4.obj (.bss:xStart)
                  00001d96    00000004     (.common:xSuspendedTestQueue)

.data      0    00001d9a    0000011c     UNINITIALIZED
                  00001d9a    0000002c     EventGroupsDemo.obj (.data)
                  00001dc6    0000002a     tasks.obj (.data)
                  00001df0    00000026     TaskNotify.obj (.data)
                  00001e16    00000018     GenQTest.obj (.data)
                  00001e2e    00000014     dynamic.obj (.data)
                  00001e42    00000012     recmutex.obj (.data)
                  00001e54    00000010     heap_4.obj (.data)
                  00001e64    0000000c     FreeRTOS_CLI.obj (.data)
                  00001e70    0000000c     main_full.obj (.data)
                  00001e7c    0000000c     timers.obj (.data)
                  00001e88    0000000a     blocktim.obj (.data)
                  00001e92    00000008     UARTCommandConsole.obj (.data)
                  00001e9a    00000008     cs.obj (.data)
                  00001ea2    00000008     FreeRTOS_CLI.obj (.data:xRegisteredCommands)
                  00001eaa    00000006     countsem.obj (.data)
                  00001eb0    00000004     Sample-CLI-commands.obj (.data)
                  00001eb4    00000002     port.obj (.data)

.stack     0    00002360    000000a0     UNINITIALIZED
                  00002360    00000004     rts430x_lc_ld_eabi.lib : boot.obj (.stack)
                  00002364    0000009c     --HOLE--

.text.1    0    000084b0    00003456     
                  000084b0    000000b0     tasks.obj (.text:vTaskDelayUntil)
                  00008560    000000ae     EventGroupsDemo.obj (.text:vStartEventGroupTasks)
                  0000860e    000000ae     tasks.obj (.text:vTaskPriorityDisinheritAfterTimeout)
                  000086bc    000000ae     tasks.obj (.text:xTaskPriorityInherit)
                  0000876a    000000aa     queue.obj (.text:xQueueGenericReset)
                  00008814    000000a8     Sample-CLI-commands.obj (.text:prvParameterEchoCommand)
                  000088bc    000000a6     rts430x_lc_ld_eabi.lib : autoinit_wdt.obj (.text:_auto_init_hold_wdt)
                  00008962    000000a6     portext.obj (.text)
                  00008a08    000000a6     main_full.obj (.text:prvCheckTask)
                  00008aae    000000a6     timers.obj (.text:prvSwitchTimerLists)
                  00008b54    000000a2     tasks.obj (.text:prvAddNewTaskToReadyList)
                  00008bf6    000000a2     EventGroupsDemo.obj (.text:vPeriodicEventGroupsProcessing)
                  00008c98    000000a2     GenQTest.obj (.text:vStartGenericQueueTasks)
                  00008d3a    000000a0     queue.obj (.text:prvUnlockQueue)
                  00008dda    0000009e     queue.obj (.text:prvCopyDataToQueue)
                  00008e78    0000009e     tasks.obj (.text:vTaskNotifyGiveFromISR)
                  00008f16    0000009e     tasks.obj (.text:xTaskCheckForTimeOut)
                  00008fb4    0000009c     tasks.obj (.text:vTaskDelete)
                  00009050    0000009c     tasks.obj (.text:vTaskGetInfo)
                  000090ec    0000009a     tasks.obj (.text:prvListTasksWithinSingleList)
                  00009186    0000009a     EventGroupsDemo.obj (.text:prvTestMasterTask)
                  00009220    00000092     recmutex.obj (.text:prvRecursiveMutexControllingTask)
                  000092b2    00000092     heap_4.obj (.text:vPortFree)
                  00009344    00000090     main_full.obj (.text:main_full)
                  000093d4    00000090     tasks.obj (.text:prvAddCurrentTaskToDelayedList)
                  00009464    00000090     tasks.obj (.text:xTaskPriorityDisinherit)
                  000094f4    0000008e     timers.obj (.text:xTimerGenericCommand)
                  00009582    0000008c     tasks.obj (.text:vTaskResume)
                  0000960e    0000008a     tasks.obj (.text:xTaskCreate)
                  00009698    00000088     countsem.obj (.text:prvDecrementSemaphoreCount)
                  00009720    00000088     TaskNotify.obj (.text:prvSuspendedTaskTimerTestCallback)
                  000097a8    00000086     countsem.obj (.text:vStartCountingSemaphoreTasks)
                  0000982e    00000086     tasks.obj (.text:xTaskRemoveFromEventList)
                  000098b4    00000084     timers.obj (.text:prvProcessExpiredTimer)
                  00009938    00000082     queue.obj (.text:xQueueGenericSendFromISR)
                  000099ba    0000007c     tasks.obj (.text:vTaskRemoveFromUnorderedEventList)
                  00009a36    0000007a     tasks.obj (.text:eTaskGetState)
                  00009ab0    0000007a     printf-stdarg.obj (.text:prints)
                  00009b2a    0000007a     timers.obj (.text:prvInsertTimerInActiveList)
                  00009ba4    0000007a     timers.obj (.text:prvProcessTimerOrBlockTask)
                  00009c1e    0000007a     serial.obj (.text:xSerialPortInitMinimal)
                  00009c98    00000076     rts430x_lc_ld_eabi.lib : copy_decompress_lzss.obj (.text:decompress:lzss:__TI_decompress_lzss)
                  00009d0e    00000076     countsem.obj (.text:prvIncrementSemaphoreCount)
                  00009d84    00000074     recmutex.obj (.text:vStartRecursiveMutexTasks)
                  00009df8    00000072     gpio.obj (.text:GPIO_setAsPeripheralModuleFunctionInputPin)
                  00009e6a    00000072     gpio.obj (.text:GPIO_setAsPeripheralModuleFunctionOutputPin)
                  00009edc    00000072     heap_4.obj (.text:prvInsertBlockIntoFreeList)
                  00009f4e    00000072     Sample-CLI-commands.obj (.text:prvRunTimeStatsCommand)
                  00009fc0    00000072     Sample-CLI-commands.obj (.text:prvTaskStatsCommand)
                  0000a032    00000070     queue.obj (.text:xQueueReceiveFromISR)
                  0000a0a2    00000068     FreeRTOS_CLI.obj (.text:FreeRTOS_CLIRegisterCommand)
                  0000a10a    00000066     cs.obj (.text:CS_initClockSignal)
                  0000a170    00000066     rts430x_lc_ld_eabi.lib : cpy_tbl.obj (.text:copy_in)
                  0000a1d6    00000062     tasks.obj (.text:prvInitialiseTaskLists)
                  0000a238    00000060     tasks.obj (.text:vTaskStartScheduler)
                  0000a298    0000005e     FreeRTOS_CLI.obj (.text:FreeRTOS_CLIGetParameter)
                  0000a2f6    0000005e     EventGroupsDemo.obj (.text:xAreEventGroupTasksStillRunning)
                  0000a354    0000005e     TaskNotify.obj (.text:xAreTaskNotificationTasksStillRunning)
                  0000a3b2    0000005e     event_groups.obj (.text:xEventGroupClearBits)
                  0000a410    0000005c     blocktim.obj (.text:vCreateBlockTimeTasks)
                  0000a46c    0000005a     timers.obj (.text:prvCheckForValidListAndQueue)
                  0000a4c6    0000005a     recmutex.obj (.text:prvRecursiveMutexBlockingTask)
                  0000a520    00000058     tasks.obj (.text:prvWriteNameToBuffer)
                  0000a578    00000058     rts430x_lc_ld_eabi.lib : div32u.obj (.text)
                  0000a5d0    00000058     dynamic.obj (.text:vQueueReceiveWhenSuspendedTask)
                  0000a628    00000058     queue.obj (.text:xQueueGenericCreate)
                  0000a680    00000056     timers.obj (.text:prvInitialiseNewTimer)
                  0000a6d6    00000054     list.obj (.text:vListInsert)
                  0000a72a    00000052     tasks.obj (.text:vTaskPlaceOnUnorderedEventList)
                  0000a77c    00000050     tasks.obj (.text:prvCheckTasksWaitingTermination)
                  0000a7cc    00000050     EventGroupsDemo.obj (.text:prvSelectiveBitsTestSlaveFunction)
                  0000a81c    00000050     dynamic.obj (.text:vContinuousIncrementTask)
                  0000a86c    0000004e     rts430x_lc_ld_eabi.lib : strncpy.obj (.text:strncpy)
                  0000a8ba    0000004e     queue.obj (.text:vQueueWaitForMessageRestricted)
                  0000a908    0000004c     GenQTest.obj (.text:xAreGenericQueueTasksStillRunning)
                  0000a954    0000004c     timers.obj (.text:xTimerCreateTimerTask)
                  0000a9a0    0000004a     event_groups.obj (.text:vEventGroupDelete)
                  0000a9ea    0000004a     recmutex.obj (.text:xAreRecursiveMutexTasksStillRunning)
                  0000aa34    00000048     GenQTest.obj (.text:prvHighPriorityMutexTask)
                  0000aa7c    00000048     UARTCommandConsole.obj (.text:vUARTCommandConsoleStart)
                  0000aac4    00000048     timers.obj (.text:xTimerCreate)
                  0000ab0c    00000046     countsem.obj (.text:prvCountingSemaphoreTask)
                  0000ab52    00000046     queue.obj (.text:xQueueGiveMutexRecursive)
                  0000ab98    00000044     TaskNotify.obj (.text:prvNotifyingTimer)
                  0000abdc    00000042     dynamic.obj (.text:xAreDynamicPriorityTasksStillRunning)
                  0000ac1e    00000040     Sample-CLI-commands.obj (.text:prvQueryHeapCommand)
                  0000ac5e    00000040     queue.obj (.text:xQueueTakeMutexRecursive)
                  0000ac9e    0000003e     rts430x_lc_ld_eabi.lib : asr32.obj (.text:l_asr_const)
                  0000acdc    0000003e                            : lsr32.obj (.text:l_lsr_const)
                  0000ad1a    0000003e     FreeRTOS_CLI.obj (.text:prvHelpCommand)
                  0000ad58    0000003e     tasks.obj (.text:vTaskDelay)
                  0000ad96    0000003c     GenQTest.obj (.text:prvLowPriorityMutexTask)
                  0000add2    0000003c     rts430x_lc_ld_eabi.lib : strncat.obj (.text:strncat)
                  0000ae0e    0000003c     dynamic.obj (.text:vQueueSendWhenSuspendedTask)
                  0000ae4a    0000003a     cs.obj (.text:CS_turnOnLFXT)
                  0000ae84    0000003a     list.obj (.text:uxListRemove)
                  0000aebe    0000003a     serial.obj (.text:vSerialPutString)
                  0000aef8    0000003a     tasks.obj (.text:vTaskPlaceOnEventListRestricted)
                  0000af32    00000038     timers.obj (.text:prvSampleTimeNow)
                  0000af6a    00000038     rts430x_lc_ld_eabi.lib : strncmp.obj (.text:strncmp)
                  0000afa2    00000038     tasks.obj (.text:xTaskNotifyStateClear)
                  0000afda    00000036     FreeRTOS_CLI.obj (.text:prvGetNumberOfParameters)
                  0000b010    00000034     gpio.obj (.text:GPIO_setAsOutputPin)
                  0000b044    00000034     queue.obj (.text:prvCopyDataFromQueue)
                  0000b078    00000032     tasks.obj (.text:prvTaskIsTaskSuspended)
                  0000b0aa    00000032     queue.obj (.text:uxQueueMessagesWaiting)
                  0000b0dc    00000032     queue.obj (.text:xQueueCreateCountingSemaphore)
                  0000b10e    00000032     timers.obj (.text:xTimerPendFunctionCallFromISR)
                  0000b140    00000030     event_groups.obj (.text:prvTestWaitCondition)
                  0000b170    00000030     main.obj (.text:vApplicationSetupTimerInterrupt)
                  0000b1a0    00000030     TaskNotify.obj (.text:vStartTaskNotifyTask)
                  0000b1d0    00000030     tasks.obj (.text:vTaskPlaceOnEventList)
                  0000b200    00000030     countsem.obj (.text:xAreCountingSemaphoreTasksStillRunning)
                  0000b230    0000002e     timers.obj (.text:prvGetNextExpireTime)
                  0000b25e    0000002e     queue.obj (.text:prvIsQueueFull)
                  0000b28c    0000002e     TaskNotify.obj (.text:prvRand)
                  0000b2ba    0000002e     tasks.obj (.text:prvResetNextTaskUnblockTime)
                  0000b2e8    0000002c     printf-stdarg.obj (.text:printchar)
                  0000b314    0000002c     queue.obj (.text:prvIsQueueEmpty)
                  0000b340    0000002c     tasks.obj (.text:uxTaskPriorityGet)
                  0000b36c    0000002c     list.obj (.text:vListInitialise)
                  0000b398    0000002c     blocktim.obj (.text:xAreBlockTimeTestTasksStillRunning)
                  0000b3c4    0000002a     rts430x_lc_ld_eabi.lib : memcpy.obj (.text:memcpy)
                  0000b3ee    0000002a     queue.obj (.text:prvInitialiseNewQueue)
                  0000b418    0000002a     tasks.obj (.text:uxTaskResetEventItemValue)
                  0000b442    0000002a     dynamic.obj (.text:vLimitedIncrementTask)
                  0000b46c    0000002a     Sample-CLI-commands.obj (.text:vRegisterSampleCLICommands)
                  0000b496    00000028     queue.obj (.text:prvInitialiseMutex)
                  0000b4be    00000028     tasks.obj (.text:xTaskGetTickCount)
                  0000b4e6    00000026     list.obj (.text:vListInsertEnd)
                  0000b50c    00000026     event_groups.obj (.text:xEventGroupCreate)
                  0000b532    00000024     rts430x_lc_ld_eabi.lib : copy_zero_init.obj (.text:decompress:ZI:__TI_zero_init)
                  0000b556    00000024     port.obj (.text:pxPortInitialiseStack)
                  0000b57a    00000024     rts430x_lc_ld_eabi.lib : mult32_f5hw.obj (.text)
                  0000b59e    00000024     printf-stdarg.obj (.text:sprintf)
                  0000b5c2    00000022     tasks.obj (.text:prvTaskCheckFreeStackSpace)
                  0000b5e4    00000022     event_groups.obj (.text:xEventGroupSetBitsFromISR)
                  0000b606    00000022     serial.obj (.text:xSerialPutChar)
                  0000b628    00000020     wdt_a.obj (.text:WDT_A_hold)
                  0000b648    00000020     rts430x_lc_ld_eabi.lib : memset.obj (.text:memset)
                  0000b668    0000001e     event_groups.obj (.text:xEventGroupClearBitsFromISR)
                  0000b686    0000001c     gpio.obj (.text:GPIO_setOutputLowOnPin)
                  0000b6a2    0000001c     gpio.obj (.text:GPIO_toggleOutputOnPin)
                  0000b6be    0000001c     tasks.obj (.text:pvTaskIncrementMutexHeldCount)
                  0000b6da    0000001a     LEDs.obj (.text:vParTestToggleLED)
                  0000b6f4    00000018     queue.obj (.text:xQueueCreateMutex)
                  0000b70c    00000018     serial.obj (.text:xSerialGetChar)
                  0000b724    00000018     tasks.obj (.text:xTaskGetSchedulerState)
                  0000b73c    00000016     rts430x_lc_ld_eabi.lib : copy_decompress_none.obj (.text:decompress:none:__TI_decompress_none)
                  0000b752    00000016     tasks.obj (.text:prvDeleteTCB)
                  0000b768    00000016     queue.obj (.text:prvGetDisinheritPriorityAfterTimeout)
                  0000b77e    00000016     tasks.obj (.text:prvIdleTask)
                  0000b794    00000016     timers.obj (.text:prvTimerTask)
                  0000b7aa    00000016     rts430x_lc_ld_eabi.lib : div16u.obj (.text)
                  0000b7c0    00000014     tasks.obj (.text:vTaskInternalSetTimeOutState)
                  0000b7d4    00000012     cs.obj (.text:CS_setDCOFreq)
                  0000b7e6    00000012     cs.obj (.text:CS_setExternalClockSource)
                  0000b7f8    00000012     GenQTest.obj (.text:prvMediumPriorityMutexTask)
                  0000b80a    00000012     main_full.obj (.text:prvRegTestTaskEntry1)
                  0000b81c    00000012     main_full.obj (.text:prvRegTestTaskEntry2)
                  0000b82e    00000012     rts430x_lc_ld_eabi.lib : strcpy.obj (.text:strcpy)
                  0000b840    00000012                            : strlen.obj (.text:strlen)
                  0000b852    00000010     main_full.obj (.text:vConfigureTimerForRunTimeStats)
                  0000b862    0000000c     main.obj (.text:_system_pre_init)
                  0000b86e    0000000c     main.obj (.text:main)
                  0000b87a    0000000c     main.obj (.text:vApplicationIdleHook)
                  0000b886    0000000a     rts430x_lc_ld_eabi.lib : lsl16.obj (.text)
                  0000b890    0000000a     main.obj (.text:vApplicationMallocFailedHook)
                  0000b89a    0000000a     main.obj (.text:vApplicationStackOverflowHook)
                  0000b8a4    0000000a     main.obj (.text:vApplicationTickHook)
                  0000b8ae    0000000a     event_groups.obj (.text:xEventGroupGetBitsFromISR)
                  0000b8b8    0000000a     heap_4.obj (.text:xPortGetFreeHeapSize)
                  0000b8c2    0000000a     heap_4.obj (.text:xPortGetMinimumEverFreeHeapSize)
                  0000b8cc    00000008     list.obj (.text:vListInitialiseItem)
                  0000b8d4    00000006     FreeRTOS_CLI.obj (.text:FreeRTOS_CLIGetOutputBuffer)
                  0000b8da    00000006     pmm.obj (.text:PMM_unlockLPM5)
                  0000b8e0    00000006     rts430x_lc_ld_eabi.lib : exit.obj (.text:abort)
                  0000b8e6    00000006     event_groups.obj (.text:vEventGroupClearBitsCallback)
                  0000b8ec    00000006     event_groups.obj (.text:vEventGroupSetBitsCallback)
                  0000b8f2    00000006     tasks.obj (.text:vTaskMissedYield)
                  0000b8f8    00000006     tasks.obj (.text:vTaskSuspendAll)
                  0000b8fe    00000006     tasks.obj (.text:xTaskGetCurrentTaskHandle)
                  0000b904    00000002     rts430x_lc_ld_eabi.lib : startup.obj (.text:_system_post_cinit)

$fill000   0    0000ff80    00000004     
                  0000ff80    00000004     --HOLE-- [fill = ffff]

$fill001   0    0000ff84    00000004     
                  0000ff84    00000004     --HOLE-- [fill = ffff]

$fill002   0    0000ff88    00000008     
                  0000ff88    00000008     --HOLE-- [fill = ffff]

AES256     0    0000ffcc    00000002     
                  0000ffcc    00000002     rts430x_lc_ld_eabi.lib : int30.obj (.int30)

RTC        0    0000ffce    00000002     
                  0000ffce    00000002     rts430x_lc_ld_eabi.lib : int31.obj (.int31)

PORT4      0    0000ffd0    00000002     
                  0000ffd0    00000002     rts430x_lc_ld_eabi.lib : int32.obj (.int32)

PORT3      0    0000ffd2    00000002     
                  0000ffd2    00000002     rts430x_lc_ld_eabi.lib : int33.obj (.int33)

TIMER3_A1 
*          0    0000ffd4    00000002     
                  0000ffd4    00000002     rts430x_lc_ld_eabi.lib : int34.obj (.int34)

TIMER3_A0 
*          0    0000ffd6    00000002     
                  0000ffd6    00000002     rts430x_lc_ld_eabi.lib : int35.obj (.int35)

PORT2      0    0000ffd8    00000002     
                  0000ffd8    00000002     rts430x_lc_ld_eabi.lib : int36.obj (.int36)

TIMER2_A1 
*          0    0000ffda    00000002     
                  0000ffda    00000002     rts430x_lc_ld_eabi.lib : int37.obj (.int37)

TIMER2_A0 
*          0    0000ffdc    00000002     
                  0000ffdc    00000002     rts430x_lc_ld_eabi.lib : int38.obj (.int38)

PORT1      0    0000ffde    00000002     
                  0000ffde    00000002     rts430x_lc_ld_eabi.lib : int39.obj (.int39)

TIMER1_A1 
*          0    0000ffe0    00000002     
                  0000ffe0    00000002     main_full.obj (.int40)

TIMER1_A0 
*          0    0000ffe2    00000002     
                  0000ffe2    00000002     rts430x_lc_ld_eabi.lib : int41.obj (.int41)

DMA        0    0000ffe4    00000002     
                  0000ffe4    00000002     rts430x_lc_ld_eabi.lib : int42.obj (.int42)

USCI_A1    0    0000ffe6    00000002     
                  0000ffe6    00000002     rts430x_lc_ld_eabi.lib : int43.obj (.int43)

TIMER0_A1 
*          0    0000ffe8    00000002     
                  0000ffe8    00000002     rts430x_lc_ld_eabi.lib : int44.obj (.int44)

TIMER0_A0 
*          0    0000ffea    00000002     
                  0000ffea    00000002     port.obj (.int45)

ADC12      0    0000ffec    00000002     
                  0000ffec    00000002     rts430x_lc_ld_eabi.lib : int46.obj (.int46)

USCI_B0    0    0000ffee    00000002     
                  0000ffee    00000002     rts430x_lc_ld_eabi.lib : int47.obj (.int47)

USCI_A0    0    0000fff0    00000002     
                  0000fff0    00000002     serial.obj (.int48)

WDT        0    0000fff2    00000002     
                  0000fff2    00000002     rts430x_lc_ld_eabi.lib : int49.obj (.int49)

TIMER0_B1 
*          0    0000fff4    00000002     
                  0000fff4    00000002     rts430x_lc_ld_eabi.lib : int50.obj (.int50)

TIMER0_B0 
*          0    0000fff6    00000002     
                  0000fff6    00000002     rts430x_lc_ld_eabi.lib : int51.obj (.int51)

COMP_E     0    0000fff8    00000002     
                  0000fff8    00000002     rts430x_lc_ld_eabi.lib : int52.obj (.int52)

UNMI       0    0000fffa    00000002     
                  0000fffa    00000002     rts430x_lc_ld_eabi.lib : int53.obj (.int53)

SYSNMI     0    0000fffc    00000002     
                  0000fffc    00000002     rts430x_lc_ld_eabi.lib : int54.obj (.int54)

.reset     0    0000fffe    00000002     
                  0000fffe    00000002     rts430x_lc_ld_eabi.lib : boot.obj (.reset)

.const     0    0000b906    0000060e     
                  0000b906    00000320     Sample-CLI-commands.obj (.const:.string)
                  0000bc26    000000de     FreeRTOS_CLI.obj (.const:.string)
                  0000bd04    00000092     UARTCommandConsole.obj (.const:.string)
                  0000bd96    00000032     tasks.obj (.const:.string)
                  0000bdc8    00000028     dynamic.obj (.const:.string)
                  0000bdf0    00000022     TaskNotify.obj (.const:.string)
                  0000be12    0000001c     gpio.obj (.const:GPIO_PORT_TO_BASE)
                  0000be2e    0000001a     GenQTest.obj (.const:.string)
                  0000be48    00000012     EventGroupsDemo.obj (.const:.string)
                  0000be5a    00000012     main_full.obj (.const:.string)
                  0000be6c    00000012     recmutex.obj (.const:.string)
                  0000be7e    00000010     blocktim.obj (.const:.string)
                  0000be8e    0000000e     FreeRTOS_CLI.obj (.const:xHelpCommand)
                  0000be9c    0000000e     Sample-CLI-commands.obj (.const:xParameterEcho)
                  0000beaa    0000000e     Sample-CLI-commands.obj (.const:xQueryHeap)
                  0000beb8    0000000e     Sample-CLI-commands.obj (.const:xRunTimeStats)
                  0000bec6    0000000e     Sample-CLI-commands.obj (.const:xTaskStats)
                  0000bed4    0000000e     Sample-CLI-commands.obj (.const:xThreeParameterEcho)
                  0000bee2    0000000c     countsem.obj (.const:.string)
                  0000beee    0000000c     UARTCommandConsole.obj (.const)
                  0000befa    00000008     printf-stdarg.obj (.const:.string)
                  0000bf02    00000008     timers.obj (.const:.string)
                  0000bf0a    00000004     heap_4.obj (.const)
                  0000bf0e    00000004     LEDs.obj (.const:usPins)
                  0000bf12    00000002     LEDs.obj (.const:.string:ucPorts)

.text.2    0    00010000    00004000     
                  00010000    000007e0     TaskNotify.obj (.text:prvSingleTaskTests)
                  000107e0    0000036a     GenQTest.obj (.text:prvSendFrontAndBackTest)
                  00010b4a    00000312     blocktim.obj (.text:vPrimaryBlockTimeTestTask)
                  00010e5c    0000023e     EventGroupsDemo.obj (.text:prvPerformTaskSyncTests)
                  0001109a    000001f4     queue.obj (.text:xQueueSemaphoreTake)
                  0001128e    000001c0     printf-stdarg.obj (.text:tiny_print)
                  0001144e    00000198     queue.obj (.text:xQueueGenericSend)
                  000115e6    00000190     event_groups.obj (.text:xEventGroupWaitBits)
                  00011776    00000186     EventGroupsDemo.obj (.text:prvTestSlaveTask)
                  000118fc    00000182     queue.obj (.text:xQueuePeek)
                  00011a7e    00000182     queue.obj (.text:xQueueReceive)
                  00011c00    00000172     EventGroupsDemo.obj (.text:prvBitCombinationTestMasterFunction)
                  00011d72    0000016e     tasks.obj (.text:vTaskGetRunTimeStats)
                  00011ee0    00000166     heap_4.obj (.text:pvPortMalloc)
                  00012046    0000015e     event_groups.obj (.text:xEventGroupSync)
                  000121a4    0000015c     tasks.obj (.text:vTaskList)
                  00012300    0000014e     UARTCommandConsole.obj (.text:prvUARTCommandConsoleTask)
                  0001244e    00000144     timers.obj (.text:prvProcessReceivedCommands)
                  00012592    0000013a     TaskNotify.obj (.text:prvNotifiedTask)
                  000126cc    0000012a     tasks.obj (.text:xTaskIncrementTick)
                  000127f6    00000126     tasks.obj (.text:vTaskSwitchContext)
                  0001291c    00000118     GenQTest.obj (.text:prvTakeTwoMutexesReturnInDifferentOrder)
                  00012a34    00000118     tasks.obj (.text:uxTaskGetSystemState)
                  00012b4c    00000110     RegTest.obj (.text)
                  00012c5c    00000100     dynamic.obj (.text:vCounterControlTask)
                  00012d5c    00000100     event_groups.obj (.text:xEventGroupSetBits)
                  00012e5c    000000fe     tasks.obj (.text:prvInitialiseNewTask)
                  00012f5a    000000f8     GenQTest.obj (.text:prvTakeTwoMutexesReturnInSameOrder)
                  00013052    000000f4     tasks.obj (.text:vTaskPrioritySet)
                  00013146    000000f0     printf-stdarg.obj (.text:printi)
                  00013236    000000f0     tasks.obj (.text:xTaskGenericNotifyFromISR)
                  00013326    000000ec     FreeRTOS_CLI.obj (.text:FreeRTOS_CLIProcessCommand)
                  00013412    000000ea     tasks.obj (.text:xTaskGenericNotify)
                  000134fc    000000e8     main.obj (.text:prvSetupHardware)
                  000135e4    000000e0     EventGroupsDemo.obj (.text:prvSelectiveBitsTestMasterFunction)
                  000136c4    000000d8     tasks.obj (.text:xTaskResumeAll)
                  0001379c    000000d2     blocktim.obj (.text:prvBasicDelayTests)
                  0001386e    000000d2     tasks.obj (.text:xTaskNotifyWait)
                  00013940    000000d0     recmutex.obj (.text:prvRecursiveMutexPollingTask)
                  00013a10    000000ce     heap_4.obj (.text:prvHeapInit)
                  00013ade    000000c4     tasks.obj (.text:vTaskSuspend)
                  00013ba2    000000c2     blocktim.obj (.text:vSecondaryBlockTimeTestTask)
                  00013c64    000000b6     EventGroupsDemo.obj (.text:prvSyncTask)
                  00013d1a    000000b4     Sample-CLI-commands.obj (.text:prvThreeParameterEchoCommand)
                  00013dce    000000b4     dynamic.obj (.text:vStartDynamicPriorityTasks)
                  00013e82    000000b4     TaskNotify.obj (.text:xNotifyTaskFromISR)
                  00013f36    000000b2     tasks.obj (.text:ulTaskNotifyTake)
                  00013fe8    00000018     rts430x_lc_ld_eabi.lib : mult16_f5hw.obj (.text)

MODULE SUMMARY

       Module                     code    ro data   rw data
       ------                     ----    -------   -------
    ./
       main.obj                   346     0         14336  
       printf-stdarg.obj          890     8         0      
       LEDs.obj                   26      6         0      
    +--+--------------------------+-------+---------+---------+
       Total:                     1262    14        14336  
                                                           
    ./CCS_Only/
       RegTest.obj                272     0         0      
    +--+--------------------------+-------+---------+---------+
       Total:                     272     0         0      
                                                           
    ./FreeRTOS_Source/
       tasks.obj                  6830    50        230    
       queue.obj                  3080    0         0      
       timers.obj                 1506    8         56     
       event_groups.obj           1346    0         0      
       list.obj                   232     0         0      
    +--+--------------------------+-------+---------+---------+
       Total:                     12994   58        286    
                                                           
    ./FreeRTOS_Source/portable/CCS/MSP430X/
       portext.obj                166     0         0      
       port.obj                   52      2         2      
    +--+--------------------------+-------+---------+---------+
       Total:                     218     2         2      
                                                           
    ./FreeRTOS_Source/portable/MemMang/
       heap_4.obj                 844     4         24     
    +--+--------------------------+-------+---------+---------+
       Total:                     844     4         24     
                                                           
    ./Full_Demo/
       main_full.obj              382     20        1512   
       Sample-CLI-commands.obj    682     870       4      
       UARTCommandConsole.obj     406     158       108    
       serial.obj                 344     2         8      
    +--+--------------------------+-------+---------+---------+
       Total:                     1814    1050      1632   
                                                           
    ./Full_Demo/FreeRTOS+CLI/
       FreeRTOS_CLI.obj           556     236       20     
    +--+--------------------------+-------+---------+---------+
       Total:                     556     236       20     
                                                           
    ./Full_Demo/Standard_Demo_Tasks/
       TaskNotify.obj             2902    34        38     
       EventGroupsDemo.obj        2404    18        44     
       GenQTest.obj               1790    26        32     
       blocktim.obj               1326    16        20     
       dynamic.obj                772     40        36     
       recmutex.obj               634     18        30     
       countsem.obj               506     12        22     
    +--+--------------------------+-------+---------+---------+
       Total:                     10334   164       222    
                                                           
    ./driverlib/MSP430FR5xx_6xx/
       gpio.obj                   336     28        0      
       cs.obj                     196     0         8      
       wdt_a.obj                  32      0         0      
       pmm.obj                    6       0         0      
    +--+--------------------------+-------+---------+---------+
       Total:                     570     28        8      
                                                           
    /home/souldia/ti/ccsv7/tools/compiler/ti-cgt-msp430_16.9.6.LTS/lib/rts430x_lc_ld_eabi.lib
       autoinit_wdt.obj           166     0         0      
       copy_decompress_lzss.obj   118     0         0      
       cpy_tbl.obj                102     0         0      
       div32u.obj                 88      0         0      
       strncpy.obj                78      0         0      
       asr32.obj                  62      0         0      
       lsr32.obj                  62      0         0      
       strncat.obj                60      0         0      
       strncmp.obj                56      0         0      
       memcpy.obj                 42      0         0      
       copy_zero_init.obj         36      0         0      
       mult32_f5hw.obj            36      0         0      
       memset.obj                 32      0         0      
       boot_special.obj           26      0         0      
       mult16_f5hw.obj            24      0         0      
       copy_decompress_none.obj   22      0         0      
       div16u.obj                 22      0         0      
       strcpy.obj                 18      0         0      
       strlen.obj                 18      0         0      
       lsl16.obj                  10      0         0      
       isr_trap.obj               8       0         0      
       exit.obj                   6       0         0      
       boot.obj                   0       2         0      
       int30.obj                  0       2         0      
       int31.obj                  0       2         0      
       int32.obj                  0       2         0      
       int33.obj                  0       2         0      
       int34.obj                  0       2         0      
       int35.obj                  0       2         0      
       int36.obj                  0       2         0      
       int37.obj                  0       2         0      
       int38.obj                  0       2         0      
       int39.obj                  0       2         0      
       int41.obj                  0       2         0      
       int42.obj                  0       2         0      
       int43.obj                  0       2         0      
       int44.obj                  0       2         0      
       int46.obj                  0       2         0      
       int47.obj                  0       2         0      
       int49.obj                  0       2         0      
       int50.obj                  0       2         0      
       int51.obj                  0       2         0      
       int52.obj                  0       2         0      
       int53.obj                  0       2         0      
       int54.obj                  0       2         0      
       startup.obj                2       0         0      
    +--+--------------------------+-------+---------+---------+
       Total:                     1094    46        0      
                                                           
       Stack:                     0       0         160    
       Linker Generated:          0       61        0      
    +--+--------------------------+-------+---------+---------+
       Grand Total:               29958   1663      16690  


LINKER GENERATED COPY TABLES

__TI_cinit_table @ 0000bf42 records: 2, size/record: 8, table size: 16
	.data: load addr=0000bf14, load size=0000001b bytes, run addr=00001d9a, run size=0000011c bytes, compression=lzss
	.bss: load addr=0000bf3c, load size=00000006 bytes, run addr=00001c00, run size=0000019a bytes, compression=zero_init


LINKER GENERATED HANDLER TABLE

__TI_handler_table @ 0000bf30 records: 3, size/record: 4, table size: 12
	index: 0, handler: __TI_zero_init
	index: 1, handler: __TI_decompress_lzss
	index: 2, handler: __TI_decompress_none


GLOBAL SYMBOLS: SORTED ALPHABETICALLY BY Name 

address   name                                       
-------   ----                                       
00000800  ADC12CTL0                                  
00000801  ADC12CTL0_H                                
00000800  ADC12CTL0_L                                
00000802  ADC12CTL1                                  
00000803  ADC12CTL1_H                                
00000802  ADC12CTL1_L                                
00000804  ADC12CTL2                                  
00000805  ADC12CTL2_H                                
00000804  ADC12CTL2_L                                
00000806  ADC12CTL3                                  
00000807  ADC12CTL3_H                                
00000806  ADC12CTL3_L                                
0000080a  ADC12HI                                    
0000080b  ADC12HI_H                                  
0000080a  ADC12HI_L                                  
00000812  ADC12IER0                                  
00000813  ADC12IER0_H                                
00000812  ADC12IER0_L                                
00000814  ADC12IER1                                  
00000815  ADC12IER1_H                                
00000814  ADC12IER1_L                                
00000816  ADC12IER2                                  
00000817  ADC12IER2_H                                
00000816  ADC12IER2_L                                
0000080c  ADC12IFGR0                                 
0000080d  ADC12IFGR0_H                               
0000080c  ADC12IFGR0_L                               
0000080e  ADC12IFGR1                                 
0000080f  ADC12IFGR1_H                               
0000080e  ADC12IFGR1_L                               
00000810  ADC12IFGR2                                 
00000811  ADC12IFGR2_H                               
00000810  ADC12IFGR2_L                               
00000818  ADC12IV                                    
00000819  ADC12IV_H                                  
00000818  ADC12IV_L                                  
00000808  ADC12LO                                    
00000809  ADC12LO_H                                  
00000808  ADC12LO_L                                  
00000820  ADC12MCTL0                                 
00000821  ADC12MCTL0_H                               
00000820  ADC12MCTL0_L                               
00000822  ADC12MCTL1                                 
00000834  ADC12MCTL10                                
00000835  ADC12MCTL10_H                              
00000834  ADC12MCTL10_L                              
00000836  ADC12MCTL11                                
00000837  ADC12MCTL11_H                              
00000836  ADC12MCTL11_L                              
00000838  ADC12MCTL12                                
00000839  ADC12MCTL12_H                              
00000838  ADC12MCTL12_L                              
0000083a  ADC12MCTL13                                
0000083b  ADC12MCTL13_H                              
0000083a  ADC12MCTL13_L                              
0000083c  ADC12MCTL14                                
0000083d  ADC12MCTL14_H                              
0000083c  ADC12MCTL14_L                              
0000083e  ADC12MCTL15                                
0000083f  ADC12MCTL15_H                              
0000083e  ADC12MCTL15_L                              
00000840  ADC12MCTL16                                
00000841  ADC12MCTL16_H                              
00000840  ADC12MCTL16_L                              
00000842  ADC12MCTL17                                
00000843  ADC12MCTL17_H                              
00000842  ADC12MCTL17_L                              
00000844  ADC12MCTL18                                
00000845  ADC12MCTL18_H                              
00000844  ADC12MCTL18_L                              
00000846  ADC12MCTL19                                
00000847  ADC12MCTL19_H                              
00000846  ADC12MCTL19_L                              
00000823  ADC12MCTL1_H                               
00000822  ADC12MCTL1_L                               
00000824  ADC12MCTL2                                 
00000848  ADC12MCTL20                                
00000849  ADC12MCTL20_H                              
00000848  ADC12MCTL20_L                              
0000084a  ADC12MCTL21                                
0000084b  ADC12MCTL21_H                              
0000084a  ADC12MCTL21_L                              
0000084c  ADC12MCTL22                                
0000084d  ADC12MCTL22_H                              
0000084c  ADC12MCTL22_L                              
0000084e  ADC12MCTL23                                
0000084f  ADC12MCTL23_H                              
0000084e  ADC12MCTL23_L                              
00000850  ADC12MCTL24                                
00000851  ADC12MCTL24_H                              
00000850  ADC12MCTL24_L                              
00000852  ADC12MCTL25                                
00000853  ADC12MCTL25_H                              
00000852  ADC12MCTL25_L                              
00000854  ADC12MCTL26                                
00000855  ADC12MCTL26_H                              
00000854  ADC12MCTL26_L                              
00000856  ADC12MCTL27                                
00000857  ADC12MCTL27_H                              
00000856  ADC12MCTL27_L                              
00000858  ADC12MCTL28                                
00000859  ADC12MCTL28_H                              
00000858  ADC12MCTL28_L                              
0000085a  ADC12MCTL29                                
0000085b  ADC12MCTL29_H                              
0000085a  ADC12MCTL29_L                              
00000825  ADC12MCTL2_H                               
00000824  ADC12MCTL2_L                               
00000826  ADC12MCTL3                                 
0000085c  ADC12MCTL30                                
0000085d  ADC12MCTL30_H                              
0000085c  ADC12MCTL30_L                              
0000085e  ADC12MCTL31                                
0000085f  ADC12MCTL31_H                              
0000085e  ADC12MCTL31_L                              
00000827  ADC12MCTL3_H                               
00000826  ADC12MCTL3_L                               
00000828  ADC12MCTL4                                 
00000829  ADC12MCTL4_H                               
00000828  ADC12MCTL4_L                               
0000082a  ADC12MCTL5                                 
0000082b  ADC12MCTL5_H                               
0000082a  ADC12MCTL5_L                               
0000082c  ADC12MCTL6                                 
0000082d  ADC12MCTL6_H                               
0000082c  ADC12MCTL6_L                               
0000082e  ADC12MCTL7                                 
0000082f  ADC12MCTL7_H                               
0000082e  ADC12MCTL7_L                               
00000830  ADC12MCTL8                                 
00000831  ADC12MCTL8_H                               
00000830  ADC12MCTL8_L                               
00000832  ADC12MCTL9                                 
00000833  ADC12MCTL9_H                               
00000832  ADC12MCTL9_L                               
00000860  ADC12MEM0                                  
00000861  ADC12MEM0_H                                
00000860  ADC12MEM0_L                                
00000862  ADC12MEM1                                  
00000874  ADC12MEM10                                 
00000875  ADC12MEM10_H                               
00000874  ADC12MEM10_L                               
00000876  ADC12MEM11                                 
00000877  ADC12MEM11_H                               
00000876  ADC12MEM11_L                               
00000878  ADC12MEM12                                 
00000879  ADC12MEM12_H                               
00000878  ADC12MEM12_L                               
0000087a  ADC12MEM13                                 
0000087b  ADC12MEM13_H                               
0000087a  ADC12MEM13_L                               
0000087c  ADC12MEM14                                 
0000087d  ADC12MEM14_H                               
0000087c  ADC12MEM14_L                               
0000087e  ADC12MEM15                                 
0000087f  ADC12MEM15_H                               
0000087e  ADC12MEM15_L                               
00000880  ADC12MEM16                                 
00000881  ADC12MEM16_H                               
00000880  ADC12MEM16_L                               
00000882  ADC12MEM17                                 
00000883  ADC12MEM17_H                               
00000882  ADC12MEM17_L                               
00000884  ADC12MEM18                                 
00000885  ADC12MEM18_H                               
00000884  ADC12MEM18_L                               
00000886  ADC12MEM19                                 
00000887  ADC12MEM19_H                               
00000886  ADC12MEM19_L                               
00000863  ADC12MEM1_H                                
00000862  ADC12MEM1_L                                
00000864  ADC12MEM2                                  
00000888  ADC12MEM20                                 
00000889  ADC12MEM20_H                               
00000888  ADC12MEM20_L                               
0000088a  ADC12MEM21                                 
0000088b  ADC12MEM21_H                               
0000088a  ADC12MEM21_L                               
0000088c  ADC12MEM22                                 
0000088d  ADC12MEM22_H                               
0000088c  ADC12MEM22_L                               
0000088e  ADC12MEM23                                 
0000088f  ADC12MEM23_H                               
0000088e  ADC12MEM23_L                               
00000890  ADC12MEM24                                 
00000891  ADC12MEM24_H                               
00000890  ADC12MEM24_L                               
00000892  ADC12MEM25                                 
00000893  ADC12MEM25_H                               
00000892  ADC12MEM25_L                               
00000894  ADC12MEM26                                 
00000895  ADC12MEM26_H                               
00000894  ADC12MEM26_L                               
00000896  ADC12MEM27                                 
00000897  ADC12MEM27_H                               
00000896  ADC12MEM27_L                               
00000898  ADC12MEM28                                 
00000899  ADC12MEM28_H                               
00000898  ADC12MEM28_L                               
0000089a  ADC12MEM29                                 
0000089b  ADC12MEM29_H                               
0000089a  ADC12MEM29_L                               
00000865  ADC12MEM2_H                                
00000864  ADC12MEM2_L                                
00000866  ADC12MEM3                                  
0000089c  ADC12MEM30                                 
0000089d  ADC12MEM30_H                               
0000089c  ADC12MEM30_L                               
0000089e  ADC12MEM31                                 
0000089f  ADC12MEM31_H                               
0000089e  ADC12MEM31_L                               
00000867  ADC12MEM3_H                                
00000866  ADC12MEM3_L                                
00000868  ADC12MEM4                                  
00000869  ADC12MEM4_H                                
00000868  ADC12MEM4_L                                
0000086a  ADC12MEM5                                  
0000086b  ADC12MEM5_H                                
0000086a  ADC12MEM5_L                                
0000086c  ADC12MEM6                                  
0000086d  ADC12MEM6_H                                
0000086c  ADC12MEM6_L                                
0000086e  ADC12MEM7                                  
0000086f  ADC12MEM7_H                                
0000086e  ADC12MEM7_L                                
00000870  ADC12MEM8                                  
00000871  ADC12MEM8_H                                
00000870  ADC12MEM8_L                                
00000872  ADC12MEM9                                  
00000873  ADC12MEM9_H                                
00000872  ADC12MEM9_L                                
000009c0  AESACTL0                                   
000009c1  AESACTL0_H                                 
000009c0  AESACTL0_L                                 
000009c2  AESACTL1                                   
000009c3  AESACTL1_H                                 
000009c2  AESACTL1_L                                 
000009c8  AESADIN                                    
000009c9  AESADIN_H                                  
000009c8  AESADIN_L                                  
000009ca  AESADOUT                                   
000009cb  AESADOUT_H                                 
000009ca  AESADOUT_L                                 
000009c6  AESAKEY                                    
000009c7  AESAKEY_H                                  
000009c6  AESAKEY_L                                  
000009c4  AESASTAT                                   
000009c5  AESASTAT_H                                 
000009c4  AESASTAT_L                                 
000009cc  AESAXDIN                                   
000009cd  AESAXDIN_H                                 
000009cc  AESAXDIN_L                                 
000009ce  AESAXIN                                    
000009cf  AESAXIN_H                                  
000009ce  AESAXIN_L                                  
000004be  BCD2BIN                                    
000004bc  BIN2BCD                                    
0000b8e0  C$$EXIT                                    
0000043e  CAPTIO0CTL                                 
0000043f  CAPTIO0CTL_H                               
0000043e  CAPTIO0CTL_L                               
0000047e  CAPTIO1CTL                                 
0000047f  CAPTIO1CTL_H                               
0000047e  CAPTIO1CTL_L                               
000008c0  CECTL0                                     
000008c1  CECTL0_H                                   
000008c0  CECTL0_L                                   
000008c2  CECTL1                                     
000008c3  CECTL1_H                                   
000008c2  CECTL1_L                                   
000008c4  CECTL2                                     
000008c5  CECTL2_H                                   
000008c4  CECTL2_L                                   
000008c6  CECTL3                                     
000008c7  CECTL3_H                                   
000008c6  CECTL3_L                                   
000008cc  CEINT                                      
000008cd  CEINT_H                                    
000008cc  CEINT_L                                    
000008ce  CEIV                                       
000008cf  CEIV_H                                     
000008ce  CEIV_L                                     
00000150  CRCDI                                      
00000152  CRCDIRB                                    
00000153  CRCDIRB_H                                  
00000152  CRCDIRB_L                                  
00000151  CRCDI_H                                    
00000150  CRCDI_L                                    
00000154  CRCINIRES                                  
00000155  CRCINIRES_H                                
00000154  CRCINIRES_L                                
00000156  CRCRESR                                    
00000157  CRCRESR_H                                  
00000156  CRCRESR_L                                  
00000160  CSCTL0                                     
00000161  CSCTL0_H                                   
00000160  CSCTL0_L                                   
00000162  CSCTL1                                     
00000163  CSCTL1_H                                   
00000162  CSCTL1_L                                   
00000164  CSCTL2                                     
00000165  CSCTL2_H                                   
00000164  CSCTL2_L                                   
00000166  CSCTL3                                     
00000167  CSCTL3_H                                   
00000166  CSCTL3_L                                   
00000168  CSCTL4                                     
00000169  CSCTL4_H                                   
00000168  CSCTL4_L                                   
0000016a  CSCTL5                                     
0000016b  CSCTL5_H                                   
0000016a  CSCTL5_L                                   
0000016c  CSCTL6                                     
0000016d  CSCTL6_H                                   
0000016c  CSCTL6_L                                   
0000a10a  CS_initClockSignal                         
0000b7d4  CS_setDCOFreq                              
0000b7e6  CS_setExternalClockSource                  
0000ae4a  CS_turnOnLFXT                              
00000510  DMA0CTL                                    
00000511  DMA0CTL_H                                  
00000510  DMA0CTL_L                                  
00000516  DMA0DA                                     
00000518  DMA0DAH                                    
00000516  DMA0DAL                                    
00000512  DMA0SA                                     
00000514  DMA0SAH                                    
00000512  DMA0SAL                                    
0000051a  DMA0SZ                                     
00000520  DMA1CTL                                    
00000521  DMA1CTL_H                                  
00000520  DMA1CTL_L                                  
00000526  DMA1DA                                     
00000528  DMA1DAH                                    
00000526  DMA1DAL                                    
00000522  DMA1SA                                     
00000524  DMA1SAH                                    
00000522  DMA1SAL                                    
0000052a  DMA1SZ                                     
00000530  DMA2CTL                                    
00000531  DMA2CTL_H                                  
00000530  DMA2CTL_L                                  
00000536  DMA2DA                                     
00000538  DMA2DAH                                    
00000536  DMA2DAL                                    
00000532  DMA2SA                                     
00000534  DMA2SAH                                    
00000532  DMA2SAL                                    
0000053a  DMA2SZ                                     
00000500  DMACTL0                                    
00000501  DMACTL0_H                                  
00000500  DMACTL0_L                                  
00000502  DMACTL1                                    
00000503  DMACTL1_H                                  
00000502  DMACTL1_L                                  
00000504  DMACTL2                                    
00000505  DMACTL2_H                                  
00000504  DMACTL2_L                                  
00000506  DMACTL3                                    
00000507  DMACTL3_H                                  
00000506  DMACTL3_L                                  
00000508  DMACTL4                                    
00000509  DMACTL4_H                                  
00000508  DMACTL4_L                                  
0000050e  DMAIV                                      
0000050f  DMAIV_H                                    
0000050e  DMAIV_L                                    
00000140  FRCTL0                                     
00000141  FRCTL0_H                                   
00000140  FRCTL0_L                                   
0000b8d4  FreeRTOS_CLIGetOutputBuffer                
0000a298  FreeRTOS_CLIGetParameter                   
00013326  FreeRTOS_CLIProcessCommand                 
0000a0a2  FreeRTOS_CLIRegisterCommand                
00000144  GCCTL0                                     
00000145  GCCTL0_H                                   
00000144  GCCTL0_L                                   
00000146  GCCTL1                                     
00000147  GCCTL1_H                                   
00000146  GCCTL1_L                                   
0000b010  GPIO_setAsOutputPin                        
00009df8  GPIO_setAsPeripheralModuleFunctionInputPin 
00009e6a  GPIO_setAsPeripheralModuleFunctionOutputPin
0000b686  GPIO_setOutputLowOnPin                     
0000b6a2  GPIO_toggleOutputOnPin                     
000004c4  MAC                                        
000004da  MAC32H                                     
000004db  MAC32H_H                                   
000004da  MAC32H_L                                   
000004d8  MAC32L                                     
000004d9  MAC32L_H                                   
000004d8  MAC32L_L                                   
000004c6  MACS                                       
000004de  MACS32H                                    
000004df  MACS32H_H                                  
000004de  MACS32H_L                                  
000004dc  MACS32L                                    
000004dd  MACS32L_H                                  
000004dc  MACS32L_L                                  
000004c7  MACS_H                                     
000004c6  MACS_L                                     
000004c5  MAC_H                                      
000004c4  MAC_L                                      
000005a0  MPUCTL0                                    
000005a1  MPUCTL0_H                                  
000005a0  MPUCTL0_L                                  
000005a2  MPUCTL1                                    
000005a3  MPUCTL1_H                                  
000005a2  MPUCTL1_L                                  
000005aa  MPUIPC0                                    
000005ab  MPUIPC0_H                                  
000005aa  MPUIPC0_L                                  
000005ae  MPUIPSEGB1                                 
000005af  MPUIPSEGB1_H                               
000005ae  MPUIPSEGB1_L                               
000005ac  MPUIPSEGB2                                 
000005ad  MPUIPSEGB2_H                               
000005ac  MPUIPSEGB2_L                               
000005a8  MPUSAM                                     
000005a9  MPUSAM_H                                   
000005a8  MPUSAM_L                                   
000005a6  MPUSEGB1                                   
000005a7  MPUSEGB1_H                                 
000005a6  MPUSEGB1_L                                 
000005a4  MPUSEGB2                                   
000005a5  MPUSEGB2_H                                 
000005a4  MPUSEGB2_L                                 
000004c0  MPY                                        
000004ec  MPY32CTL0                                  
000004ed  MPY32CTL0_H                                
000004ec  MPY32CTL0_L                                
000004d2  MPY32H                                     
000004d3  MPY32H_H                                   
000004d2  MPY32H_L                                   
000004d0  MPY32L                                     
000004d1  MPY32L_H                                   
000004d0  MPY32L_L                                   
000004c2  MPYS                                       
000004d6  MPYS32H                                    
000004d7  MPYS32H_H                                  
000004d6  MPYS32H_L                                  
000004d4  MPYS32L                                    
000004d5  MPYS32L_H                                  
000004d4  MPYS32L_L                                  
000004c3  MPYS_H                                     
000004c2  MPYS_L                                     
000004c1  MPY_H                                      
000004c0  MPY_L                                      
000004c8  OP2                                        
000004e2  OP2H                                       
000004e3  OP2H_H                                     
000004e2  OP2H_L                                     
000004e0  OP2L                                       
000004e1  OP2L_H                                     
000004e0  OP2L_L                                     
000004c9  OP2_H                                      
000004c8  OP2_L                                      
0000020e  P1IV                                       
0000021e  P2IV                                       
0000022e  P3IV                                       
0000023e  P4IV                                       
00000204  PADIR                                      
00000205  PADIR_H                                    
00000204  PADIR_L                                    
0000021a  PAIE                                       
00000218  PAIES                                      
00000219  PAIES_H                                    
00000218  PAIES_L                                    
0000021b  PAIE_H                                     
0000021a  PAIE_L                                     
0000021c  PAIFG                                      
0000021d  PAIFG_H                                    
0000021c  PAIFG_L                                    
00000200  PAIN                                       
00000201  PAIN_H                                     
00000200  PAIN_L                                     
00000202  PAOUT                                      
00000203  PAOUT_H                                    
00000202  PAOUT_L                                    
00000206  PAREN                                      
00000207  PAREN_H                                    
00000206  PAREN_L                                    
0000020a  PASEL0                                     
0000020b  PASEL0_H                                   
0000020a  PASEL0_L                                   
0000020c  PASEL1                                     
0000020d  PASEL1_H                                   
0000020c  PASEL1_L                                   
00000216  PASELC                                     
00000217  PASELC_H                                   
00000216  PASELC_L                                   
00000224  PBDIR                                      
00000225  PBDIR_H                                    
00000224  PBDIR_L                                    
0000023a  PBIE                                       
00000238  PBIES                                      
00000239  PBIES_H                                    
00000238  PBIES_L                                    
0000023b  PBIE_H                                     
0000023a  PBIE_L                                     
0000023c  PBIFG                                      
0000023d  PBIFG_H                                    
0000023c  PBIFG_L                                    
00000220  PBIN                                       
00000221  PBIN_H                                     
00000220  PBIN_L                                     
00000222  PBOUT                                      
00000223  PBOUT_H                                    
00000222  PBOUT_L                                    
00000226  PBREN                                      
00000227  PBREN_H                                    
00000226  PBREN_L                                    
0000022a  PBSEL0                                     
0000022b  PBSEL0_H                                   
0000022a  PBSEL0_L                                   
0000022c  PBSEL1                                     
0000022d  PBSEL1_H                                   
0000022c  PBSEL1_L                                   
00000236  PBSELC                                     
00000237  PBSELC_H                                   
00000236  PBSELC_L                                   
00000324  PJDIR                                      
00000325  PJDIR_H                                    
00000324  PJDIR_L                                    
00000320  PJIN                                       
00000321  PJIN_H                                     
00000320  PJIN_L                                     
00000322  PJOUT                                      
00000323  PJOUT_H                                    
00000322  PJOUT_L                                    
00000326  PJREN                                      
00000327  PJREN_H                                    
00000326  PJREN_L                                    
0000032a  PJSEL0                                     
0000032b  PJSEL0_H                                   
0000032a  PJSEL0_L                                   
0000032c  PJSEL1                                     
0000032d  PJSEL1_H                                   
0000032c  PJSEL1_L                                   
00000336  PJSELC                                     
00000337  PJSELC_H                                   
00000336  PJSELC_L                                   
00000130  PM5CTL0                                    
00000131  PM5CTL0_H                                  
00000130  PM5CTL0_L                                  
00000120  PMMCTL0                                    
00000121  PMMCTL0_H                                  
00000120  PMMCTL0_L                                  
0000012a  PMMIFG                                     
0000012b  PMMIFG_H                                   
0000012a  PMMIFG_L                                   
0000b8da  PMM_unlockLPM5                             
000001b0  REFCTL0                                    
000001b1  REFCTL0_H                                  
000001b0  REFCTL0_L                                  
000004e4  RES0                                       
000004e5  RES0_H                                     
000004e4  RES0_L                                     
000004e6  RES1                                       
000004e7  RES1_H                                     
000004e6  RES1_L                                     
000004e8  RES2                                       
000004e9  RES2_H                                     
000004e8  RES2_L                                     
000004ea  RES3                                       
000004eb  RES3_H                                     
000004ea  RES3_L                                     
000004cc  RESHI                                      
000004cd  RESHI_H                                    
000004cc  RESHI_L                                    
000004ca  RESLO                                      
000004cb  RESLO_H                                    
000004ca  RESLO_L                                    
000004ba  RTCADOWDAY                                 
000004bb  RTCADOWDAY_H                               
000004ba  RTCADOWDAY_L                               
000004b8  RTCAMINHR                                  
000004b9  RTCAMINHR_H                                
000004b8  RTCAMINHR_L                                
000004a0  RTCCTL01                                   
000004a1  RTCCTL01_H                                 
000004a0  RTCCTL01_L                                 
000004a2  RTCCTL23                                   
000004a3  RTCCTL23_H                                 
000004a2  RTCCTL23_L                                 
000004b4  RTCDATE                                    
000004b5  RTCDATE_H                                  
000004b4  RTCDATE_L                                  
000004ae  RTCIV                                      
000004ac  RTCPS                                      
000004a8  RTCPS0CTL                                  
000004a9  RTCPS0CTL_H                                
000004a8  RTCPS0CTL_L                                
000004aa  RTCPS1CTL                                  
000004ab  RTCPS1CTL_H                                
000004aa  RTCPS1CTL_L                                
000004ad  RTCPS_H                                    
000004ac  RTCPS_L                                    
000004b0  RTCTIM0                                    
000004b1  RTCTIM0_H                                  
000004b0  RTCTIM0_L                                  
000004b2  RTCTIM1                                    
000004b3  RTCTIM1_H                                  
000004b2  RTCTIM1_L                                  
000004b6  RTCYEAR                                    
000004b7  RTCYEAR_H                                  
000004b6  RTCYEAR_L                                  
00000100  SFRIE1                                     
00000101  SFRIE1_H                                   
00000100  SFRIE1_L                                   
00000102  SFRIFG1                                    
00000103  SFRIFG1_H                                  
00000102  SFRIFG1_L                                  
00000104  SFRRPCR                                    
00000105  SFRRPCR_H                                  
00000104  SFRRPCR_L                                  
000004ce  SUMEXT                                     
000004cf  SUMEXT_H                                   
000004ce  SUMEXT_L                                   
00000180  SYSCTL                                     
00000181  SYSCTL_H                                   
00000180  SYSCTL_L                                   
00000186  SYSJMBC                                    
00000187  SYSJMBC_H                                  
00000186  SYSJMBC_L                                  
00000188  SYSJMBI0                                   
00000189  SYSJMBI0_H                                 
00000188  SYSJMBI0_L                                 
0000018a  SYSJMBI1                                   
0000018b  SYSJMBI1_H                                 
0000018a  SYSJMBI1_L                                 
0000018c  SYSJMBO0                                   
0000018d  SYSJMBO0_H                                 
0000018c  SYSJMBO0_L                                 
0000018e  SYSJMBO1                                   
0000018f  SYSJMBO1_H                                 
0000018e  SYSJMBO1_L                                 
0000019e  SYSRSTIV                                   
0000019f  SYSRSTIV_H                                 
0000019e  SYSRSTIV_L                                 
0000019c  SYSSNIV                                    
0000019d  SYSSNIV_H                                  
0000019c  SYSSNIV_L                                  
0000019a  SYSUNIV                                    
0000019b  SYSUNIV_H                                  
0000019a  SYSUNIV_L                                  
00000352  TA0CCR0                                    
00000354  TA0CCR1                                    
00000356  TA0CCR2                                    
00000342  TA0CCTL0                                   
00000344  TA0CCTL1                                   
00000346  TA0CCTL2                                   
00000340  TA0CTL                                     
00000360  TA0EX0                                     
0000036e  TA0IV                                      
00000350  TA0R                                       
00000392  TA1CCR0                                    
00000394  TA1CCR1                                    
00000396  TA1CCR2                                    
00000382  TA1CCTL0                                   
00000384  TA1CCTL1                                   
00000386  TA1CCTL2                                   
00000380  TA1CTL                                     
000003a0  TA1EX0                                     
000003ae  TA1IV                                      
00000390  TA1R                                       
00000412  TA2CCR0                                    
00000414  TA2CCR1                                    
00000402  TA2CCTL0                                   
00000404  TA2CCTL1                                   
00000400  TA2CTL                                     
00000420  TA2EX0                                     
[...]
00000868  ADC12MEM4                                  
00000868  ADC12MEM4_L                                
00000869  ADC12MEM4_H                                
0000086a  ADC12MEM5                                  
0000086a  ADC12MEM5_L                                
0000086b  ADC12MEM5_H                                
0000086c  ADC12MEM6                                  
0000086c  ADC12MEM6_L                                
0000086d  ADC12MEM6_H                                
0000086e  ADC12MEM7                                  
0000086e  ADC12MEM7_L                                
0000086f  ADC12MEM7_H                                
00000870  ADC12MEM8                                  
00000870  ADC12MEM8_L                                
00000871  ADC12MEM8_H                                
00000872  ADC12MEM9                                  
00000872  ADC12MEM9_L                                
00000873  ADC12MEM9_H                                
00000874  ADC12MEM10                                 
00000874  ADC12MEM10_L                               
00000875  ADC12MEM10_H                               
00000876  ADC12MEM11                                 
00000876  ADC12MEM11_L                               
00000877  ADC12MEM11_H                               
00000878  ADC12MEM12                                 
00000878  ADC12MEM12_L                               
00000879  ADC12MEM12_H                               
0000087a  ADC12MEM13                                 
0000087a  ADC12MEM13_L                               
0000087b  ADC12MEM13_H                               
0000087c  ADC12MEM14                                 
0000087c  ADC12MEM14_L                               
0000087d  ADC12MEM14_H                               
0000087e  ADC12MEM15                                 
0000087e  ADC12MEM15_L                               
0000087f  ADC12MEM15_H                               
00000880  ADC12MEM16                                 
00000880  ADC12MEM16_L                               
00000881  ADC12MEM16_H                               
00000882  ADC12MEM17                                 
00000882  ADC12MEM17_L                               
00000883  ADC12MEM17_H                               
00000884  ADC12MEM18                                 
00000884  ADC12MEM18_L                               
00000885  ADC12MEM18_H                               
00000886  ADC12MEM19                                 
00000886  ADC12MEM19_L                               
00000887  ADC12MEM19_H                               
00000888  ADC12MEM20                                 
00000888  ADC12MEM20_L                               
00000889  ADC12MEM20_H                               
0000088a  ADC12MEM21                                 
0000088a  ADC12MEM21_L                               
0000088b  ADC12MEM21_H                               
0000088c  ADC12MEM22                                 
0000088c  ADC12MEM22_L                               
0000088d  ADC12MEM22_H                               
0000088e  ADC12MEM23                                 
0000088e  ADC12MEM23_L                               
0000088f  ADC12MEM23_H                               
00000890  ADC12MEM24                                 
00000890  ADC12MEM24_L                               
00000891  ADC12MEM24_H                               
00000892  ADC12MEM25                                 
00000892  ADC12MEM25_L                               
00000893  ADC12MEM25_H                               
00000894  ADC12MEM26                                 
00000894  ADC12MEM26_L                               
00000895  ADC12MEM26_H                               
00000896  ADC12MEM27                                 
00000896  ADC12MEM27_L                               
00000897  ADC12MEM27_H                               
00000898  ADC12MEM28                                 
00000898  ADC12MEM28_L                               
00000899  ADC12MEM28_H                               
0000089a  ADC12MEM29                                 
0000089a  ADC12MEM29_L                               
0000089b  ADC12MEM29_H                               
0000089c  ADC12MEM30                                 
0000089c  ADC12MEM30_L                               
0000089d  ADC12MEM30_H                               
0000089e  ADC12MEM31                                 
0000089e  ADC12MEM31_L                               
0000089f  ADC12MEM31_H                               
000008c0  CECTL0                                     
000008c0  CECTL0_L                                   
000008c1  CECTL0_H                                   
000008c2  CECTL1                                     
000008c2  CECTL1_L                                   
000008c3  CECTL1_H                                   
000008c4  CECTL2                                     
000008c4  CECTL2_L                                   
000008c5  CECTL2_H                                   
000008c6  CECTL3                                     
000008c6  CECTL3_L                                   
000008c7  CECTL3_H                                   
000008cc  CEINT                                      
000008cc  CEINT_L                                    
000008cd  CEINT_H                                    
000008ce  CEIV                                       
000008ce  CEIV_L                                     
000008cf  CEIV_H                                     
000009c0  AESACTL0                                   
000009c0  AESACTL0_L                                 
000009c1  AESACTL0_H                                 
000009c2  AESACTL1                                   
000009c2  AESACTL1_L                                 
000009c3  AESACTL1_H                                 
000009c4  AESASTAT                                   
000009c4  AESASTAT_L                                 
000009c5  AESASTAT_H                                 
000009c6  AESAKEY                                    
000009c6  AESAKEY_L                                  
000009c7  AESAKEY_H                                  
000009c8  AESADIN                                    
000009c8  AESADIN_L                                  
000009c9  AESADIN_H                                  
000009ca  AESADOUT                                   
000009ca  AESADOUT_L                                 
000009cb  AESADOUT_H                                 
000009cc  AESAXDIN                                   
000009cc  AESAXDIN_L                                 
000009cd  AESAXDIN_H                                 
000009ce  AESAXIN                                    
000009ce  AESAXIN_L                                  
000009cf  AESAXIN_H                                  
00001d96  xSuspendedTestQueue                        
00001dc6  pxCurrentTCB                               
00001e70  usRegTest1LoopCounter                      
00001e72  usRegTest2LoopCounter                      
00001e74  ulRunTimeCounterOverflows                  
00001eb4  usCriticalNesting                          
00002360  _stack                                     
00002400  __STACK_END                                
00004400  fram_ipe_end                               
00004400  fram_ipe_start                             
00004400  ucHeap                                     
00007c00  cOutputBuffer                              
00008400  fram_rx_start                              
00008400  prvUSCI_A0_ISR                             
0000846a  _c_int00_noargs_noexit                     
00008484  v4RunTimeStatsTimerOverflow                
00008498  vTickISREntry                              
000084a8  __TI_ISR_TRAP                              
000084b0  vTaskDelayUntil                            
00008560  vStartEventGroupTasks                      
0000860e  vTaskPriorityDisinheritAfterTimeout        
000086bc  xTaskPriorityInherit                       
0000876a  xQueueGenericReset                         
000088bc  _auto_init_hold_wdt                        
00008962  vPortPreemptiveTickISR                     
00008992  vPortCooperativeTickISR                    
000089be  vPortYield                                 
000089ee  xPortStartScheduler                        
00008bf6  vPeriodicEventGroupsProcessing             
00008c98  vStartGenericQueueTasks                    
00008e78  vTaskNotifyGiveFromISR                     
00008f16  xTaskCheckForTimeOut                       
00008fb4  vTaskDelete                                
00009050  vTaskGetInfo                               
000092b2  vPortFree                                  
00009344  main_full                                  
00009464  xTaskPriorityDisinherit                    
000094f4  xTimerGenericCommand                       
00009582  vTaskResume                                
0000960e  xTaskCreate                                
000097a8  vStartCountingSemaphoreTasks               
0000982e  xTaskRemoveFromEventList                   
00009938  xQueueGenericSendFromISR                   
000099ba  vTaskRemoveFromUnorderedEventList          
00009a36  eTaskGetState                              
00009c1e  xSerialPortInitMinimal                     
00009c98  __TI_decompress_lzss                       
00009d84  vStartRecursiveMutexTasks                  
00009df8  GPIO_setAsPeripheralModuleFunctionInputPin 
00009e6a  GPIO_setAsPeripheralModuleFunctionOutputPin
0000a032  xQueueReceiveFromISR                       
0000a0a2  FreeRTOS_CLIRegisterCommand                
0000a10a  CS_initClockSignal                         
0000a170  copy_in                                    
0000a238  vTaskStartScheduler                        
0000a298  FreeRTOS_CLIGetParameter                   
0000a2f6  xAreEventGroupTasksStillRunning            
0000a354  xAreTaskNotificationTasksStillRunning      
0000a3b2  xEventGroupClearBits                       
0000a410  vCreateBlockTimeTasks                      
0000a578  __mspabi_divul                             
0000a578  __mspabi_remul                             
0000a628  xQueueGenericCreate                        
0000a6d6  vListInsert                                
0000a72a  vTaskPlaceOnUnorderedEventList             
0000a86c  strncpy                                    
0000a8ba  vQueueWaitForMessageRestricted             
0000a908  xAreGenericQueueTasksStillRunning          
0000a954  xTimerCreateTimerTask                      
0000a9a0  vEventGroupDelete                          
0000a9ea  xAreRecursiveMutexTasksStillRunning        
0000aa7c  vUARTCommandConsoleStart                   
0000aac4  xTimerCreate                               
0000ab52  xQueueGiveMutexRecursive                   
0000abdc  xAreDynamicPriorityTasksStillRunning       
0000ac5e  xQueueTakeMutexRecursive                   
0000ac9e  __mspabi_sral_15                           
0000aca2  __mspabi_sral_14                           
0000aca6  __mspabi_sral_13                           
0000acaa  __mspabi_sral_12                           
0000acae  __mspabi_sral_11                           
0000acb2  __mspabi_sral_10                           
0000acb6  __mspabi_sral_9                            
0000acba  __mspabi_sral_8                            
0000acbe  __mspabi_sral_7                            
0000acc2  __mspabi_sral_6                            
0000acc6  __mspabi_sral_5                            
0000acca  __mspabi_sral_4                            
0000acce  __mspabi_sral_3                            
0000acd2  __mspabi_sral_2                            
0000acd6  __mspabi_sral_1                            
0000acdc  __mspabi_srll_15                           
0000ace0  __mspabi_srll_14                           
0000ace4  __mspabi_srll_13                           
0000ace8  __mspabi_srll_12                           
0000acec  __mspabi_srll_11                           
0000acf0  __mspabi_srll_10                           
0000acf4  __mspabi_srll_9                            
0000acf8  __mspabi_srll_8                            
0000acfc  __mspabi_srll_7                            
0000ad00  __mspabi_srll_6                            
0000ad04  __mspabi_srll_5                            
0000ad08  __mspabi_srll_4                            
0000ad0c  __mspabi_srll_3                            
0000ad10  __mspabi_srll_2                            
0000ad14  __mspabi_srll_1                            
0000ad58  vTaskDelay                                 
0000add2  strncat                                    
0000ae4a  CS_turnOnLFXT                              
0000ae84  uxListRemove                               
0000aebe  vSerialPutString                           
0000aef8  vTaskPlaceOnEventListRestricted            
0000af6a  strncmp                                    
0000afa2  xTaskNotifyStateClear                      
0000b010  GPIO_setAsOutputPin                        
0000b0aa  uxQueueMessagesWaiting                     
0000b0dc  xQueueCreateCountingSemaphore              
0000b10e  xTimerPendFunctionCallFromISR              
0000b170  vApplicationSetupTimerInterrupt            
0000b170  vPortSetupTimerInterrupt                   
0000b1a0  vStartTaskNotifyTask                       
0000b1d0  vTaskPlaceOnEventList                      
0000b200  xAreCountingSemaphoreTasksStillRunning     
0000b340  uxTaskPriorityGet                          
0000b36c  vListInitialise                            
0000b398  xAreBlockTimeTestTasksStillRunning         
0000b3c4  memcpy                                     
0000b418  uxTaskResetEventItemValue                  
0000b46c  vRegisterSampleCLICommands                 
0000b4be  xTaskGetTickCount                          
0000b4e6  vListInsertEnd                             
0000b50c  xEventGroupCreate                          
0000b532  __TI_zero_init                             
0000b556  pxPortInitialiseStack                      
0000b57a  __mspabi_mpyl_f5hw                         
0000b59e  sprintf                                    
0000b5e4  xEventGroupSetBitsFromISR                  
0000b606  xSerialPutChar                             
0000b628  WDT_A_hold                                 
0000b648  memset                                     
0000b668  xEventGroupClearBitsFromISR                
0000b686  GPIO_setOutputLowOnPin                     
0000b6a2  GPIO_toggleOutputOnPin                     
0000b6be  pvTaskIncrementMutexHeldCount              
0000b6da  vParTestToggleLED                          
0000b6f4  xQueueCreateMutex                          
0000b70c  xSerialGetChar                             
0000b724  xTaskGetSchedulerState                     
0000b73c  __TI_decompress_none                       
0000b7aa  __mspabi_divu                              
0000b7aa  __mspabi_remu                              
0000b7c0  vTaskInternalSetTimeOutState               
0000b7d4  CS_setDCOFreq                              
0000b7e6  CS_setExternalClockSource                  
0000b82e  strcpy                                     
0000b840  strlen                                     
0000b852  vConfigureTimerForRunTimeStats             
0000b862  _system_pre_init                           
0000b86e  main                                       
0000b87a  vApplicationIdleHook                       
0000b886  __mspabi_slli                              
0000b890  vApplicationMallocFailedHook               
0000b89a  vApplicationStackOverflowHook              
0000b8a4  vApplicationTickHook                       
0000b8ae  xEventGroupGetBitsFromISR                  
0000b8b8  xPortGetFreeHeapSize                       
0000b8c2  xPortGetMinimumEverFreeHeapSize            
0000b8cc  vListInitialiseItem                        
0000b8d4  FreeRTOS_CLIGetOutputBuffer                
0000b8da  PMM_unlockLPM5                             
0000b8e0  C$$EXIT                                    
0000b8e0  abort                                      
0000b8e6  vEventGroupClearBitsCallback               
0000b8ec  vEventGroupSetBitsCallback                 
0000b8f2  vTaskMissedYield                           
0000b8f8  vTaskSuspendAll                            
0000b8fe  xTaskGetCurrentTaskHandle                  
0000b904  _system_post_cinit                         
0000bf0e  usPins                                     
0000bf12  ucPorts                                    
0000bf30  __TI_Handler_Table_Base                    
0000bf3c  __TI_Handler_Table_Limit                   
0000bf42  __TI_CINIT_Base                            
0000bf52  __TI_CINIT_Limit                           
0000ffcc  __TI_int30                                 
0000ffce  __TI_int31                                 
0000ffd0  __TI_int32                                 
0000ffd2  __TI_int33                                 
0000ffd4  __TI_int34                                 
0000ffd6  __TI_int35                                 
0000ffd8  __TI_int36                                 
0000ffda  __TI_int37                                 
0000ffdc  __TI_int38                                 
0000ffde  __TI_int39                                 
0000ffe0  __TI_int40                                 
0000ffe2  __TI_int41                                 
0000ffe4  __TI_int42                                 
0000ffe6  __TI_int43                                 
0000ffe8  __TI_int44                                 
0000ffea  __TI_int45                                 
0000ffec  __TI_int46                                 
0000ffee  __TI_int47                                 
0000fff0  __TI_int48                                 
0000fff2  __TI_int49                                 
0000fff4  __TI_int50                                 
0000fff6  __TI_int51                                 
0000fff8  __TI_int52                                 
0000fffa  __TI_int53                                 
0000fffc  __TI_int54                                 
0000fffe  _reset_vector                              
0001109a  xQueueSemaphoreTake                        
0001144e  xQueueGenericSend                          
000115e6  xEventGroupWaitBits                        
000118fc  xQueuePeek                                 
00011a7e  xQueueReceive                              
00011d72  vTaskGetRunTimeStats                       
00011ee0  pvPortMalloc                               
00012046  xEventGroupSync                            
000121a4  vTaskList                                  
000126cc  xTaskIncrementTick                         
000127f6  vTaskSwitchContext                         
00012a34  uxTaskGetSystemState                       
00012b4c  vRegTest1Implementation                    
00012bd2  vRegTest2Implementation                    
00012d5c  xEventGroupSetBits                         
00013052  vTaskPrioritySet                           
00013236  xTaskGenericNotifyFromISR                  
00013326  FreeRTOS_CLIProcessCommand                 
00013412  xTaskGenericNotify                         
000136c4  xTaskResumeAll                             
0001386e  xTaskNotifyWait                            
00013ade  vTaskSuspend                               
00013dce  vStartDynamicPriorityTasks                 
00013e82  xNotifyTaskFromISR                         
00013f36  ulTaskNotifyTake                           
00013fe8  __mspabi_mpyi_f5hw                         
ffffffff  __TI_pprof_out_hndl                        
ffffffff  __TI_prof_data_size                        
ffffffff  __TI_prof_data_start                       
ffffffff  __c_args__                                 
UNDEFED   __TI_BINIT_Base                            
UNDEFED   __TI_BINIT_Limit                           
UNDEFED   __TI_INITARRAY_Base                        
UNDEFED   __TI_INITARRAY_Limit                       

[1042 symbols]
