<?xml version="1.0"?>
<link_info>
   <banner>MSP430 Linker Unix v16.9.6.LTS</banner>
   <copyright>Copyright (c) 2003-2017 Texas Instruments Incorporated</copyright>
   <link_time>0x5adec251</link_time>
   <link_errors>0x0</link_errors>
   <output_file>Sensor_board_5969.out</output_file>
   <entry_point>
      <name>_c_int00_noargs_noexit</name>
      <address>0x846a</address>
   </entry_point>
   <input_file_list>
      <input_file id="fl-2">
         <path>./</path>
         <kind>object</kind>
         <file>LEDs.obj</file>
         <name>LEDs.obj</name>
      </input_file>
      <input_file id="fl-3">
         <path>./</path>
         <kind>object</kind>
         <file>main.obj</file>
         <name>main.obj</name>
      </input_file>
      <input_file id="fl-4">
         <path>./</path>
         <kind>object</kind>
         <file>printf-stdarg.obj</file>
         <name>printf-stdarg.obj</name>
      </input_file>
      <input_file id="fl-5">
         <path>./Blinky_Demo/</path>
         <kind>object</kind>
         <file>main_blinky.obj</file>
         <name>main_blinky.obj</name>
      </input_file>
      <input_file id="fl-6">
         <path>./CCS_Only/</path>
         <kind>object</kind>
         <file>RegTest.obj</file>
         <name>RegTest.obj</name>
      </input_file>
      <input_file id="fl-7">
         <path>./FreeRTOS_Source/</path>
         <kind>object</kind>
         <file>croutine.obj</file>
         <name>croutine.obj</name>
      </input_file>
      <input_file id="fl-8">
         <path>./FreeRTOS_Source/</path>
         <kind>object</kind>
         <file>event_groups.obj</file>
         <name>event_groups.obj</name>
      </input_file>
      <input_file id="fl-9">
         <path>./FreeRTOS_Source/</path>
         <kind>object</kind>
         <file>list.obj</file>
         <name>list.obj</name>
      </input_file>
      <input_file id="fl-a">
         <path>./FreeRTOS_Source/</path>
         <kind>object</kind>
         <file>queue.obj</file>
         <name>queue.obj</name>
      </input_file>
      <input_file id="fl-b">
         <path>./FreeRTOS_Source/</path>
         <kind>object</kind>
         <file>stream_buffer.obj</file>
         <name>stream_buffer.obj</name>
      </input_file>
      <input_file id="fl-c">
         <path>./FreeRTOS_Source/</path>
         <kind>object</kind>
         <file>tasks.obj</file>
         <name>tasks.obj</name>
      </input_file>
      <input_file id="fl-d">
         <path>./FreeRTOS_Source/</path>
         <kind>object</kind>
         <file>timers.obj</file>
         <name>timers.obj</name>
      </input_file>
      <input_file id="fl-e">
         <path>./FreeRTOS_Source/portable/CCS/MSP430X/</path>
         <kind>object</kind>
         <file>port.obj</file>
         <name>port.obj</name>
      </input_file>
      <input_file id="fl-f">
         <path>./FreeRTOS_Source/portable/CCS/MSP430X/</path>
         <kind>object</kind>
         <file>portext.obj</file>
         <name>portext.obj</name>
      </input_file>
      <input_file id="fl-10">
         <path>./FreeRTOS_Source/portable/MemMang/</path>
         <kind>object</kind>
         <file>heap_4.obj</file>
         <name>heap_4.obj</name>
      </input_file>
      <input_file id="fl-11">
         <path>./Full_Demo/FreeRTOS+CLI/</path>
         <kind>object</kind>
         <file>FreeRTOS_CLI.obj</file>
         <name>FreeRTOS_CLI.obj</name>
      </input_file>
      <input_file id="fl-12">
         <path>./Full_Demo/</path>
         <kind>object</kind>
         <file>Sample-CLI-commands.obj</file>
         <name>Sample-CLI-commands.obj</name>
      </input_file>
      <input_file id="fl-13">
         <path>./Full_Demo/</path>
         <kind>object</kind>
         <file>UARTCommandConsole.obj</file>
         <name>UARTCommandConsole.obj</name>
      </input_file>
      <input_file id="fl-14">
         <path>./Full_Demo/</path>
         <kind>object</kind>
         <file>main_full.obj</file>
         <name>main_full.obj</name>
      </input_file>
      <input_file id="fl-15">
         <path>./Full_Demo/</path>
         <kind>object</kind>
         <file>serial.obj</file>
         <name>serial.obj</name>
      </input_file>
      <input_file id="fl-16">
         <path>./Full_Demo/Standard_Demo_Tasks/</path>
         <kind>object</kind>
         <file>EventGroupsDemo.obj</file>
         <name>EventGroupsDemo.obj</name>
      </input_file>
      <input_file id="fl-17">
         <path>./Full_Demo/Standard_Demo_Tasks/</path>
         <kind>object</kind>
         <file>GenQTest.obj</file>
         <name>GenQTest.obj</name>
      </input_file>
      <input_file id="fl-18">
         <path>./Full_Demo/Standard_Demo_Tasks/</path>
         <kind>object</kind>
         <file>TaskNotify.obj</file>
         <name>TaskNotify.obj</name>
      </input_file>
      <input_file id="fl-19">
         <path>./Full_Demo/Standard_Demo_Tasks/</path>
         <kind>object</kind>
         <file>blocktim.obj</file>
         <name>blocktim.obj</name>
      </input_file>
      <input_file id="fl-1a">
         <path>./Full_Demo/Standard_Demo_Tasks/</path>
         <kind>object</kind>
         <file>countsem.obj</file>
         <name>countsem.obj</name>
      </input_file>
      <input_file id="fl-1b">
         <path>./Full_Demo/Standard_Demo_Tasks/</path>
         <kind>object</kind>
         <file>dynamic.obj</file>
         <name>dynamic.obj</name>
      </input_file>
      <input_file id="fl-1c">
         <path>./Full_Demo/Standard_Demo_Tasks/</path>
         <kind>object</kind>
         <file>recmutex.obj</file>
         <name>recmutex.obj</name>
      </input_file>
      <input_file id="fl-1d">
         <path>./board_common/common/</path>
         <kind>object</kind>
         <file>spi.obj</file>
         <name>spi.obj</name>
      </input_file>
      <input_file id="fl-1e">
         <path>./board_common/common/</path>
         <kind>object</kind>
         <file>uart.obj</file>
         <name>uart.obj</name>
      </input_file>
      <input_file id="fl-1f">
         <path>./driverlib/MSP430FR5xx_6xx/</path>
         <kind>object</kind>
         <file>adc12_b.obj</file>
         <name>adc12_b.obj</name>
      </input_file>
      <input_file id="fl-20">
         <path>./driverlib/MSP430FR5xx_6xx/</path>
         <kind>object</kind>
         <file>aes256.obj</file>
         <name>aes256.obj</name>
      </input_file>
      <input_file id="fl-21">
         <path>./driverlib/MSP430FR5xx_6xx/</path>
         <kind>object</kind>
         <file>comp_e.obj</file>
         <name>comp_e.obj</name>
      </input_file>
      <input_file id="fl-22">
         <path>./driverlib/MSP430FR5xx_6xx/</path>
         <kind>object</kind>
         <file>crc.obj</file>
         <name>crc.obj</name>
      </input_file>
      <input_file id="fl-23">
         <path>./driverlib/MSP430FR5xx_6xx/</path>
         <kind>object</kind>
         <file>crc32.obj</file>
         <name>crc32.obj</name>
      </input_file>
      <input_file id="fl-24">
         <path>./driverlib/MSP430FR5xx_6xx/</path>
         <kind>object</kind>
         <file>cs.obj</file>
         <name>cs.obj</name>
      </input_file>
      <input_file id="fl-25">
         <path>./driverlib/MSP430FR5xx_6xx/</path>
         <kind>object</kind>
         <file>dma.obj</file>
         <name>dma.obj</name>
      </input_file>
      <input_file id="fl-26">
         <path>./driverlib/MSP430FR5xx_6xx/</path>
         <kind>object</kind>
         <file>esi.obj</file>
         <name>esi.obj</name>
      </input_file>
      <input_file id="fl-27">
         <path>./driverlib/MSP430FR5xx_6xx/</path>
         <kind>object</kind>
         <file>eusci_a_spi.obj</file>
         <name>eusci_a_spi.obj</name>
      </input_file>
      <input_file id="fl-28">
         <path>./driverlib/MSP430FR5xx_6xx/</path>
         <kind>object</kind>
         <file>eusci_a_uart.obj</file>
         <name>eusci_a_uart.obj</name>
      </input_file>
      <input_file id="fl-29">
         <path>./driverlib/MSP430FR5xx_6xx/</path>
         <kind>object</kind>
         <file>eusci_b_i2c.obj</file>
         <name>eusci_b_i2c.obj</name>
      </input_file>
      <input_file id="fl-2a">
         <path>./driverlib/MSP430FR5xx_6xx/</path>
         <kind>object</kind>
         <file>eusci_b_spi.obj</file>
         <name>eusci_b_spi.obj</name>
      </input_file>
      <input_file id="fl-2b">
         <path>./driverlib/MSP430FR5xx_6xx/</path>
         <kind>object</kind>
         <file>framctl.obj</file>
         <name>framctl.obj</name>
      </input_file>
      <input_file id="fl-2c">
         <path>./driverlib/MSP430FR5xx_6xx/</path>
         <kind>object</kind>
         <file>gpio.obj</file>
         <name>gpio.obj</name>
      </input_file>
      <input_file id="fl-2d">
         <path>./driverlib/MSP430FR5xx_6xx/</path>
         <kind>object</kind>
         <file>lcd_c.obj</file>
         <name>lcd_c.obj</name>
      </input_file>
      <input_file id="fl-2e">
         <path>./driverlib/MSP430FR5xx_6xx/</path>
         <kind>object</kind>
         <file>mpu.obj</file>
         <name>mpu.obj</name>
      </input_file>
      <input_file id="fl-2f">
         <path>./driverlib/MSP430FR5xx_6xx/</path>
         <kind>object</kind>
         <file>mpy32.obj</file>
         <name>mpy32.obj</name>
      </input_file>
      <input_file id="fl-30">
         <path>./driverlib/MSP430FR5xx_6xx/</path>
         <kind>object</kind>
         <file>pmm.obj</file>
         <name>pmm.obj</name>
      </input_file>
      <input_file id="fl-31">
         <path>./driverlib/MSP430FR5xx_6xx/</path>
         <kind>object</kind>
         <file>ram.obj</file>
         <name>ram.obj</name>
      </input_file>
      <input_file id="fl-32">
         <path>./driverlib/MSP430FR5xx_6xx/</path>
         <kind>object</kind>
         <file>ref_a.obj</file>
         <name>ref_a.obj</name>
      </input_file>
      <input_file id="fl-33">
         <path>./driverlib/MSP430FR5xx_6xx/</path>
         <kind>object</kind>
         <file>rtc_b.obj</file>
         <name>rtc_b.obj</name>
      </input_file>
      <input_file id="fl-34">
         <path>./driverlib/MSP430FR5xx_6xx/</path>
         <kind>object</kind>
         <file>rtc_c.obj</file>
         <name>rtc_c.obj</name>
      </input_file>
      <input_file id="fl-35">
         <path>./driverlib/MSP430FR5xx_6xx/</path>
         <kind>object</kind>
         <file>sfr.obj</file>
         <name>sfr.obj</name>
      </input_file>
      <input_file id="fl-36">
         <path>./driverlib/MSP430FR5xx_6xx/</path>
         <kind>object</kind>
         <file>sysctl.obj</file>
         <name>sysctl.obj</name>
      </input_file>
      <input_file id="fl-37">
         <path>./driverlib/MSP430FR5xx_6xx/</path>
         <kind>object</kind>
         <file>timer_a.obj</file>
         <name>timer_a.obj</name>
      </input_file>
      <input_file id="fl-38">
         <path>./driverlib/MSP430FR5xx_6xx/</path>
         <kind>object</kind>
         <file>timer_b.obj</file>
         <name>timer_b.obj</name>
      </input_file>
      <input_file id="fl-39">
         <path>./driverlib/MSP430FR5xx_6xx/</path>
         <kind>object</kind>
         <file>tlv.obj</file>
         <name>tlv.obj</name>
      </input_file>
      <input_file id="fl-3a">
         <path>./driverlib/MSP430FR5xx_6xx/</path>
         <kind>object</kind>
         <file>wdt_a.obj</file>
         <name>wdt_a.obj</name>
      </input_file>
      <input_file id="fl-40">
         <kind>object</kind>
         <file>&lt;internal&gt;</file>
         <name>&lt;internal&gt;</name>
      </input_file>
      <input_file id="fl-5b">
         <path>/home/souldia/ti/ccsv7/tools/compiler/ti-cgt-msp430_16.9.6.LTS/lib/</path>
         <kind>archive</kind>
         <file>rts430x_lc_ld_eabi.lib</file>
         <name>copy_decompress_lzss.obj</name>
      </input_file>
      <input_file id="fl-5c">
         <path>/home/souldia/ti/ccsv7/tools/compiler/ti-cgt-msp430_16.9.6.LTS/lib/</path>
         <kind>archive</kind>
         <file>rts430x_lc_ld_eabi.lib</file>
         <name>copy_decompress_none.obj</name>
      </input_file>
      <input_file id="fl-5d">
         <path>/home/souldia/ti/ccsv7/tools/compiler/ti-cgt-msp430_16.9.6.LTS/lib/</path>
         <kind>archive</kind>
         <file>rts430x_lc_ld_eabi.lib</file>
         <name>int30.obj</name>
      </input_file>
      <input_file id="fl-5e">
         <path>/home/souldia/ti/ccsv7/tools/compiler/ti-cgt-msp430_16.9.6.LTS/lib/</path>
         <kind>archive</kind>
         <file>rts430x_lc_ld_eabi.lib</file>
         <name>isr_trap.obj</name>
      </input_file>
      <input_file id="fl-5f">
         <path>/home/souldia/ti/ccsv7/tools/compiler/ti-cgt-msp430_16.9.6.LTS/lib/</path>
         <kind>archive</kind>
         <file>rts430x_lc_ld_eabi.lib</file>
         <name>int31.obj</name>
      </input_file>
      <input_file id="fl-60">
         <path>/home/souldia/ti/ccsv7/tools/compiler/ti-cgt-msp430_16.9.6.LTS/lib/</path>
         <kind>archive</kind>
         <file>rts430x_lc_ld_eabi.lib</file>
         <name>int32.obj</name>
      </input_file>
      <input_file id="fl-61">
         <path>/home/souldia/ti/ccsv7/tools/compiler/ti-cgt-msp430_16.9.6.LTS/lib/</path>
         <kind>archive</kind>
         <file>rts430x_lc_ld_eabi.lib</file>
         <name>int33.obj</name>
      </input_file>
      <input_file id="fl-62">
         <path>/home/souldia/ti/ccsv7/tools/compiler/ti-cgt-msp430_16.9.6.LTS/lib/</path>
         <kind>archive</kind>
         <file>rts430x_lc_ld_eabi.lib</file>
         <name>int34.obj</name>
      </input_file>
      <input_file id="fl-63">
         <path>/home/souldia/ti/ccsv7/tools/compiler/ti-cgt-msp430_16.9.6.LTS/lib/</path>
         <kind>archive</kind>
         <file>rts430x_lc_ld_eabi.lib</file>
         <name>int35.obj</name>
      </input_file>
      <input_file id="fl-64">
         <path>/home/souldia/ti/ccsv7/tools/compiler/ti-cgt-msp430_16.9.6.LTS/lib/</path>
         <kind>archive</kind>
         <file>rts430x_lc_ld_eabi.lib</file>
         <name>int36.obj</name>
      </input_file>
      <input_file id="fl-65">
         <path>/home/souldia/ti/ccsv7/tools/compiler/ti-cgt-msp430_16.9.6.LTS/lib/</path>
         <kind>archive</kind>
         <file>rts430x_lc_ld_eabi.lib</file>
         <name>int37.obj</name>
      </input_file>
      <input_file id="fl-66">
         <path>/home/souldia/ti/ccsv7/tools/compiler/ti-cgt-msp430_16.9.6.LTS/lib/</path>
         <kind>archive</kind>
         <file>rts430x_lc_ld_eabi.lib</file>
         <name>int38.obj</name>
      </input_file>
      <input_file id="fl-67">
         <path>/home/souldia/ti/ccsv7/tools/compiler/ti-cgt-msp430_16.9.6.LTS/lib/</path>
         <kind>archive</kind>
         <file>rts430x_lc_ld_eabi.lib</file>
         <name>int39.obj</name>
      </input_file>
      <input_file id="fl-68">
         <path>/home/souldia/ti/ccsv7/tools/compiler/ti-cgt-msp430_16.9.6.LTS/lib/</path>
         <kind>archive</kind>
         <file>rts430x_lc_ld_eabi.lib</file>
         <name>int41.obj</name>
      </input_file>
      <input_file id="fl-69">
         <path>/home/souldia/ti/ccsv7/tools/compiler/ti-cgt-msp430_16.9.6.LTS/lib/</path>
         <kind>archive</kind>
         <file>rts430x_lc_ld_eabi.lib</file>
         <name>int42.obj</name>
      </input_file>
      <input_file id="fl-6a">
         <path>/home/souldia/ti/ccsv7/tools/compiler/ti-cgt-msp430_16.9.6.LTS/lib/</path>
         <kind>archive</kind>
         <file>rts430x_lc_ld_eabi.lib</file>
         <name>int43.obj</name>
      </input_file>
      <input_file id="fl-6b">
         <path>/home/souldia/ti/ccsv7/tools/compiler/ti-cgt-msp430_16.9.6.LTS/lib/</path>
         <kind>archive</kind>
         <file>rts430x_lc_ld_eabi.lib</file>
         <name>int44.obj</name>
      </input_file>
      <input_file id="fl-6c">
         <path>/home/souldia/ti/ccsv7/tools/compiler/ti-cgt-msp430_16.9.6.LTS/lib/</path>
         <kind>archive</kind>
         <file>rts430x_lc_ld_eabi.lib</file>
         <name>int46.obj</name>
      </input_file>
      <input_file id="fl-6d">
         <path>/home/souldia/ti/ccsv7/tools/compiler/ti-cgt-msp430_16.9.6.LTS/lib/</path>
         <kind>archive</kind>
         <file>rts430x_lc_ld_eabi.lib</file>
         <name>int47.obj</name>
      </input_file>
      <input_file id="fl-6e">
         <path>/home/souldia/ti/ccsv7/tools/compiler/ti-cgt-msp430_16.9.6.LTS/lib/</path>
         <kind>archive</kind>
         <file>rts430x_lc_ld_eabi.lib</file>
         <name>int49.obj</name>
      </input_file>
      <input_file id="fl-6f">
         <path>/home/souldia/ti/ccsv7/tools/compiler/ti-cgt-msp430_16.9.6.LTS/lib/</path>
         <kind>archive</kind>
         <file>rts430x_lc_ld_eabi.lib</file>
         <name>int50.obj</name>
      </input_file>
      <input_file id="fl-70">
         <path>/home/souldia/ti/ccsv7/tools/compiler/ti-cgt-msp430_16.9.6.LTS/lib/</path>
         <kind>archive</kind>
         <file>rts430x_lc_ld_eabi.lib</file>
         <name>int51.obj</name>
      </input_file>
      <input_file id="fl-71">
         <path>/home/souldia/ti/ccsv7/tools/compiler/ti-cgt-msp430_16.9.6.LTS/lib/</path>
         <kind>archive</kind>
         <file>rts430x_lc_ld_eabi.lib</file>
         <name>int52.obj</name>
      </input_file>
      <input_file id="fl-72">
         <path>/home/souldia/ti/ccsv7/tools/compiler/ti-cgt-msp430_16.9.6.LTS/lib/</path>
         <kind>archive</kind>
         <file>rts430x_lc_ld_eabi.lib</file>
         <name>int53.obj</name>
      </input_file>
      <input_file id="fl-73">
         <path>/home/souldia/ti/ccsv7/tools/compiler/ti-cgt-msp430_16.9.6.LTS/lib/</path>
         <kind>archive</kind>
         <file>rts430x_lc_ld_eabi.lib</file>
         <name>int54.obj</name>
      </input_file>
      <input_file id="fl-74">
         <path>/home/souldia/ti/ccsv7/tools/compiler/ti-cgt-msp430_16.9.6.LTS/lib/</path>
         <kind>archive</kind>
         <file>rts430x_lc_ld_eabi.lib</file>
         <name>copy_zero_init.obj</name>
      </input_file>
      <input_file id="fl-75">
         <path>/home/souldia/ti/ccsv7/tools/compiler/ti-cgt-msp430_16.9.6.LTS/lib/</path>
         <kind>archive</kind>
         <file>rts430x_lc_ld_eabi.lib</file>
         <name>div16s.obj</name>
      </input_file>
      <input_file id="fl-76">
         <path>/home/souldia/ti/ccsv7/tools/compiler/ti-cgt-msp430_16.9.6.LTS/lib/</path>
         <kind>archive</kind>
         <file>rts430x_lc_ld_eabi.lib</file>
         <name>div32s.obj</name>
      </input_file>
      <input_file id="fl-77">
         <path>/home/souldia/ti/ccsv7/tools/compiler/ti-cgt-msp430_16.9.6.LTS/lib/</path>
         <kind>archive</kind>
         <file>rts430x_lc_ld_eabi.lib</file>
         <name>div16u.obj</name>
      </input_file>
      <input_file id="fl-78">
         <path>/home/souldia/ti/ccsv7/tools/compiler/ti-cgt-msp430_16.9.6.LTS/lib/</path>
         <kind>archive</kind>
         <file>rts430x_lc_ld_eabi.lib</file>
         <name>div32u.obj</name>
      </input_file>
      <input_file id="fl-79">
         <path>/home/souldia/ti/ccsv7/tools/compiler/ti-cgt-msp430_16.9.6.LTS/lib/</path>
         <kind>archive</kind>
         <file>rts430x_lc_ld_eabi.lib</file>
         <name>mult16.obj</name>
      </input_file>
      <input_file id="fl-7a">
         <path>/home/souldia/ti/ccsv7/tools/compiler/ti-cgt-msp430_16.9.6.LTS/lib/</path>
         <kind>archive</kind>
         <file>rts430x_lc_ld_eabi.lib</file>
         <name>mult16_f5hw.obj</name>
      </input_file>
      <input_file id="fl-7b">
         <path>/home/souldia/ti/ccsv7/tools/compiler/ti-cgt-msp430_16.9.6.LTS/lib/</path>
         <kind>archive</kind>
         <file>rts430x_lc_ld_eabi.lib</file>
         <name>mult32.obj</name>
      </input_file>
      <input_file id="fl-7c">
         <path>/home/souldia/ti/ccsv7/tools/compiler/ti-cgt-msp430_16.9.6.LTS/lib/</path>
         <kind>archive</kind>
         <file>rts430x_lc_ld_eabi.lib</file>
         <name>mult32_f5hw.obj</name>
      </input_file>
      <input_file id="fl-7d">
         <path>/home/souldia/ti/ccsv7/tools/compiler/ti-cgt-msp430_16.9.6.LTS/lib/</path>
         <kind>archive</kind>
         <file>rts430x_lc_ld_eabi.lib</file>
         <name>mult64_f5hw.obj</name>
      </input_file>
      <input_file id="fl-7e">
         <path>/home/souldia/ti/ccsv7/tools/compiler/ti-cgt-msp430_16.9.6.LTS/lib/</path>
         <kind>archive</kind>
         <file>rts430x_lc_ld_eabi.lib</file>
         <name>mult1632_f5hw.obj</name>
      </input_file>
      <input_file id="fl-7f">
         <path>/home/souldia/ti/ccsv7/tools/compiler/ti-cgt-msp430_16.9.6.LTS/lib/</path>
         <kind>archive</kind>
         <file>rts430x_lc_ld_eabi.lib</file>
         <name>mult3264_f5hw.obj</name>
      </input_file>
      <input_file id="fl-80">
         <path>/home/souldia/ti/ccsv7/tools/compiler/ti-cgt-msp430_16.9.6.LTS/lib/</path>
         <kind>archive</kind>
         <file>rts430x_lc_ld_eabi.lib</file>
         <name>lsl16.obj</name>
      </input_file>
      <input_file id="fl-81">
         <path>/home/souldia/ti/ccsv7/tools/compiler/ti-cgt-msp430_16.9.6.LTS/lib/</path>
         <kind>archive</kind>
         <file>rts430x_lc_ld_eabi.lib</file>
         <name>lsr32.obj</name>
      </input_file>
      <input_file id="fl-82">
         <path>/home/souldia/ti/ccsv7/tools/compiler/ti-cgt-msp430_16.9.6.LTS/lib/</path>
         <kind>archive</kind>
         <file>rts430x_lc_ld_eabi.lib</file>
         <name>boot.obj</name>
      </input_file>
      <input_file id="fl-83">
         <path>/home/souldia/ti/ccsv7/tools/compiler/ti-cgt-msp430_16.9.6.LTS/lib/</path>
         <kind>archive</kind>
         <file>rts430x_lc_ld_eabi.lib</file>
         <name>args_main.obj</name>
      </input_file>
      <input_file id="fl-84">
         <path>/home/souldia/ti/ccsv7/tools/compiler/ti-cgt-msp430_16.9.6.LTS/lib/</path>
         <kind>archive</kind>
         <file>rts430x_lc_ld_eabi.lib</file>
         <name>autoinit_wdt.obj</name>
      </input_file>
      <input_file id="fl-85">
         <path>/home/souldia/ti/ccsv7/tools/compiler/ti-cgt-msp430_16.9.6.LTS/lib/</path>
         <kind>archive</kind>
         <file>rts430x_lc_ld_eabi.lib</file>
         <name>asr32.obj</name>
      </input_file>
      <input_file id="fl-86">
         <path>/home/souldia/ti/ccsv7/tools/compiler/ti-cgt-msp430_16.9.6.LTS/lib/</path>
         <kind>archive</kind>
         <file>rts430x_lc_ld_eabi.lib</file>
         <name>boot_special.obj</name>
      </input_file>
      <input_file id="fl-87">
         <path>/home/souldia/ti/ccsv7/tools/compiler/ti-cgt-msp430_16.9.6.LTS/lib/</path>
         <kind>archive</kind>
         <file>rts430x_lc_ld_eabi.lib</file>
         <name>mpu_init.obj</name>
      </input_file>
      <input_file id="fl-88">
         <path>/home/souldia/ti/ccsv7/tools/compiler/ti-cgt-msp430_16.9.6.LTS/lib/</path>
         <kind>archive</kind>
         <file>rts430x_lc_ld_eabi.lib</file>
         <name>startup.obj</name>
      </input_file>
      <input_file id="fl-89">
         <path>/home/souldia/ti/ccsv7/tools/compiler/ti-cgt-msp430_16.9.6.LTS/lib/</path>
         <kind>archive</kind>
         <file>rts430x_lc_ld_eabi.lib</file>
         <name>exit.obj</name>
      </input_file>
      <input_file id="fl-8a">
         <path>/home/souldia/ti/ccsv7/tools/compiler/ti-cgt-msp430_16.9.6.LTS/lib/</path>
         <kind>archive</kind>
         <file>rts430x_lc_ld_eabi.lib</file>
         <name>exit_gvars.obj</name>
      </input_file>
      <input_file id="fl-8b">
         <path>/home/souldia/ti/ccsv7/tools/compiler/ti-cgt-msp430_16.9.6.LTS/lib/</path>
         <kind>archive</kind>
         <file>rts430x_lc_ld_eabi.lib</file>
         <name>_lock.obj</name>
      </input_file>
      <input_file id="fl-8c">
         <path>/home/souldia/ti/ccsv7/tools/compiler/ti-cgt-msp430_16.9.6.LTS/lib/</path>
         <kind>archive</kind>
         <file>rts430x_lc_ld_eabi.lib</file>
         <name>cpy_tbl.obj</name>
      </input_file>
      <input_file id="fl-8d">
         <path>/home/souldia/ti/ccsv7/tools/compiler/ti-cgt-msp430_16.9.6.LTS/lib/</path>
         <kind>archive</kind>
         <file>rts430x_lc_ld_eabi.lib</file>
         <name>memcpy.obj</name>
      </input_file>
      <input_file id="fl-8e">
         <path>/home/souldia/ti/ccsv7/tools/compiler/ti-cgt-msp430_16.9.6.LTS/lib/</path>
         <kind>archive</kind>
         <file>rts430x_lc_ld_eabi.lib</file>
         <name>memset.obj</name>
      </input_file>
      <input_file id="fl-8f">
         <path>/home/souldia/ti/ccsv7/tools/compiler/ti-cgt-msp430_16.9.6.LTS/lib/</path>
         <kind>archive</kind>
         <file>rts430x_lc_ld_eabi.lib</file>
         <name>strcpy.obj</name>
      </input_file>
      <input_file id="fl-90">
         <path>/home/souldia/ti/ccsv7/tools/compiler/ti-cgt-msp430_16.9.6.LTS/lib/</path>
         <kind>archive</kind>
         <file>rts430x_lc_ld_eabi.lib</file>
         <name>strlen.obj</name>
      </input_file>
      <input_file id="fl-91">
         <path>/home/souldia/ti/ccsv7/tools/compiler/ti-cgt-msp430_16.9.6.LTS/lib/</path>
         <kind>archive</kind>
         <file>rts430x_lc_ld_eabi.lib</file>
         <name>strncat.obj</name>
      </input_file>
      <input_file id="fl-92">
         <path>/home/souldia/ti/ccsv7/tools/compiler/ti-cgt-msp430_16.9.6.LTS/lib/</path>
         <kind>archive</kind>
         <file>rts430x_lc_ld_eabi.lib</file>
         <name>strncmp.obj</name>
      </input_file>
      <input_file id="fl-93">
         <path>/home/souldia/ti/ccsv7/tools/compiler/ti-cgt-msp430_16.9.6.LTS/lib/</path>
         <kind>archive</kind>
         <file>rts430x_lc_ld_eabi.lib</file>
         <name>strncpy.obj</name>
      </input_file>
   </input_file_list>
   <object_component_list>
      <object_component id="oc-b1f">
         <name>.TI.persistent:ucHeap</name>
         <load_address>0x4400</load_address>
         <run_address>0x4400</run_address>
         <size>0x3800</size>
         <input_file_ref idref="fl-3"/>
      </object_component>
      <object_component id="oc-b95">
         <name>.TI.persistent:cOutputBuffer</name>
         <load_address>0x7c00</load_address>
         <run_address>0x7c00</run_address>
         <size>0x5dc</size>
         <input_file_ref idref="fl-14"/>
      </object_component>
      <object_component id="oc-d2d">
         <name>.cinit..data.load</name>
         <load_address>0xbf14</load_address>
         <run_address>0xbf14</run_address>
         <size>0x1b</size>
      </object_component>
      <object_component id="oc-d2a">
         <name>__TI_handler_table</name>
         <load_address>0xbf30</load_address>
         <run_address>0xbf30</run_address>
         <size>0xc</size>
      </object_component>
      <object_component id="oc-d2c">
         <name>.cinit..bss.load</name>
         <load_address>0xbf3c</load_address>
         <run_address>0xbf3c</run_address>
         <size>0x6</size>
      </object_component>
      <object_component id="oc-d2b">
         <name>__TI_cinit_table</name>
         <load_address>0xbf42</load_address>
         <run_address>0xbf42</run_address>
         <size>0x10</size>
      </object_component>
      <object_component id="oc-98d">
         <name>.const:.string</name>
         <load_address>0xb906</load_address>
         <run_address>0xb906</run_address>
         <size>0x320</size>
         <input_file_ref idref="fl-12"/>
      </object_component>
      <object_component id="oc-bb5">
         <name>.const:.string</name>
         <load_address>0xbc26</load_address>
         <run_address>0xbc26</run_address>
         <size>0xde</size>
         <input_file_ref idref="fl-11"/>
      </object_component>
      <object_component id="oc-7b5">
         <name>.const:.string</name>
         <load_address>0xbd04</load_address>
         <run_address>0xbd04</run_address>
         <size>0x92</size>
         <input_file_ref idref="fl-13"/>
      </object_component>
      <object_component id="oc-7bd">
         <name>.const:.string</name>
         <load_address>0xbd96</load_address>
         <run_address>0xbd96</run_address>
         <size>0x32</size>
         <input_file_ref idref="fl-c"/>
      </object_component>
      <object_component id="oc-682">
         <name>.const:.string</name>
         <load_address>0xbdc8</load_address>
         <run_address>0xbdc8</run_address>
         <size>0x28</size>
         <input_file_ref idref="fl-1b"/>
      </object_component>
      <object_component id="oc-732">
         <name>.const:.string</name>
         <load_address>0xbdf0</load_address>
         <run_address>0xbdf0</run_address>
         <size>0x22</size>
         <input_file_ref idref="fl-18"/>
      </object_component>
      <object_component id="oc-661">
         <name>.const:GPIO_PORT_TO_BASE</name>
         <load_address>0xbe12</load_address>
         <run_address>0xbe12</run_address>
         <size>0x1c</size>
         <input_file_ref idref="fl-2c"/>
      </object_component>
      <object_component id="oc-6c4">
         <name>.const:.string</name>
         <load_address>0xbe2e</load_address>
         <run_address>0xbe2e</run_address>
         <size>0x1a</size>
         <input_file_ref idref="fl-17"/>
      </object_component>
      <object_component id="oc-703">
         <name>.const:.string</name>
         <load_address>0xbe48</load_address>
         <run_address>0xbe48</run_address>
         <size>0x12</size>
         <input_file_ref idref="fl-16"/>
      </object_component>
      <object_component id="oc-5c2">
         <name>.const:.string</name>
         <load_address>0xbe5a</load_address>
         <run_address>0xbe5a</run_address>
         <size>0x12</size>
         <input_file_ref idref="fl-14"/>
      </object_component>
      <object_component id="oc-6ef">
         <name>.const:.string</name>
         <load_address>0xbe6c</load_address>
         <run_address>0xbe6c</run_address>
         <size>0x12</size>
         <input_file_ref idref="fl-1c"/>
      </object_component>
      <object_component id="oc-6a5">
         <name>.const:.string</name>
         <load_address>0xbe7e</load_address>
         <run_address>0xbe7e</run_address>
         <size>0x10</size>
         <input_file_ref idref="fl-19"/>
      </object_component>
      <object_component id="oc-c2e">
         <name>.const:xHelpCommand</name>
         <load_address>0xbe8e</load_address>
         <run_address>0xbe8e</run_address>
         <size>0xe</size>
         <input_file_ref idref="fl-11"/>
      </object_component>
      <object_component id="oc-7a2">
         <name>.const:xParameterEcho</name>
         <load_address>0xbe9c</load_address>
         <run_address>0xbe9c</run_address>
         <size>0xe</size>
         <input_file_ref idref="fl-12"/>
      </object_component>
      <object_component id="oc-7a8">
         <name>.const:xQueryHeap</name>
         <load_address>0xbeaa</load_address>
         <run_address>0xbeaa</run_address>
         <size>0xe</size>
         <input_file_ref idref="fl-12"/>
      </object_component>
      <object_component id="oc-7a5">
         <name>.const:xRunTimeStats</name>
         <load_address>0xbeb8</load_address>
         <run_address>0xbeb8</run_address>
         <size>0xe</size>
         <input_file_ref idref="fl-12"/>
      </object_component>
      <object_component id="oc-796">
         <name>.const:xTaskStats</name>
         <load_address>0xbec6</load_address>
         <run_address>0xbec6</run_address>
         <size>0xe</size>
         <input_file_ref idref="fl-12"/>
      </object_component>
      <object_component id="oc-79f">
         <name>.const:xThreeParameterEcho</name>
         <load_address>0xbed4</load_address>
         <run_address>0xbed4</run_address>
         <size>0xe</size>
         <input_file_ref idref="fl-12"/>
      </object_component>
      <object_component id="oc-6bc">
         <name>.const:.string</name>
         <load_address>0xbee2</load_address>
         <run_address>0xbee2</run_address>
         <size>0xc</size>
         <input_file_ref idref="fl-1a"/>
      </object_component>
      <object_component id="oc-9d3">
         <name>.const</name>
         <load_address>0xbeee</load_address>
         <run_address>0xbeee</run_address>
         <size>0xc</size>
         <input_file_ref idref="fl-13"/>
      </object_component>
      <object_component id="oc-c90">
         <name>.const:.string</name>
         <load_address>0xbefa</load_address>
         <run_address>0xbefa</run_address>
         <size>0x8</size>
         <input_file_ref idref="fl-4"/>
      </object_component>
      <object_component id="oc-a1a">
         <name>.const:.string</name>
         <load_address>0xbf02</load_address>
         <run_address>0xbf02</run_address>
         <size>0x8</size>
         <input_file_ref idref="fl-d"/>
      </object_component>
      <object_component id="oc-944">
         <name>.const</name>
         <load_address>0xbf0a</load_address>
         <run_address>0xbf0a</run_address>
         <size>0x4</size>
         <input_file_ref idref="fl-10"/>
      </object_component>
      <object_component id="oc-983">
         <name>.const:usPins</name>
         <load_address>0xbf0e</load_address>
         <run_address>0xbf0e</run_address>
         <size>0x4</size>
         <input_file_ref idref="fl-2"/>
      </object_component>
      <object_component id="oc-980">
         <name>.const:.string:ucPorts</name>
         <load_address>0xbf12</load_address>
         <run_address>0xbf12</run_address>
         <size>0x2</size>
         <input_file_ref idref="fl-2"/>
      </object_component>
      <object_component id="oc-425">
         <name>.text:_isr:prvUSCI_A0_ISR</name>
         <load_address>0x8400</load_address>
         <run_address>0x8400</run_address>
         <size>0x6a</size>
         <input_file_ref idref="fl-15"/>
      </object_component>
      <object_component id="oc-b4">
         <name>.text:_isr:_c_int00_noargs_noexit</name>
         <load_address>0x846a</load_address>
         <run_address>0x846a</run_address>
         <size>0x1a</size>
         <input_file_ref idref="fl-86"/>
      </object_component>
      <object_component id="oc-419">
         <name>.text:_isr:v4RunTimeStatsTimerOverflow</name>
         <load_address>0x8484</load_address>
         <run_address>0x8484</run_address>
         <size>0x14</size>
         <input_file_ref idref="fl-14"/>
      </object_component>
      <object_component id="oc-41f">
         <name>.text:_isr:vTickISREntry</name>
         <load_address>0x8498</load_address>
         <run_address>0x8498</run_address>
         <size>0x10</size>
         <input_file_ref idref="fl-e"/>
      </object_component>
      <object_component id="oc-414">
         <name>.text:_isr:__TI_ISR_TRAP</name>
         <load_address>0x84a8</load_address>
         <run_address>0x84a8</run_address>
         <size>0x8</size>
         <input_file_ref idref="fl-5e"/>
      </object_component>
      <object_component id="oc-766">
         <name>.text:vTaskDelayUntil</name>
         <load_address>0x84b0</load_address>
         <run_address>0x84b0</run_address>
         <size>0xb0</size>
         <input_file_ref idref="fl-c"/>
      </object_component>
      <object_component id="oc-5b0">
         <name>.text:vStartEventGroupTasks</name>
         <load_address>0x8560</load_address>
         <run_address>0x8560</run_address>
         <size>0xae</size>
         <input_file_ref idref="fl-16"/>
      </object_component>
      <object_component id="oc-aa8">
         <name>.text:vTaskPriorityDisinheritAfterTimeout</name>
         <load_address>0x860e</load_address>
         <run_address>0x860e</run_address>
         <size>0xae</size>
         <input_file_ref idref="fl-c"/>
      </object_component>
      <object_component id="oc-a9c">
         <name>.text:xTaskPriorityInherit</name>
         <load_address>0x86bc</load_address>
         <run_address>0x86bc</run_address>
         <size>0xae</size>
         <input_file_ref idref="fl-c"/>
      </object_component>
      <object_component id="oc-a48">
         <name>.text:xQueueGenericReset</name>
         <load_address>0x876a</load_address>
         <run_address>0x876a</run_address>
         <size>0xaa</size>
         <input_file_ref idref="fl-a"/>
      </object_component>
      <object_component id="oc-9a8">
         <name>.text:prvParameterEchoCommand</name>
         <load_address>0x8814</load_address>
         <run_address>0x8814</run_address>
         <size>0xa8</size>
         <input_file_ref idref="fl-12"/>
      </object_component>
      <object_component id="oc-438">
         <name>.text:_auto_init_hold_wdt</name>
         <load_address>0x88bc</load_address>
         <run_address>0x88bc</run_address>
         <size>0xa6</size>
         <input_file_ref idref="fl-84"/>
      </object_component>
      <object_component id="oc-484">
         <name>.text</name>
         <load_address>0x8962</load_address>
         <run_address>0x8962</run_address>
         <size>0xa6</size>
         <input_file_ref idref="fl-f"/>
      </object_component>
      <object_component id="oc-5cf">
         <name>.text:prvCheckTask</name>
         <load_address>0x8a08</load_address>
         <run_address>0x8a08</run_address>
         <size>0xa6</size>
         <input_file_ref idref="fl-14"/>
      </object_component>
      <object_component id="oc-ca5">
         <name>.text:prvSwitchTimerLists</name>
         <load_address>0x8aae</load_address>
         <run_address>0x8aae</run_address>
         <size>0xa6</size>
         <input_file_ref idref="fl-d"/>
      </object_component>
      <object_component id="oc-758">
         <name>.text:prvAddNewTaskToReadyList</name>
         <load_address>0x8b54</load_address>
         <run_address>0x8b54</run_address>
         <size>0xa2</size>
         <input_file_ref idref="fl-c"/>
      </object_component>
      <object_component id="oc-7e8">
         <name>.text:vPeriodicEventGroupsProcessing</name>
         <load_address>0x8bf6</load_address>
         <run_address>0x8bf6</run_address>
         <size>0xa2</size>
         <input_file_ref idref="fl-16"/>
      </object_component>
      <object_component id="oc-5a4">
         <name>.text:vStartGenericQueueTasks</name>
         <load_address>0x8c98</load_address>
         <run_address>0x8c98</run_address>
         <size>0xa2</size>
         <input_file_ref idref="fl-17"/>
      </object_component>
      <object_component id="oc-a74">
         <name>.text:prvUnlockQueue</name>
         <load_address>0x8d3a</load_address>
         <run_address>0x8d3a</run_address>
         <size>0xa0</size>
         <input_file_ref idref="fl-a"/>
      </object_component>
      <object_component id="oc-515">
         <name>.text:prvCopyDataToQueue</name>
         <load_address>0x8dda</load_address>
         <run_address>0x8dda</run_address>
         <size>0x9e</size>
         <input_file_ref idref="fl-a"/>
      </object_component>
      <object_component id="oc-a40">
         <name>.text:vTaskNotifyGiveFromISR</name>
         <load_address>0x8e78</load_address>
         <run_address>0x8e78</run_address>
         <size>0x9e</size>
         <input_file_ref idref="fl-c"/>
      </object_component>
      <object_component id="oc-a6e">
         <name>.text:xTaskCheckForTimeOut</name>
         <load_address>0x8f16</load_address>
         <run_address>0x8f16</run_address>
         <size>0x9e</size>
         <input_file_ref idref="fl-c"/>
      </object_component>
      <object_component id="oc-73f">
         <name>.text:vTaskDelete</name>
         <load_address>0x8fb4</load_address>
         <run_address>0x8fb4</run_address>
         <size>0x9c</size>
         <input_file_ref idref="fl-c"/>
      </object_component>
      <object_component id="oc-cb4">
         <name>.text:vTaskGetInfo</name>
         <load_address>0x9050</load_address>
         <run_address>0x9050</run_address>
         <size>0x9c</size>
         <input_file_ref idref="fl-c"/>
      </object_component>
      <object_component id="oc-c71">
         <name>.text:prvListTasksWithinSingleList</name>
         <load_address>0x90ec</load_address>
         <run_address>0x90ec</run_address>
         <size>0x9a</size>
         <input_file_ref idref="fl-c"/>
      </object_component>
      <object_component id="oc-704">
         <name>.text:prvTestMasterTask</name>
         <load_address>0x9186</load_address>
         <run_address>0x9186</run_address>
         <size>0x9a</size>
         <input_file_ref idref="fl-16"/>
      </object_component>
      <object_component id="oc-6e9">
         <name>.text:prvRecursiveMutexControllingTask</name>
         <load_address>0x9220</load_address>
         <run_address>0x9220</run_address>
         <size>0x92</size>
         <input_file_ref idref="fl-1c"/>
      </object_component>
      <object_component id="oc-74c">
         <name>.text:vPortFree</name>
         <load_address>0x92b2</load_address>
         <run_address>0x92b2</run_address>
         <size>0x92</size>
         <input_file_ref idref="fl-10"/>
      </object_component>
      <object_component id="oc-4df">
         <name>.text:main_full</name>
         <load_address>0x9344</load_address>
         <run_address>0x9344</run_address>
         <size>0x90</size>
         <input_file_ref idref="fl-14"/>
      </object_component>
      <object_component id="oc-974">
         <name>.text:prvAddCurrentTaskToDelayedList</name>
         <load_address>0x93d4</load_address>
         <run_address>0x93d4</run_address>
         <size>0x90</size>
         <input_file_ref idref="fl-c"/>
      </object_component>
      <object_component id="oc-637">
         <name>.text:xTaskPriorityDisinherit</name>
         <load_address>0x9464</load_address>
         <run_address>0x9464</run_address>
         <size>0x90</size>
         <input_file_ref idref="fl-c"/>
      </object_component>
      <object_component id="oc-91d">
         <name>.text:xTimerGenericCommand</name>
         <load_address>0x94f4</load_address>
         <run_address>0x94f4</run_address>
         <size>0x8e</size>
         <input_file_ref idref="fl-d"/>
      </object_component>
      <object_component id="oc-81d">
         <name>.text:vTaskResume</name>
         <load_address>0x9582</load_address>
         <run_address>0x9582</run_address>
         <size>0x8c</size>
         <input_file_ref idref="fl-c"/>
      </object_component>
      <object_component id="oc-5c3">
         <name>.text:xTaskCreate</name>
         <load_address>0x960e</load_address>
         <run_address>0x960e</run_address>
         <size>0x8a</size>
         <input_file_ref idref="fl-c"/>
      </object_component>
      <object_component id="oc-861">
         <name>.text:prvDecrementSemaphoreCount</name>
         <load_address>0x9698</load_address>
         <run_address>0x9698</run_address>
         <size>0x88</size>
         <input_file_ref idref="fl-1a"/>
      </object_component>
      <object_component id="oc-b05">
         <name>.text:prvSuspendedTaskTimerTestCallback</name>
         <load_address>0x9720</load_address>
         <run_address>0x9720</run_address>
         <size>0x88</size>
         <input_file_ref idref="fl-18"/>
      </object_component>
      <object_component id="oc-59e">
         <name>.text:vStartCountingSemaphoreTasks</name>
         <load_address>0x97a8</load_address>
         <run_address>0x97a8</run_address>
         <size>0x86</size>
         <input_file_ref idref="fl-1a"/>
      </object_component>
      <object_component id="oc-51b">
         <name>.text:xTaskRemoveFromEventList</name>
         <load_address>0x982e</load_address>
         <run_address>0x982e</run_address>
         <size>0x86</size>
         <input_file_ref idref="fl-c"/>
      </object_component>
      <object_component id="oc-c5f">
         <name>.text:prvProcessExpiredTimer</name>
         <load_address>0x98b4</load_address>
         <run_address>0x98b4</run_address>
         <size>0x84</size>
         <input_file_ref idref="fl-d"/>
      </object_component>
      <object_component id="oc-48d">
         <name>.text:xQueueGenericSendFromISR</name>
         <load_address>0x9938</load_address>
         <run_address>0x9938</run_address>
         <size>0x82</size>
         <input_file_ref idref="fl-a"/>
      </object_component>
      <object_component id="oc-ae1">
         <name>.text:vTaskRemoveFromUnorderedEventList</name>
         <load_address>0x99ba</load_address>
         <run_address>0x99ba</run_address>
         <size>0x7c</size>
         <input_file_ref idref="fl-c"/>
      </object_component>
      <object_component id="oc-823">
         <name>.text:eTaskGetState</name>
         <load_address>0x9a36</load_address>
         <run_address>0x9a36</run_address>
         <size>0x7a</size>
         <input_file_ref idref="fl-c"/>
      </object_component>
      <object_component id="oc-c84">
         <name>.text:prints</name>
         <load_address>0x9ab0</load_address>
         <run_address>0x9ab0</run_address>
         <size>0x7a</size>
         <input_file_ref idref="fl-4"/>
      </object_component>
      <object_component id="oc-c66">
         <name>.text:prvInsertTimerInActiveList</name>
         <load_address>0x9b2a</load_address>
         <run_address>0x9b2a</run_address>
         <size>0x7a</size>
         <input_file_ref idref="fl-d"/>
      </object_component>
      <object_component id="oc-bd4">
         <name>.text:prvProcessTimerOrBlockTask</name>
         <load_address>0x9ba4</load_address>
         <run_address>0x9ba4</run_address>
         <size>0x7a</size>
         <input_file_ref idref="fl-d"/>
      </object_component>
      <object_component id="oc-9cd">
         <name>.text:xSerialPortInitMinimal</name>
         <load_address>0x9c1e</load_address>
         <run_address>0x9c1e</run_address>
         <size>0x7a</size>
         <input_file_ref idref="fl-15"/>
      </object_component>
      <object_component id="oc-71">
         <name>.text:decompress:lzss:__TI_decompress_lzss</name>
         <load_address>0x9c98</load_address>
         <run_address>0x9c98</run_address>
         <size>0x76</size>
         <input_file_ref idref="fl-5b"/>
      </object_component>
      <object_component id="oc-870">
         <name>.text:prvIncrementSemaphoreCount</name>
         <load_address>0x9d0e</load_address>
         <run_address>0x9d0e</run_address>
         <size>0x76</size>
         <input_file_ref idref="fl-1a"/>
      </object_component>
      <object_component id="oc-5aa">
         <name>.text:vStartRecursiveMutexTasks</name>
         <load_address>0x9d84</load_address>
         <run_address>0x9d84</run_address>
         <size>0x74</size>
         <input_file_ref idref="fl-1c"/>
      </object_component>
      <object_component id="oc-567">
         <name>.text:GPIO_setAsPeripheralModuleFunctionInputPin</name>
         <load_address>0x9df8</load_address>
         <run_address>0x9df8</run_address>
         <size>0x72</size>
         <input_file_ref idref="fl-2c"/>
      </object_component>
      <object_component id="oc-56d">
         <name>.text:GPIO_setAsPeripheralModuleFunctionOutputPin</name>
         <load_address>0x9e6a</load_address>
         <run_address>0x9e6a</run_address>
         <size>0x72</size>
         <input_file_ref idref="fl-2c"/>
      </object_component>
      <object_component id="oc-94a">
         <name>.text:prvInsertBlockIntoFreeList</name>
         <load_address>0x9edc</load_address>
         <run_address>0x9edc</run_address>
         <size>0x72</size>
         <input_file_ref idref="fl-10"/>
      </object_component>
      <object_component id="oc-9b0">
         <name>.text:prvRunTimeStatsCommand</name>
         <load_address>0x9f4e</load_address>
         <run_address>0x9f4e</run_address>
         <size>0x72</size>
         <input_file_ref idref="fl-12"/>
      </object_component>
      <object_component id="oc-98e">
         <name>.text:prvTaskStatsCommand</name>
         <load_address>0x9fc0</load_address>
         <run_address>0x9fc0</run_address>
         <size>0x72</size>
         <input_file_ref idref="fl-12"/>
      </object_component>
      <object_component id="oc-493">
         <name>.text:xQueueReceiveFromISR</name>
         <load_address>0xa032</load_address>
         <run_address>0xa032</run_address>
         <size>0x70</size>
         <input_file_ref idref="fl-a"/>
      </object_component>
      <object_component id="oc-799">
         <name>.text:FreeRTOS_CLIRegisterCommand</name>
         <load_address>0xa0a2</load_address>
         <run_address>0xa0a2</run_address>
         <size>0x68</size>
         <input_file_ref idref="fl-11"/>
      </object_component>
      <object_component id="oc-57f">
         <name>.text:CS_initClockSignal</name>
         <load_address>0xa10a</load_address>
         <run_address>0xa10a</run_address>
         <size>0x66</size>
         <input_file_ref idref="fl-24"/>
      </object_component>
      <object_component id="oc-4ad">
         <name>.text:copy_in</name>
         <load_address>0xa170</load_address>
         <run_address>0xa170</run_address>
         <size>0x66</size>
         <input_file_ref idref="fl-8c"/>
      </object_component>
      <object_component id="oc-96c">
         <name>.text:prvInitialiseTaskLists</name>
         <load_address>0xa1d6</load_address>
         <run_address>0xa1d6</run_address>
         <size>0x62</size>
         <input_file_ref idref="fl-c"/>
      </object_component>
      <object_component id="oc-5dd">
         <name>.text:vTaskStartScheduler</name>
         <load_address>0xa238</load_address>
         <run_address>0xa238</run_address>
         <size>0x60</size>
         <input_file_ref idref="fl-c"/>
      </object_component>
      <object_component id="oc-b6d">
         <name>.text:FreeRTOS_CLIGetParameter</name>
         <load_address>0xa298</load_address>
         <run_address>0xa298</run_address>
         <size>0x5e</size>
         <input_file_ref idref="fl-11"/>
      </object_component>
      <object_component id="oc-78a">
         <name>.text:xAreEventGroupTasksStillRunning</name>
         <load_address>0xa2f6</load_address>
         <run_address>0xa2f6</run_address>
         <size>0x5e</size>
         <input_file_ref idref="fl-16"/>
      </object_component>
      <object_component id="oc-78d">
         <name>.text:xAreTaskNotificationTasksStillRunning</name>
         <load_address>0xa354</load_address>
         <run_address>0xa354</run_address>
         <size>0x5e</size>
         <input_file_ref idref="fl-18"/>
      </object_component>
      <object_component id="oc-8c7">
         <name>.text:xEventGroupClearBits</name>
         <load_address>0xa3b2</load_address>
         <run_address>0xa3b2</run_address>
         <size>0x5e</size>
         <input_file_ref idref="fl-8"/>
      </object_component>
      <object_component id="oc-598">
         <name>.text:vCreateBlockTimeTasks</name>
         <load_address>0xa410</load_address>
         <run_address>0xa410</run_address>
         <size>0x5c</size>
         <input_file_ref idref="fl-19"/>
      </object_component>
      <object_component id="oc-a08">
         <name>.text:prvCheckForValidListAndQueue</name>
         <load_address>0xa46c</load_address>
         <run_address>0xa46c</run_address>
         <size>0x5a</size>
         <input_file_ref idref="fl-d"/>
      </object_component>
      <object_component id="oc-6f0">
         <name>.text:prvRecursiveMutexBlockingTask</name>
         <load_address>0xa4c6</load_address>
         <run_address>0xa4c6</run_address>
         <size>0x5a</size>
         <input_file_ref idref="fl-1c"/>
      </object_component>
      <object_component id="oc-c27">
         <name>.text:prvWriteNameToBuffer</name>
         <load_address>0xa520</load_address>
         <run_address>0xa520</run_address>
         <size>0x58</size>
         <input_file_ref idref="fl-c"/>
      </object_component>
      <object_component id="oc-918">
         <name>.text</name>
         <load_address>0xa578</load_address>
         <run_address>0xa578</run_address>
         <size>0x58</size>
         <input_file_ref idref="fl-78"/>
      </object_component>
      <object_component id="oc-695">
         <name>.text:vQueueReceiveWhenSuspendedTask</name>
         <load_address>0xa5d0</load_address>
         <run_address>0xa5d0</run_address>
         <size>0x58</size>
         <input_file_ref idref="fl-1b"/>
      </object_component>
      <object_component id="oc-670">
         <name>.text:xQueueGenericCreate</name>
         <load_address>0xa628</load_address>
         <run_address>0xa628</run_address>
         <size>0x58</size>
         <input_file_ref idref="fl-a"/>
      </object_component>
      <object_component id="oc-b09">
         <name>.text:prvInitialiseNewTimer</name>
         <load_address>0xa680</load_address>
         <run_address>0xa680</run_address>
         <size>0x56</size>
         <input_file_ref idref="fl-d"/>
      </object_component>
      <object_component id="oc-b3b">
         <name>.text:vListInsert</name>
         <load_address>0xa6d6</load_address>
         <run_address>0xa6d6</run_address>
         <size>0x54</size>
         <input_file_ref idref="fl-9"/>
      </object_component>
      <object_component id="oc-ad3">
         <name>.text:vTaskPlaceOnUnorderedEventList</name>
         <load_address>0xa72a</load_address>
         <run_address>0xa72a</run_address>
         <size>0x52</size>
         <input_file_ref idref="fl-c"/>
      </object_component>
      <object_component id="oc-9fb">
         <name>.text:prvCheckTasksWaitingTermination</name>
         <load_address>0xa77c</load_address>
         <run_address>0xa77c</run_address>
         <size>0x50</size>
         <input_file_ref idref="fl-c"/>
      </object_component>
      <object_component id="oc-8f1">
         <name>.text:prvSelectiveBitsTestSlaveFunction</name>
         <load_address>0xa7cc</load_address>
         <run_address>0xa7cc</run_address>
         <size>0x50</size>
         <input_file_ref idref="fl-16"/>
      </object_component>
      <object_component id="oc-67c">
         <name>.text:vContinuousIncrementTask</name>
         <load_address>0xa81c</load_address>
         <run_address>0xa81c</run_address>
         <size>0x50</size>
         <input_file_ref idref="fl-1b"/>
      </object_component>
      <object_component id="oc-bb6">
         <name>.text:strncpy</name>
         <load_address>0xa86c</load_address>
         <run_address>0xa86c</run_address>
         <size>0x4e</size>
         <input_file_ref idref="fl-93"/>
      </object_component>
      <object_component id="oc-c59">
         <name>.text:vQueueWaitForMessageRestricted</name>
         <load_address>0xa8ba</load_address>
         <run_address>0xa8ba</run_address>
         <size>0x4e</size>
         <input_file_ref idref="fl-a"/>
      </object_component>
      <object_component id="oc-778">
         <name>.text:xAreGenericQueueTasksStillRunning</name>
         <load_address>0xa908</load_address>
         <run_address>0xa908</run_address>
         <size>0x4c</size>
         <input_file_ref idref="fl-17"/>
      </object_component>
      <object_component id="oc-7be">
         <name>.text:xTimerCreateTimerTask</name>
         <load_address>0xa954</load_address>
         <run_address>0xa954</run_address>
         <size>0x4c</size>
         <input_file_ref idref="fl-d"/>
      </object_component>
      <object_component id="oc-8e1">
         <name>.text:vEventGroupDelete</name>
         <load_address>0xa9a0</load_address>
         <run_address>0xa9a0</run_address>
         <size>0x4a</size>
         <input_file_ref idref="fl-8"/>
      </object_component>
      <object_component id="oc-77e">
         <name>.text:xAreRecursiveMutexTasksStillRunning</name>
         <load_address>0xa9ea</load_address>
         <run_address>0xa9ea</run_address>
         <size>0x4a</size>
         <input_file_ref idref="fl-1c"/>
      </object_component>
      <object_component id="oc-6da">
         <name>.text:prvHighPriorityMutexTask</name>
         <load_address>0xaa34</load_address>
         <run_address>0xaa34</run_address>
         <size>0x48</size>
         <input_file_ref idref="fl-17"/>
      </object_component>
      <object_component id="oc-5d7">
         <name>.text:vUARTCommandConsoleStart</name>
         <load_address>0xaa7c</load_address>
         <run_address>0xaa7c</run_address>
         <size>0x48</size>
         <input_file_ref idref="fl-13"/>
      </object_component>
      <object_component id="oc-912">
         <name>.text:xTimerCreate</name>
         <load_address>0xaac4</load_address>
         <run_address>0xaac4</run_address>
         <size>0x48</size>
         <input_file_ref idref="fl-d"/>
      </object_component>
      <object_component id="oc-6b6">
         <name>.text:prvCountingSemaphoreTask</name>
         <load_address>0xab0c</load_address>
         <run_address>0xab0c</run_address>
         <size>0x46</size>
         <input_file_ref idref="fl-1a"/>
      </object_component>
      <object_component id="oc-8a2">
         <name>.text:xQueueGiveMutexRecursive</name>
         <load_address>0xab52</load_address>
         <run_address>0xab52</run_address>
         <size>0x46</size>
         <input_file_ref idref="fl-a"/>
      </object_component>
      <object_component id="oc-90c">
         <name>.text:prvNotifyingTimer</name>
         <load_address>0xab98</load_address>
         <run_address>0xab98</run_address>
         <size>0x44</size>
         <input_file_ref idref="fl-18"/>
      </object_component>
      <object_component id="oc-76c">
         <name>.text:xAreDynamicPriorityTasksStillRunning</name>
         <load_address>0xabdc</load_address>
         <run_address>0xabdc</run_address>
         <size>0x42</size>
         <input_file_ref idref="fl-1b"/>
      </object_component>
      <object_component id="oc-9b8">
         <name>.text:prvQueryHeapCommand</name>
         <load_address>0xac1e</load_address>
         <run_address>0xac1e</run_address>
         <size>0x40</size>
         <input_file_ref idref="fl-12"/>
      </object_component>
      <object_component id="oc-8ab">
         <name>.text:xQueueTakeMutexRecursive</name>
         <load_address>0xac5e</load_address>
         <run_address>0xac5e</run_address>
         <size>0x40</size>
         <input_file_ref idref="fl-a"/>
      </object_component>
      <object_component id="oc-4b3">
         <name>.text:l_asr_const</name>
         <load_address>0xac9e</load_address>
         <run_address>0xac9e</run_address>
         <size>0x3e</size>
         <input_file_ref idref="fl-85"/>
      </object_component>
      <object_component id="oc-b99">
         <name>.text:l_lsr_const</name>
         <load_address>0xacdc</load_address>
         <run_address>0xacdc</run_address>
         <size>0x3e</size>
         <input_file_ref idref="fl-81"/>
      </object_component>
      <object_component id="oc-c79">
         <name>.text:prvHelpCommand</name>
         <load_address>0xad1a</load_address>
         <run_address>0xad1a</run_address>
         <size>0x3e</size>
         <input_file_ref idref="fl-11"/>
      </object_component>
      <object_component id="oc-829">
         <name>.text:vTaskDelay</name>
         <load_address>0xad58</load_address>
         <run_address>0xad58</run_address>
         <size>0x3e</size>
         <input_file_ref idref="fl-c"/>
      </object_component>
      <object_component id="oc-6cb">
         <name>.text:prvLowPriorityMutexTask</name>
         <load_address>0xad96</load_address>
         <run_address>0xad96</run_address>
         <size>0x3c</size>
         <input_file_ref idref="fl-17"/>
      </object_component>
      <object_component id="oc-b79">
         <name>.text:strncat</name>
         <load_address>0xadd2</load_address>
         <run_address>0xadd2</run_address>
         <size>0x3c</size>
         <input_file_ref idref="fl-91"/>
      </object_component>
      <object_component id="oc-68f">
         <name>.text:vQueueSendWhenSuspendedTask</name>
         <load_address>0xae0e</load_address>
         <run_address>0xae0e</run_address>
         <size>0x3c</size>
         <input_file_ref idref="fl-1b"/>
      </object_component>
      <object_component id="oc-585">
         <name>.text:CS_turnOnLFXT</name>
         <load_address>0xae4a</load_address>
         <run_address>0xae4a</run_address>
         <size>0x3a</size>
         <input_file_ref idref="fl-24"/>
      </object_component>
      <object_component id="oc-613">
         <name>.text:uxListRemove</name>
         <load_address>0xae84</load_address>
         <run_address>0xae84</run_address>
         <size>0x3a</size>
         <input_file_ref idref="fl-9"/>
      </object_component>
      <object_component id="oc-9dc">
         <name>.text:vSerialPutString</name>
         <load_address>0xaebe</load_address>
         <run_address>0xaebe</run_address>
         <size>0x3a</size>
         <input_file_ref idref="fl-15"/>
      </object_component>
      <object_component id="oc-cab">
         <name>.text:vTaskPlaceOnEventListRestricted</name>
         <load_address>0xaef8</load_address>
         <run_address>0xaef8</run_address>
         <size>0x3a</size>
         <input_file_ref idref="fl-c"/>
      </object_component>
      <object_component id="oc-c57">
         <name>.text:prvSampleTimeNow</name>
         <load_address>0xaf32</load_address>
         <run_address>0xaf32</run_address>
         <size>0x38</size>
         <input_file_ref idref="fl-d"/>
      </object_component>
      <object_component id="oc-ba9">
         <name>.text:strncmp</name>
         <load_address>0xaf6a</load_address>
         <run_address>0xaf6a</run_address>
         <size>0x38</size>
         <input_file_ref idref="fl-92"/>
      </object_component>
      <object_component id="oc-aff">
         <name>.text:xTaskNotifyStateClear</name>
         <load_address>0xafa2</load_address>
         <run_address>0xafa2</run_address>
         <size>0x38</size>
         <input_file_ref idref="fl-c"/>
      </object_component>
      <object_component id="oc-baf">
         <name>.text:prvGetNumberOfParameters</name>
         <load_address>0xafda</load_address>
         <run_address>0xafda</run_address>
         <size>0x36</size>
         <input_file_ref idref="fl-11"/>
      </object_component>
      <object_component id="oc-561">
         <name>.text:GPIO_setAsOutputPin</name>
         <load_address>0xb010</load_address>
         <run_address>0xb010</run_address>
         <size>0x34</size>
         <input_file_ref idref="fl-2c"/>
      </object_component>
      <object_component id="oc-523">
         <name>.text:prvCopyDataFromQueue</name>
         <load_address>0xb044</load_address>
         <run_address>0xb044</run_address>
         <size>0x34</size>
         <input_file_ref idref="fl-a"/>
      </object_component>
      <object_component id="oc-a57">
         <name>.text:prvTaskIsTaskSuspended</name>
         <load_address>0xb078</load_address>
         <run_address>0xb078</run_address>
         <size>0x32</size>
         <input_file_ref idref="fl-c"/>
      </object_component>
      <object_component id="oc-87a">
         <name>.text:uxQueueMessagesWaiting</name>
         <load_address>0xb0aa</load_address>
         <run_address>0xb0aa</run_address>
         <size>0x32</size>
         <input_file_ref idref="fl-a"/>
      </object_component>
      <object_component id="oc-6ad">
         <name>.text:xQueueCreateCountingSemaphore</name>
         <load_address>0xb0dc</load_address>
         <run_address>0xb0dc</run_address>
         <size>0x32</size>
         <input_file_ref idref="fl-a"/>
      </object_component>
      <object_component id="oc-be7">
         <name>.text:xTimerPendFunctionCallFromISR</name>
         <load_address>0xb10e</load_address>
         <run_address>0xb10e</run_address>
         <size>0x32</size>
         <input_file_ref idref="fl-d"/>
      </object_component>
      <object_component id="oc-acd">
         <name>.text:prvTestWaitCondition</name>
         <load_address>0xb140</load_address>
         <run_address>0xb140</run_address>
         <size>0x30</size>
         <input_file_ref idref="fl-8"/>
      </object_component>
      <object_component id="oc-507">
         <name>.text:vApplicationSetupTimerInterrupt</name>
         <load_address>0xb170</load_address>
         <run_address>0xb170</run_address>
         <size>0x30</size>
         <input_file_ref idref="fl-3"/>
      </object_component>
      <object_component id="oc-5b6">
         <name>.text:vStartTaskNotifyTask</name>
         <load_address>0xb1a0</load_address>
         <run_address>0xb1a0</run_address>
         <size>0x30</size>
         <input_file_ref idref="fl-18"/>
      </object_component>
      <object_component id="oc-a80">
         <name>.text:vTaskPlaceOnEventList</name>
         <load_address>0xb1d0</load_address>
         <run_address>0xb1d0</run_address>
         <size>0x30</size>
         <input_file_ref idref="fl-c"/>
      </object_component>
      <object_component id="oc-784">
         <name>.text:xAreCountingSemaphoreTasksStillRunning</name>
         <load_address>0xb200</load_address>
         <run_address>0xb200</run_address>
         <size>0x30</size>
         <input_file_ref idref="fl-1a"/>
      </object_component>
      <object_component id="oc-bce">
         <name>.text:prvGetNextExpireTime</name>
         <load_address>0xb230</load_address>
         <run_address>0xb230</run_address>
         <size>0x2e</size>
         <input_file_ref idref="fl-d"/>
      </object_component>
      <object_component id="oc-a7a">
         <name>.text:prvIsQueueFull</name>
         <load_address>0xb25e</load_address>
         <run_address>0xb25e</run_address>
         <size>0x2e</size>
         <input_file_ref idref="fl-a"/>
      </object_component>
      <object_component id="oc-733">
         <name>.text:prvRand</name>
         <load_address>0xb28c</load_address>
         <run_address>0xb28c</run_address>
         <size>0x2e</size>
         <input_file_ref idref="fl-18"/>
      </object_component>
      <object_component id="oc-60d">
         <name>.text:prvResetNextTaskUnblockTime</name>
         <load_address>0xb2ba</load_address>
         <run_address>0xb2ba</run_address>
         <size>0x2e</size>
         <input_file_ref idref="fl-c"/>
      </object_component>
      <object_component id="oc-c91">
         <name>.text:printchar</name>
         <load_address>0xb2e8</load_address>
         <run_address>0xb2e8</run_address>
         <size>0x2c</size>
         <input_file_ref idref="fl-4"/>
      </object_component>
      <object_component id="oc-a87">
         <name>.text:prvIsQueueEmpty</name>
         <load_address>0xb314</load_address>
         <run_address>0xb314</run_address>
         <size>0x2c</size>
         <input_file_ref idref="fl-a"/>
      </object_component>
      <object_component id="oc-806">
         <name>.text:uxTaskPriorityGet</name>
         <load_address>0xb340</load_address>
         <run_address>0xb340</run_address>
         <size>0x2c</size>
         <input_file_ref idref="fl-c"/>
      </object_component>
      <object_component id="oc-8f8">
         <name>.text:vListInitialise</name>
         <load_address>0xb36c</load_address>
         <run_address>0xb36c</run_address>
         <size>0x2c</size>
         <input_file_ref idref="fl-9"/>
      </object_component>
      <object_component id="oc-772">
         <name>.text:xAreBlockTimeTestTasksStillRunning</name>
         <load_address>0xb398</load_address>
         <run_address>0xb398</run_address>
         <size>0x2c</size>
         <input_file_ref idref="fl-19"/>
      </object_component>
      <object_component id="oc-407">
         <name>.text:memcpy</name>
         <load_address>0xb3c4</load_address>
         <run_address>0xb3c4</run_address>
         <size>0x2a</size>
         <input_file_ref idref="fl-8d"/>
      </object_component>
      <object_component id="oc-7fb">
         <name>.text:prvInitialiseNewQueue</name>
         <load_address>0xb3ee</load_address>
         <run_address>0xb3ee</run_address>
         <size>0x2a</size>
         <input_file_ref idref="fl-a"/>
      </object_component>
      <object_component id="oc-ad9">
         <name>.text:uxTaskResetEventItemValue</name>
         <load_address>0xb418</load_address>
         <run_address>0xb418</run_address>
         <size>0x2a</size>
         <input_file_ref idref="fl-c"/>
      </object_component>
      <object_component id="oc-683">
         <name>.text:vLimitedIncrementTask</name>
         <load_address>0xb442</load_address>
         <run_address>0xb442</run_address>
         <size>0x2a</size>
         <input_file_ref idref="fl-1b"/>
      </object_component>
      <object_component id="oc-5d1">
         <name>.text:vRegisterSampleCLICommands</name>
         <load_address>0xb46c</load_address>
         <run_address>0xb46c</run_address>
         <size>0x2a</size>
         <input_file_ref idref="fl-12"/>
      </object_component>
      <object_component id="oc-888">
         <name>.text:prvInitialiseMutex</name>
         <load_address>0xb496</load_address>
         <run_address>0xb496</run_address>
         <size>0x28</size>
         <input_file_ref idref="fl-a"/>
      </object_component>
      <object_component id="oc-760">
         <name>.text:xTaskGetTickCount</name>
         <load_address>0xb4be</load_address>
         <run_address>0xb4be</run_address>
         <size>0x28</size>
         <input_file_ref idref="fl-c"/>
      </object_component>
      <object_component id="oc-61c">
         <name>.text:vListInsertEnd</name>
         <load_address>0xb4e6</load_address>
         <run_address>0xb4e6</run_address>
         <size>0x26</size>
         <input_file_ref idref="fl-9"/>
      </object_component>
      <object_component id="oc-719">
         <name>.text:xEventGroupCreate</name>
         <load_address>0xb50c</load_address>
         <run_address>0xb50c</run_address>
         <size>0x26</size>
         <input_file_ref idref="fl-8"/>
      </object_component>
      <object_component id="oc-96">
         <name>.text:decompress:ZI:__TI_zero_init</name>
         <load_address>0xb532</load_address>
         <run_address>0xb532</run_address>
         <size>0x24</size>
         <input_file_ref idref="fl-74"/>
      </object_component>
      <object_component id="oc-965">
         <name>.text:pxPortInitialiseStack</name>
         <load_address>0xb556</load_address>
         <run_address>0xb556</run_address>
         <size>0x24</size>
         <input_file_ref idref="fl-e"/>
      </object_component>
      <object_component id="oc-92a">
         <name>.text</name>
         <load_address>0xb57a</load_address>
         <run_address>0xb57a</run_address>
         <size>0x24</size>
         <input_file_ref idref="fl-7c"/>
      </object_component>
      <object_component id="oc-b73">
         <name>.text:sprintf</name>
         <load_address>0xb59e</load_address>
         <run_address>0xb59e</run_address>
         <size>0x24</size>
         <input_file_ref idref="fl-4"/>
      </object_component>
      <object_component id="oc-cc0">
         <name>.text:prvTaskCheckFreeStackSpace</name>
         <load_address>0xb5c2</load_address>
         <run_address>0xb5c2</run_address>
         <size>0x22</size>
         <input_file_ref idref="fl-c"/>
      </object_component>
      <object_component id="oc-a34">
         <name>.text:xEventGroupSetBitsFromISR</name>
         <load_address>0xb5e4</load_address>
         <run_address>0xb5e4</run_address>
         <size>0x22</size>
         <input_file_ref idref="fl-8"/>
      </object_component>
      <object_component id="oc-9e8">
         <name>.text:xSerialPutChar</name>
         <load_address>0xb606</load_address>
         <run_address>0xb606</run_address>
         <size>0x22</size>
         <input_file_ref idref="fl-15"/>
      </object_component>
      <object_component id="oc-4a6">
         <name>.text:WDT_A_hold</name>
         <load_address>0xb628</load_address>
         <run_address>0xb628</run_address>
         <size>0x20</size>
         <input_file_ref idref="fl-3a"/>
      </object_component>
      <object_component id="oc-959">
         <name>.text:memset</name>
         <load_address>0xb648</load_address>
         <run_address>0xb648</run_address>
         <size>0x20</size>
         <input_file_ref idref="fl-8e"/>
      </object_component>
      <object_component id="oc-a28">
         <name>.text:xEventGroupClearBitsFromISR</name>
         <load_address>0xb668</load_address>
         <run_address>0xb668</run_address>
         <size>0x1e</size>
         <input_file_ref idref="fl-8"/>
      </object_component>
      <object_component id="oc-55b">
         <name>.text:GPIO_setOutputLowOnPin</name>
         <load_address>0xb686</load_address>
         <run_address>0xb686</run_address>
         <size>0x1c</size>
         <input_file_ref idref="fl-2c"/>
      </object_component>
      <object_component id="oc-986">
         <name>.text:GPIO_toggleOutputOnPin</name>
         <load_address>0xb6a2</load_address>
         <run_address>0xb6a2</run_address>
         <size>0x1c</size>
         <input_file_ref idref="fl-2c"/>
      </object_component>
      <object_component id="oc-aae">
         <name>.text:pvTaskIncrementMutexHeldCount</name>
         <load_address>0xb6be</load_address>
         <run_address>0xb6be</run_address>
         <size>0x1c</size>
         <input_file_ref idref="fl-c"/>
      </object_component>
      <object_component id="oc-790">
         <name>.text:vParTestToggleLED</name>
         <load_address>0xb6da</load_address>
         <run_address>0xb6da</run_address>
         <size>0x1a</size>
         <input_file_ref idref="fl-2"/>
      </object_component>
      <object_component id="oc-6c5">
         <name>.text:xQueueCreateMutex</name>
         <load_address>0xb6f4</load_address>
         <run_address>0xb6f4</run_address>
         <size>0x18</size>
         <input_file_ref idref="fl-a"/>
      </object_component>
      <object_component id="oc-9e2">
         <name>.text:xSerialGetChar</name>
         <load_address>0xb70c</load_address>
         <run_address>0xb70c</run_address>
         <size>0x18</size>
         <input_file_ref idref="fl-15"/>
      </object_component>
      <object_component id="oc-a62">
         <name>.text:xTaskGetSchedulerState</name>
         <load_address>0xb724</load_address>
         <run_address>0xb724</run_address>
         <size>0x18</size>
         <input_file_ref idref="fl-c"/>
      </object_component>
      <object_component id="oc-77">
         <name>.text:decompress:none:__TI_decompress_none</name>
         <load_address>0xb73c</load_address>
         <run_address>0xb73c</run_address>
         <size>0x16</size>
         <input_file_ref idref="fl-5c"/>
      </object_component>
      <object_component id="oc-931">
         <name>.text:prvDeleteTCB</name>
         <load_address>0xb752</load_address>
         <run_address>0xb752</run_address>
         <size>0x16</size>
         <input_file_ref idref="fl-c"/>
      </object_component>
      <object_component id="oc-aa2">
         <name>.text:prvGetDisinheritPriorityAfterTimeout</name>
         <load_address>0xb768</load_address>
         <run_address>0xb768</run_address>
         <size>0x16</size>
         <input_file_ref idref="fl-a"/>
      </object_component>
      <object_component id="oc-7b7">
         <name>.text:prvIdleTask</name>
         <load_address>0xb77e</load_address>
         <run_address>0xb77e</run_address>
         <size>0x16</size>
         <input_file_ref idref="fl-c"/>
      </object_component>
      <object_component id="oc-a14">
         <name>.text:prvTimerTask</name>
         <load_address>0xb794</load_address>
         <run_address>0xb794</run_address>
         <size>0x16</size>
         <input_file_ref idref="fl-d"/>
      </object_component>
      <object_component id="oc-630">
         <name>.text</name>
         <load_address>0xb7aa</load_address>
         <run_address>0xb7aa</run_address>
         <size>0x16</size>
         <input_file_ref idref="fl-77"/>
      </object_component>
      <object_component id="oc-a68">
         <name>.text:vTaskInternalSetTimeOutState</name>
         <load_address>0xb7c0</load_address>
         <run_address>0xb7c0</run_address>
         <size>0x14</size>
         <input_file_ref idref="fl-c"/>
      </object_component>
      <object_component id="oc-573">
         <name>.text:CS_setDCOFreq</name>
         <load_address>0xb7d4</load_address>
         <run_address>0xb7d4</run_address>
         <size>0x12</size>
         <input_file_ref idref="fl-24"/>
      </object_component>
      <object_component id="oc-579">
         <name>.text:CS_setExternalClockSource</name>
         <load_address>0xb7e6</load_address>
         <run_address>0xb7e6</run_address>
         <size>0x12</size>
         <input_file_ref idref="fl-24"/>
      </object_component>
      <object_component id="oc-6d4">
         <name>.text:prvMediumPriorityMutexTask</name>
         <load_address>0xb7f8</load_address>
         <run_address>0xb7f8</run_address>
         <size>0x12</size>
         <input_file_ref idref="fl-17"/>
      </object_component>
      <object_component id="oc-5bc">
         <name>.text:prvRegTestTaskEntry1</name>
         <load_address>0xb80a</load_address>
         <run_address>0xb80a</run_address>
         <size>0x12</size>
         <input_file_ref idref="fl-14"/>
      </object_component>
      <object_component id="oc-5c9">
         <name>.text:prvRegTestTaskEntry2</name>
         <load_address>0xb81c</load_address>
         <run_address>0xb81c</run_address>
         <size>0x12</size>
         <input_file_ref idref="fl-14"/>
      </object_component>
      <object_component id="oc-9f0">
         <name>.text:strcpy</name>
         <load_address>0xb82e</load_address>
         <run_address>0xb82e</run_address>
         <size>0x12</size>
         <input_file_ref idref="fl-8f"/>
      </object_component>
      <object_component id="oc-9d6">
         <name>.text:strlen</name>
         <load_address>0xb840</load_address>
         <run_address>0xb840</run_address>
         <size>0x12</size>
         <input_file_ref idref="fl-90"/>
      </object_component>
      <object_component id="oc-7c4">
         <name>.text:vConfigureTimerForRunTimeStats</name>
         <load_address>0xb852</load_address>
         <run_address>0xb852</run_address>
         <size>0x10</size>
         <input_file_ref idref="fl-14"/>
      </object_component>
      <object_component id="oc-432">
         <name>.text:_system_pre_init</name>
         <load_address>0xb862</load_address>
         <run_address>0xb862</run_address>
         <size>0xc</size>
         <input_file_ref idref="fl-3"/>
      </object_component>
      <object_component id="oc-452">
         <name>.text:main</name>
         <load_address>0xb86e</load_address>
         <run_address>0xb86e</run_address>
         <size>0xc</size>
         <input_file_ref idref="fl-3"/>
      </object_component>
      <object_component id="oc-a01">
         <name>.text:vApplicationIdleHook</name>
         <load_address>0xb87a</load_address>
         <run_address>0xb87a</run_address>
         <size>0xc</size>
         <input_file_ref idref="fl-3"/>
      </object_component>
      <object_component id="oc-853">
         <name>.text</name>
         <load_address>0xb886</load_address>
         <run_address>0xb886</run_address>
         <size>0xa</size>
         <input_file_ref idref="fl-80"/>
      </object_component>
      <object_component id="oc-950">
         <name>.text:vApplicationMallocFailedHook</name>
         <load_address>0xb890</load_address>
         <run_address>0xb890</run_address>
         <size>0xa</size>
[...]
         <name>cOutputBuffer</name>
         <value>0x7c00</value>
         <object_component_ref idref="oc-b95"/>
      </symbol>
      <symbol id="sm-d04">
         <name>main_full</name>
         <value>0x9344</value>
         <object_component_ref idref="oc-4df"/>
      </symbol>
      <symbol id="sm-d05">
         <name>v4RunTimeStatsTimerOverflow</name>
         <value>0x8484</value>
         <object_component_ref idref="oc-419"/>
      </symbol>
      <symbol id="sm-d06">
         <name>__TI_int40</name>
         <value>0xffe0</value>
         <object_component_ref idref="oc-87"/>
      </symbol>
      <symbol id="sm-d07">
         <name>usRegTest2LoopCounter</name>
         <value>0x1e72</value>
         <object_component_ref idref="oc-47d"/>
      </symbol>
      <symbol id="sm-d08">
         <name>usRegTest1LoopCounter</name>
         <value>0x1e70</value>
         <object_component_ref idref="oc-47d"/>
      </symbol>
      <symbol id="sm-d09">
         <name>vConfigureTimerForRunTimeStats</name>
         <value>0xb852</value>
         <object_component_ref idref="oc-7c4"/>
      </symbol>
      <symbol id="sm-d0a">
         <name>ulRunTimeCounterOverflows</name>
         <value>0x1e74</value>
         <object_component_ref idref="oc-47d"/>
      </symbol>
      <symbol id="sm-d44">
         <name>__TI_int48</name>
         <value>0xfff0</value>
         <object_component_ref idref="oc-8f"/>
      </symbol>
      <symbol id="sm-d45">
         <name>xSerialPutChar</name>
         <value>0xb606</value>
         <object_component_ref idref="oc-9e8"/>
      </symbol>
      <symbol id="sm-d46">
         <name>xSerialGetChar</name>
         <value>0xb70c</value>
         <object_component_ref idref="oc-9e2"/>
      </symbol>
      <symbol id="sm-d47">
         <name>prvUSCI_A0_ISR</name>
         <value>0x8400</value>
         <object_component_ref idref="oc-425"/>
      </symbol>
      <symbol id="sm-d48">
         <name>xSerialPortInitMinimal</name>
         <value>0x9c1e</value>
         <object_component_ref idref="oc-9cd"/>
      </symbol>
      <symbol id="sm-d49">
         <name>vSerialPutString</name>
         <value>0xaebe</value>
         <object_component_ref idref="oc-9dc"/>
      </symbol>
      <symbol id="sm-e24">
         <name>vPeriodicEventGroupsProcessing</name>
         <value>0x8bf6</value>
         <object_component_ref idref="oc-7e8"/>
      </symbol>
      <symbol id="sm-e25">
         <name>vStartEventGroupTasks</name>
         <value>0x8560</value>
         <object_component_ref idref="oc-5b0"/>
      </symbol>
      <symbol id="sm-e26">
         <name>xAreEventGroupTasksStillRunning</name>
         <value>0xa2f6</value>
         <object_component_ref idref="oc-78a"/>
      </symbol>
      <symbol id="sm-ed7">
         <name>vStartGenericQueueTasks</name>
         <value>0x8c98</value>
         <object_component_ref idref="oc-5a4"/>
      </symbol>
      <symbol id="sm-ed8">
         <name>xAreGenericQueueTasksStillRunning</name>
         <value>0xa908</value>
         <object_component_ref idref="oc-778"/>
      </symbol>
      <symbol id="sm-fa7">
         <name>vStartTaskNotifyTask</name>
         <value>0xb1a0</value>
         <object_component_ref idref="oc-5b6"/>
      </symbol>
      <symbol id="sm-fa8">
         <name>xNotifyTaskFromISR</name>
         <value>0x13e82</value>
         <object_component_ref idref="oc-7eb"/>
      </symbol>
      <symbol id="sm-fa9">
         <name>xAreTaskNotificationTasksStillRunning</name>
         <value>0xa354</value>
         <object_component_ref idref="oc-78d"/>
      </symbol>
      <symbol id="sm-1025">
         <name>xAreBlockTimeTestTasksStillRunning</name>
         <value>0xb398</value>
         <object_component_ref idref="oc-772"/>
      </symbol>
      <symbol id="sm-1026">
         <name>vCreateBlockTimeTasks</name>
         <value>0xa410</value>
         <object_component_ref idref="oc-598"/>
      </symbol>
      <symbol id="sm-1080">
         <name>vStartCountingSemaphoreTasks</name>
         <value>0x97a8</value>
         <object_component_ref idref="oc-59e"/>
      </symbol>
      <symbol id="sm-1081">
         <name>xAreCountingSemaphoreTasksStillRunning</name>
         <value>0xb200</value>
         <object_component_ref idref="oc-784"/>
      </symbol>
      <symbol id="sm-10f7">
         <name>xSuspendedTestQueue</name>
         <value>0x1d96</value>
      </symbol>
      <symbol id="sm-10f8">
         <name>xAreDynamicPriorityTasksStillRunning</name>
         <value>0xabdc</value>
         <object_component_ref idref="oc-76c"/>
      </symbol>
      <symbol id="sm-10f9">
         <name>vStartDynamicPriorityTasks</name>
         <value>0x13dce</value>
         <object_component_ref idref="oc-592"/>
      </symbol>
      <symbol id="sm-1166">
         <name>vStartRecursiveMutexTasks</name>
         <value>0x9d84</value>
         <object_component_ref idref="oc-5aa"/>
      </symbol>
      <symbol id="sm-1167">
         <name>xAreRecursiveMutexTasksStillRunning</name>
         <value>0xa9ea</value>
         <object_component_ref idref="oc-77e"/>
      </symbol>
      <symbol id="sm-1198">
         <name>CS_turnOnLFXT</name>
         <value>0xae4a</value>
         <object_component_ref idref="oc-585"/>
      </symbol>
      <symbol id="sm-1199">
         <name>CS_setDCOFreq</name>
         <value>0xb7d4</value>
         <object_component_ref idref="oc-573"/>
      </symbol>
      <symbol id="sm-119a">
         <name>CS_setExternalClockSource</name>
         <value>0xb7e6</value>
         <object_component_ref idref="oc-579"/>
      </symbol>
      <symbol id="sm-119b">
         <name>CS_initClockSignal</name>
         <value>0xa10a</value>
         <object_component_ref idref="oc-57f"/>
      </symbol>
      <symbol id="sm-11db">
         <name>GPIO_setAsOutputPin</name>
         <value>0xb010</value>
         <object_component_ref idref="oc-561"/>
      </symbol>
      <symbol id="sm-11dc">
         <name>GPIO_setOutputLowOnPin</name>
         <value>0xb686</value>
         <object_component_ref idref="oc-55b"/>
      </symbol>
      <symbol id="sm-11dd">
         <name>GPIO_toggleOutputOnPin</name>
         <value>0xb6a2</value>
         <object_component_ref idref="oc-986"/>
      </symbol>
      <symbol id="sm-11de">
         <name>GPIO_setAsPeripheralModuleFunctionOutputPin</name>
         <value>0x9e6a</value>
         <object_component_ref idref="oc-56d"/>
      </symbol>
      <symbol id="sm-11df">
         <name>GPIO_setAsPeripheralModuleFunctionInputPin</name>
         <value>0x9df8</value>
         <object_component_ref idref="oc-567"/>
      </symbol>
      <symbol id="sm-11eb">
         <name>PMM_unlockLPM5</name>
         <value>0xb8da</value>
         <object_component_ref idref="oc-58b"/>
      </symbol>
      <symbol id="sm-11fd">
         <name>WDT_A_hold</name>
         <value>0xb628</value>
         <object_component_ref idref="oc-4a6"/>
      </symbol>
      <symbol id="sm-121b">
         <name>__TI_decompress_lzss</name>
         <value>0x9c98</value>
         <object_component_ref idref="oc-71"/>
      </symbol>
      <symbol id="sm-1231">
         <name>__TI_decompress_none</name>
         <value>0xb73c</value>
         <object_component_ref idref="oc-77"/>
      </symbol>
      <symbol id="sm-1234">
         <name>__TI_int30</name>
         <value>0xffcc</value>
         <object_component_ref idref="oc-7d"/>
      </symbol>
      <symbol id="sm-123c">
         <name>__TI_ISR_TRAP</name>
         <value>0x84a8</value>
         <object_component_ref idref="oc-414"/>
      </symbol>
      <symbol id="sm-123f">
         <name>__TI_int31</name>
         <value>0xffce</value>
         <object_component_ref idref="oc-7e"/>
      </symbol>
      <symbol id="sm-1242">
         <name>__TI_int32</name>
         <value>0xffd0</value>
         <object_component_ref idref="oc-7f"/>
      </symbol>
      <symbol id="sm-1245">
         <name>__TI_int33</name>
         <value>0xffd2</value>
         <object_component_ref idref="oc-80"/>
      </symbol>
      <symbol id="sm-1248">
         <name>__TI_int34</name>
         <value>0xffd4</value>
         <object_component_ref idref="oc-81"/>
      </symbol>
      <symbol id="sm-124b">
         <name>__TI_int35</name>
         <value>0xffd6</value>
         <object_component_ref idref="oc-82"/>
      </symbol>
      <symbol id="sm-124e">
         <name>__TI_int36</name>
         <value>0xffd8</value>
         <object_component_ref idref="oc-83"/>
      </symbol>
      <symbol id="sm-1251">
         <name>__TI_int37</name>
         <value>0xffda</value>
         <object_component_ref idref="oc-84"/>
      </symbol>
      <symbol id="sm-1254">
         <name>__TI_int38</name>
         <value>0xffdc</value>
         <object_component_ref idref="oc-85"/>
      </symbol>
      <symbol id="sm-1257">
         <name>__TI_int39</name>
         <value>0xffde</value>
         <object_component_ref idref="oc-86"/>
      </symbol>
      <symbol id="sm-125a">
         <name>__TI_int41</name>
         <value>0xffe2</value>
         <object_component_ref idref="oc-88"/>
      </symbol>
      <symbol id="sm-125d">
         <name>__TI_int42</name>
         <value>0xffe4</value>
         <object_component_ref idref="oc-89"/>
      </symbol>
      <symbol id="sm-1260">
         <name>__TI_int43</name>
         <value>0xffe6</value>
         <object_component_ref idref="oc-8a"/>
      </symbol>
      <symbol id="sm-1263">
         <name>__TI_int44</name>
         <value>0xffe8</value>
         <object_component_ref idref="oc-8b"/>
      </symbol>
      <symbol id="sm-1266">
         <name>__TI_int46</name>
         <value>0xffec</value>
         <object_component_ref idref="oc-8d"/>
      </symbol>
      <symbol id="sm-1269">
         <name>__TI_int47</name>
         <value>0xffee</value>
         <object_component_ref idref="oc-8e"/>
      </symbol>
      <symbol id="sm-126c">
         <name>__TI_int49</name>
         <value>0xfff2</value>
         <object_component_ref idref="oc-90"/>
      </symbol>
      <symbol id="sm-126f">
         <name>__TI_int50</name>
         <value>0xfff4</value>
         <object_component_ref idref="oc-91"/>
      </symbol>
      <symbol id="sm-1272">
         <name>__TI_int51</name>
         <value>0xfff6</value>
         <object_component_ref idref="oc-92"/>
      </symbol>
      <symbol id="sm-1275">
         <name>__TI_int52</name>
         <value>0xfff8</value>
         <object_component_ref idref="oc-93"/>
      </symbol>
      <symbol id="sm-1278">
         <name>__TI_int53</name>
         <value>0xfffa</value>
         <object_component_ref idref="oc-94"/>
      </symbol>
      <symbol id="sm-127b">
         <name>__TI_int54</name>
         <value>0xfffc</value>
         <object_component_ref idref="oc-95"/>
      </symbol>
      <symbol id="sm-128e">
         <name>__TI_zero_init</name>
         <value>0xb532</value>
         <object_component_ref idref="oc-96"/>
      </symbol>
      <symbol id="sm-129a">
         <name>__mspabi_remu</name>
         <value>0xb7aa</value>
         <object_component_ref idref="oc-630"/>
      </symbol>
      <symbol id="sm-129b">
         <name>__mspabi_divu</name>
         <value>0xb7aa</value>
         <object_component_ref idref="oc-630"/>
      </symbol>
      <symbol id="sm-12a9">
         <name>__mspabi_remul</name>
         <value>0xa578</value>
         <object_component_ref idref="oc-918"/>
      </symbol>
      <symbol id="sm-12aa">
         <name>__mspabi_divul</name>
         <value>0xa578</value>
         <object_component_ref idref="oc-918"/>
      </symbol>
      <symbol id="sm-12b3">
         <name>__mspabi_mpyi_f5hw</name>
         <value>0x13fe8</value>
         <object_component_ref idref="oc-52b"/>
      </symbol>
      <symbol id="sm-12bc">
         <name>__mspabi_mpyl_f5hw</name>
         <value>0xb57a</value>
         <object_component_ref idref="oc-92a"/>
      </symbol>
      <symbol id="sm-12c8">
         <name>__mspabi_slli</name>
         <value>0xb886</value>
         <object_component_ref idref="oc-853"/>
      </symbol>
      <symbol id="sm-12d0">
         <name>__mspabi_srll_8</name>
         <value>0xacf8</value>
         <object_component_ref idref="oc-b99"/>
      </symbol>
      <symbol id="sm-12d1">
         <name>__mspabi_srll_9</name>
         <value>0xacf4</value>
         <object_component_ref idref="oc-b99"/>
      </symbol>
      <symbol id="sm-12d2">
         <name>__mspabi_srll_6</name>
         <value>0xad00</value>
         <object_component_ref idref="oc-b99"/>
      </symbol>
      <symbol id="sm-12d3">
         <name>__mspabi_srll_7</name>
         <value>0xacfc</value>
         <object_component_ref idref="oc-b99"/>
      </symbol>
      <symbol id="sm-12d4">
         <name>__mspabi_srll_4</name>
         <value>0xad08</value>
         <object_component_ref idref="oc-b99"/>
      </symbol>
      <symbol id="sm-12d5">
         <name>__mspabi_srll_5</name>
         <value>0xad04</value>
         <object_component_ref idref="oc-b99"/>
      </symbol>
      <symbol id="sm-12d6">
         <name>__mspabi_srll_2</name>
         <value>0xad10</value>
         <object_component_ref idref="oc-b99"/>
      </symbol>
      <symbol id="sm-12d7">
         <name>__mspabi_srll_3</name>
         <value>0xad0c</value>
         <object_component_ref idref="oc-b99"/>
      </symbol>
      <symbol id="sm-12d8">
         <name>__mspabi_srll_1</name>
         <value>0xad14</value>
         <object_component_ref idref="oc-b99"/>
      </symbol>
      <symbol id="sm-12d9">
         <name>__mspabi_srll_15</name>
         <value>0xacdc</value>
         <object_component_ref idref="oc-b99"/>
      </symbol>
      <symbol id="sm-12da">
         <name>__mspabi_srll_14</name>
         <value>0xace0</value>
         <object_component_ref idref="oc-b99"/>
      </symbol>
      <symbol id="sm-12db">
         <name>__mspabi_srll_13</name>
         <value>0xace4</value>
         <object_component_ref idref="oc-b99"/>
      </symbol>
      <symbol id="sm-12dc">
         <name>__mspabi_srll_12</name>
         <value>0xace8</value>
         <object_component_ref idref="oc-b99"/>
      </symbol>
      <symbol id="sm-12dd">
         <name>__mspabi_srll_11</name>
         <value>0xacec</value>
         <object_component_ref idref="oc-b99"/>
      </symbol>
      <symbol id="sm-12de">
         <name>__mspabi_srll_10</name>
         <value>0xacf0</value>
         <object_component_ref idref="oc-b99"/>
      </symbol>
      <symbol id="sm-12e6">
         <name>_stack</name>
         <value>0x2360</value>
         <object_component_ref idref="oc-3f8"/>
      </symbol>
      <symbol id="sm-12e7">
         <name>_reset_vector</name>
         <value>0xfffe</value>
         <object_component_ref idref="oc-3fb"/>
      </symbol>
      <symbol id="sm-1309">
         <name>_auto_init_hold_wdt</name>
         <value>0x88bc</value>
         <object_component_ref idref="oc-438"/>
      </symbol>
      <symbol id="sm-1311">
         <name>__mspabi_sral_15</name>
         <value>0xac9e</value>
         <object_component_ref idref="oc-4b3"/>
      </symbol>
      <symbol id="sm-1312">
         <name>__mspabi_sral_14</name>
         <value>0xaca2</value>
         <object_component_ref idref="oc-4b3"/>
      </symbol>
      <symbol id="sm-1313">
         <name>__mspabi_sral_13</name>
         <value>0xaca6</value>
         <object_component_ref idref="oc-4b3"/>
      </symbol>
      <symbol id="sm-1314">
         <name>__mspabi_sral_12</name>
         <value>0xacaa</value>
         <object_component_ref idref="oc-4b3"/>
      </symbol>
      <symbol id="sm-1315">
         <name>__mspabi_sral_11</name>
         <value>0xacae</value>
         <object_component_ref idref="oc-4b3"/>
      </symbol>
      <symbol id="sm-1316">
         <name>__mspabi_sral_10</name>
         <value>0xacb2</value>
         <object_component_ref idref="oc-4b3"/>
      </symbol>
      <symbol id="sm-1317">
         <name>__mspabi_sral_8</name>
         <value>0xacba</value>
         <object_component_ref idref="oc-4b3"/>
      </symbol>
      <symbol id="sm-1318">
         <name>__mspabi_sral_9</name>
         <value>0xacb6</value>
         <object_component_ref idref="oc-4b3"/>
      </symbol>
      <symbol id="sm-1319">
         <name>__mspabi_sral_6</name>
         <value>0xacc2</value>
         <object_component_ref idref="oc-4b3"/>
      </symbol>
      <symbol id="sm-131a">
         <name>__mspabi_sral_7</name>
         <value>0xacbe</value>
         <object_component_ref idref="oc-4b3"/>
      </symbol>
      <symbol id="sm-131b">
         <name>__mspabi_sral_4</name>
         <value>0xacca</value>
         <object_component_ref idref="oc-4b3"/>
      </symbol>
      <symbol id="sm-131c">
         <name>__mspabi_sral_5</name>
         <value>0xacc6</value>
         <object_component_ref idref="oc-4b3"/>
      </symbol>
      <symbol id="sm-131d">
         <name>__mspabi_sral_2</name>
         <value>0xacd2</value>
         <object_component_ref idref="oc-4b3"/>
      </symbol>
      <symbol id="sm-131e">
         <name>__mspabi_sral_3</name>
         <value>0xacce</value>
         <object_component_ref idref="oc-4b3"/>
      </symbol>
      <symbol id="sm-131f">
         <name>__mspabi_sral_1</name>
         <value>0xacd6</value>
         <object_component_ref idref="oc-4b3"/>
      </symbol>
      <symbol id="sm-1329">
         <name>_c_int00_noargs_noexit</name>
         <value>0x846a</value>
         <object_component_ref idref="oc-b4"/>
      </symbol>
      <symbol id="sm-1333">
         <name>_system_post_cinit</name>
         <value>0xb904</value>
         <object_component_ref idref="oc-4b8"/>
      </symbol>
      <symbol id="sm-133d">
         <name>C$$EXIT</name>
         <value>0xb8e0</value>
         <object_component_ref idref="oc-45a"/>
      </symbol>
      <symbol id="sm-133e">
         <name>abort</name>
         <value>0xb8e0</value>
         <object_component_ref idref="oc-45a"/>
      </symbol>
      <symbol id="sm-1356">
         <name>copy_in</name>
         <value>0xa170</value>
         <object_component_ref idref="oc-4ad"/>
      </symbol>
      <symbol id="sm-1365">
         <name>memcpy</name>
         <value>0xb3c4</value>
         <object_component_ref idref="oc-407"/>
      </symbol>
      <symbol id="sm-1374">
         <name>memset</name>
         <value>0xb648</value>
         <object_component_ref idref="oc-959"/>
      </symbol>
      <symbol id="sm-1381">
         <name>strcpy</name>
         <value>0xb82e</value>
         <object_component_ref idref="oc-9f0"/>
      </symbol>
      <symbol id="sm-138e">
         <name>strlen</name>
         <value>0xb840</value>
         <object_component_ref idref="oc-9d6"/>
      </symbol>
      <symbol id="sm-139f">
         <name>strncat</name>
         <value>0xadd2</value>
         <object_component_ref idref="oc-b79"/>
      </symbol>
      <symbol id="sm-13b0">
         <name>strncmp</name>
         <value>0xaf6a</value>
         <object_component_ref idref="oc-ba9"/>
      </symbol>
      <symbol id="sm-13c1">
         <name>strncpy</name>
         <value>0xa86c</value>
         <object_component_ref idref="oc-bb6"/>
      </symbol>
      <symbol id="sm-13c6">
         <name>__TI_BINIT_Base</name>
         <value>0x0</value>
      </symbol>
      <symbol id="sm-13c7">
         <name>__TI_BINIT_Limit</name>
         <value>0x0</value>
      </symbol>
      <symbol id="sm-13c8">
         <name>__TI_INITARRAY_Base</name>
         <value>0x0</value>
      </symbol>
      <symbol id="sm-13c9">
         <name>__TI_INITARRAY_Limit</name>
         <value>0x0</value>
      </symbol>
      <symbol id="sm-13ca">
         <name>vPortSetupTimerInterrupt</name>
         <value>0xb170</value>
      </symbol>
   </symbol_table>
   <title>Link successful</title>
</link_info>
